<html>
<body>
<pre>
<h1>µVision Build Log</h1>
<h2>Tool Versions:</h2>
IDE-Version: •ÏVision V5.24.2.0
Copyright (C) 2017 ARM Ltd and ARM Germany GmbH. All rights reserved.
License Information: fi fi, fi, LIC=----
 
Tool Versions:
Toolchain:       MDK-Lite  Version: 5.24.1
Toolchain Path:  C:\Keil_v5\ARM\ARMCC\Bin
C Compiler:      Armcc.exe V5.06 update 5 (build 528)
Assembler:       Armasm.exe V5.06 update 5 (build 528)
Linker/Locator:  ArmLink.exe V5.06 update 5 (build 528)
Library Manager: ArmAr.exe V5.06 update 5 (build 528)
Hex Converter:   FromElf.exe V5.06 update 5 (build 528)
CPU DLL:         SARMCM3.DLL V5.24.1
Dialog DLL:      DCM.DLL V1.16.0.0
Target DLL:      UL2CM3.DLL V1.160.3.0
Dialog DLL:      TCM.DLL V1.32.0.0
 
<h2>Project:</h2>
C:\Users\JH\Desktop\¡ﬂø‰«— πŸ≈¡»≠∏È\c_roomcon_keil\c_roomcon_keil.uvprojx
Project File Date:  09/21/2018

<h2>Output:</h2>
*** Using Compiler 'V5.06 update 5 (build 528)', folder: 'C:\Keil_v5\ARM\ARMCC\Bin'
Rebuild target 'Target 1'
compiling retarget_io.c...
compiling spi.c...
spi.h(19): warning:  #1295-D: Deprecated declaration SPIx_Init - give arg types
  void SPIx_Init();
spi.h(21): warning:  #1295-D: Deprecated declaration SPIx_EnableSlave - give arg types
  void SPIx_EnableSlave();
spi.h(22): warning:  #1295-D: Deprecated declaration SPIx_DisableSlave - give arg types
  void SPIx_DisableSlave();
spi.c: 3 warnings, 0 errors
compiling myTimer.c...
myTimer.h(13): warning:  #1295-D: Deprecated declaration SysTick_Handler - give arg types
  void SysTick_Handler();
myTimer.h(15): warning:  #1295-D: Deprecated declaration millis - give arg types
  uint32_t millis();
myTimer.c(19): warning:  #9-D: nested comment is not allowed
  	/*for more accuracy irq priority should be higher, but now its default*/
myTimer.c(5): warning:  #177-D: variable "timerInitStructure"  was declared but never referenced
  	TIM_TimeBaseInitTypeDef timerInitStructure;
myTimer.c: 4 warnings, 0 errors
compiling inDatagram_STM.c...
spi.h(19): warning:  #1295-D: Deprecated declaration SPIx_Init - give arg types
  void SPIx_Init();
spi.h(21): warning:  #1295-D: Deprecated declaration SPIx_EnableSlave - give arg types
  void SPIx_EnableSlave();
spi.h(22): warning:  #1295-D: Deprecated declaration SPIx_DisableSlave - give arg types
  void SPIx_DisableSlave();
printf.h(21): warning:  #1-D: last line of file ends without a newline
  void PrintfInit(void);	
myTimer.h(13): warning:  #1295-D: Deprecated declaration SysTick_Handler - give arg types
  void SysTick_Handler();
myTimer.h(15): warning:  #1295-D: Deprecated declaration millis - give arg types
  uint32_t millis();
incc1120.h(326): warning:  #1295-D: Deprecated declaration e_setTxPowerTo5mW - give arg types
  void e_setTxPowerTo5mW();
incc1120.h(330): warning:  #1295-D: Deprecated declaration e_headerFrom - give arg types
  uint8_t  e_headerFrom(); //  
incc1120.h(331): warning:  #1295-D: Deprecated declaration e_headerTo - give arg types
  uint8_t  e_headerTo();  // return _rxHeaderTo  
incc1120.h(332): warning:  #1295-D: Deprecated declaration e_headerMaster - give arg types
  uint8_t  e_headerMaster();
incc1120.h(333): warning:  #1295-D: Deprecated declaration e_headerType - give arg types
  uint8_t  e_headerType();
incc1120.h(335): warning:  #1295-D: Deprecated declaration e_ManualCalibration - give arg types
  void e_ManualCalibration();
incc1120.h(337): warning:  #1295-D: Deprecated declaration e_PrintChannel - give arg types
  void e_PrintChannel();
incc1120.h(338): warning:  #1295-D: Deprecated declaration e_DisableLNA - give arg types
  void e_DisableLNA();
incc1120.h(339): warning:  #1295-D: Deprecated declaration e_EnableLNA - give arg types
  void e_EnableLNA();
inDatagram_STM.h(95): warning:  #1295-D: Deprecated declaration DGheaderTo - give arg types
  uint8_t        DGheaderTo();
inDatagram_STM.h(96): warning:  #1295-D: Deprecated declaration DGheaderFrom - give arg types
  uint8_t        DGheaderFrom();
inDatagram_STM.h(97): warning:  #1295-D: Deprecated declaration DGheaderMaster - give arg types
  uint8_t        DGheaderMaster();
inDatagram_STM.h(98): warning:  #1295-D: Deprecated declaration DGheaderType - give arg types
  uint8_t        DGheaderType();
inDatagram_STM.h(100): warning:  #1295-D: Deprecated declaration DGgetThisAddress - give arg types
  uint8_t		   DGgetThisAddress();
inDatagram_STM.h(101): warning:  #1295-D: Deprecated declaration DGgetMasterNumber - give arg types
  uint8_t        DGgetMasterNumber();
inDatagram_STM.h(103): warning:  #1295-D: Deprecated declaration DGavailable - give arg types
  bool           DGavailable();
inDatagram_STM.h(112): warning:  #1295-D: Deprecated declaration DGprintRecvPacketHeader - give arg types
  void DGprintRecvPacketHeader();
inDatagram_STM.c(18): warning:  #68-D: integer conversion resulted in a change of sign
  	DGsendingTime = -60000;
inDatagram_STM.c(107): warning:  #1293-D: assignment in condition
  	if (size = e_ReceiveData(buf))
inDatagram_STM.c(175): warning:  #1-D: last line of file ends without a newline
  }
inDatagram_STM.c: 26 warnings, 0 errors
compiling printf.c...
printf.h(21): warning:  #1-D: last line of file ends without a newline
  void PrintfInit(void);	
printf.c(63): warning:  #1-D: last line of file ends without a newline
  }
printf.c: 2 warnings, 0 errors
compiling main.c...
spi.h(19): warning:  #1295-D: Deprecated declaration SPIx_Init - give arg types
  void SPIx_Init();
spi.h(21): warning:  #1295-D: Deprecated declaration SPIx_EnableSlave - give arg types
  void SPIx_EnableSlave();
spi.h(22): warning:  #1295-D: Deprecated declaration SPIx_DisableSlave - give arg types
  void SPIx_DisableSlave();
printf.h(21): warning:  #1-D: last line of file ends without a newline
  void PrintfInit(void);	
myTimer.h(13): warning:  #1295-D: Deprecated declaration SysTick_Handler - give arg types
  void SysTick_Handler();
myTimer.h(15): warning:  #1295-D: Deprecated declaration millis - give arg types
  uint32_t millis();
incc1120.h(326): warning:  #1295-D: Deprecated declaration e_setTxPowerTo5mW - give arg types
  void e_setTxPowerTo5mW();
incc1120.h(330): warning:  #1295-D: Deprecated declaration e_headerFrom - give arg types
  uint8_t  e_headerFrom(); //  
incc1120.h(331): warning:  #1295-D: Deprecated declaration e_headerTo - give arg types
  uint8_t  e_headerTo();  // return _rxHeaderTo  
incc1120.h(332): warning:  #1295-D: Deprecated declaration e_headerMaster - give arg types
  uint8_t  e_headerMaster();
incc1120.h(333): warning:  #1295-D: Deprecated declaration e_headerType - give arg types
  uint8_t  e_headerType();
incc1120.h(335): warning:  #1295-D: Deprecated declaration e_ManualCalibration - give arg types
  void e_ManualCalibration();
incc1120.h(337): warning:  #1295-D: Deprecated declaration e_PrintChannel - give arg types
  void e_PrintChannel();
incc1120.h(338): warning:  #1295-D: Deprecated declaration e_DisableLNA - give arg types
  void e_DisableLNA();
incc1120.h(339): warning:  #1295-D: Deprecated declaration e_EnableLNA - give arg types
  void e_EnableLNA();
inDatagram_STM.h(95): warning:  #1295-D: Deprecated declaration DGheaderTo - give arg types
  uint8_t        DGheaderTo();
inDatagram_STM.h(96): warning:  #1295-D: Deprecated declaration DGheaderFrom - give arg types
  uint8_t        DGheaderFrom();
inDatagram_STM.h(97): warning:  #1295-D: Deprecated declaration DGheaderMaster - give arg types
  uint8_t        DGheaderMaster();
inDatagram_STM.h(98): warning:  #1295-D: Deprecated declaration DGheaderType - give arg types
  uint8_t        DGheaderType();
inDatagram_STM.h(100): warning:  #1295-D: Deprecated declaration DGgetThisAddress - give arg types
  uint8_t		   DGgetThisAddress();
inDatagram_STM.h(101): warning:  #1295-D: Deprecated declaration DGgetMasterNumber - give arg types
  uint8_t        DGgetMasterNumber();
inDatagram_STM.h(103): warning:  #1295-D: Deprecated declaration DGavailable - give arg types
  bool           DGavailable();
inDatagram_STM.h(112): warning:  #1295-D: Deprecated declaration DGprintRecvPacketHeader - give arg types
  void DGprintRecvPacketHeader();
main.c(40): warning:  #1295-D: Deprecated declaration receiveFromRC - give arg types
  void receiveFromRC();
main.c(43): warning:  #1295-D: Deprecated declaration send_and_wait_for_scan - give arg types
  void send_and_wait_for_scan();
main.c(82): warning:  #167-D: argument of type "volatile uint8_t *" is incompatible with parameter of type "uint8_t *"
  			if(DGrecvData(DGtemp_buf))
main.c(96): warning:  #167-D: argument of type "volatile uint8_t *" is incompatible with parameter of type "uint8_t *"
  						DGsend(_thisAddress, _rxHeaderFrom, master_number, 
CK, DGtemp_buf, sizeof(DGtemp_buf));
main.c(127): warning:  #167-D: argument of type "volatile uint8_t *" is incompatible with parameter of type "uint8_t *"
  						DGsendToWaitAck(_thisAddress, 0x01, master_number, 
CAN_FINISH_TO_MASTER, DGtemp_buf, sizeof(DGtemp_buf), 2000);              
main.c(145): warning:  #167-D: argument of type "volatile uint8_t *" is incompatible with parameter of type "uint8_t *"
  						DGsend(_thisAddress, _rxHeaderFrom, master_number, 
CK, DGtemp_buf, sizeof(DGtemp_buf));
main.c(156): warning:  #167-D: argument of type "volatile uint8_t *" is incompatible with parameter of type "uint8_t *"
  						DGsendToWaitAck(_thisAddress, 0xFF, master_number, 
W_CONTROL_TO_SLAVE, DGtemp_buf, sizeof(DGtemp_buf), 2000);
main.c(172): warning:  #167-D: argument of type "volatile uint8_t *" is incompatible with parameter of type "uint8_t *"
  				DGsendToWaitAck(_thisAddress, 0xFF, master_number, 
C_CONTROL_TO_SLAVE, DGtemp_buf, sizeof(DGtemp_buf), 70);
main.c(181): warning:  #167-D: argument of type "volatile uint8_t *" is incompatible with parameter of type "uint8_t *"
    DGsend(_thisAddress, 1, master_number, 
CAN_REQUEST_TO_SLAVE, DGtemp_buf, sizeof(DGtemp_buf));
main.c(190): warning:  #167-D: argument of type "volatile uint8_t *" is incompatible with parameter of type "uint8_t *"
        if(DGrecvData(DGtemp_buf))
main.c(397): warning:  #1-D: last line of file ends without a newline
  }
main.c: 34 warnings, 0 errors
compiling misc.c...
compiling incc1120.c...
spi.h(19): warning:  #1295-D: Deprecated declaration SPIx_Init - give arg types
  void SPIx_Init();
spi.h(21): warning:  #1295-D: Deprecated declaration SPIx_EnableSlave - give arg types
  void SPIx_EnableSlave();
spi.h(22): warning:  #1295-D: Deprecated declaration SPIx_DisableSlave - give arg types
  void SPIx_DisableSlave();
printf.h(21): warning:  #1-D: last line of file ends without a newline
  void PrintfInit(void);	
myTimer.h(13): warning:  #1295-D: Deprecated declaration SysTick_Handler - give arg types
  void SysTick_Handler();
myTimer.h(15): warning:  #1295-D: Deprecated declaration millis - give arg types
  uint32_t millis();
incc1120.h(326): warning:  #1295-D: Deprecated declaration e_setTxPowerTo5mW - give arg types
  void e_setTxPowerTo5mW();
incc1120.h(330): warning:  #1295-D: Deprecated declaration e_headerFrom - give arg types
  uint8_t  e_headerFrom(); //  
incc1120.h(331): warning:  #1295-D: Deprecated declaration e_headerTo - give arg types
  uint8_t  e_headerTo();  // return _rxHeaderTo  
incc1120.h(332): warning:  #1295-D: Deprecated declaration e_headerMaster - give arg types
  uint8_t  e_headerMaster();
incc1120.h(333): warning:  #1295-D: Deprecated declaration e_headerType - give arg types
  uint8_t  e_headerType();
incc1120.h(335): warning:  #1295-D: Deprecated declaration e_ManualCalibration - give arg types
  void e_ManualCalibration();
incc1120.h(337): warning:  #1295-D: Deprecated declaration e_PrintChannel - give arg types
  void e_PrintChannel();
incc1120.h(338): warning:  #1295-D: Deprecated declaration e_DisableLNA - give arg types
  void e_DisableLNA();
incc1120.h(339): warning:  #1295-D: Deprecated declaration e_EnableLNA - give arg types
  void e_EnableLNA();
incc1120.c(253): warning:  #940-D: missing return statement at end of non-void function "e_SpiReadReg" 
  }
incc1120.c(331): warning:  #940-D: missing return statement at end of non-void function "e_SpiReadStatus" 
  }
incc1120.c(494): warning:  #550-D: variable "reserved"  was set but never used
  	uint8_t reserved;
incc1120.c(531): warning:  #550-D: variable "lqi"  was set but never used
  	signed char lqi;
incc1120.c(532): warning:  #550-D: variable "crc"  was set but never used
  	uint8_t crc;
incc1120.c(809): warning:  #940-D: missing return statement at end of non-void function "e_setSyncWords" 
  }
incc1120.c: 21 warnings, 0 errors
compiling stm32f10x_gpio.c...
compiling stm32f10x_rcc.c...
compiling stm32f10x_rtc.c...
compiling stm32f10x_spi.c...
assembling startup_stm32f10x_md.s...
compiling stm32f10x_usart.c...
compiling DMA_STM32F10x.c...
compiling stm32f10x_tim.c...
compiling GPIO_STM32F10x.c...
compiling system_stm32f10x.c...
linking...
Program Size: Code=13516 RO-data=472 RW-data=148 ZI-data=2324  
FromELF: creating hex file...
".\Objects\c_roomcon_keil.axf" - 0 Error(s), 90 Warning(s).

<h2>Software Packages used:</h2>

Package Vendor: ARM
                http://www.keil.com/pack/ARM.CMSIS.5.0.1.pack
                ARM.CMSIS.5.0.1
                CMSIS (Cortex Microcontroller Software Interface Standard)
   * Component: CORE Version: 5.0.1

Package Vendor: Keil
                http://www.keil.com/pack/Keil.ARM_Compiler.1.3.1.pack
                Keil.ARM_Compiler.1.3.1
                Keil ARM Compiler extensions for ARM Compiler 5 and ARM Compiler 6
   * Component: STDOUT Variant: ITM Version: 1.2.0
   * Component: STDIN Variant: ITM Version: 1.2.0
   * Component: STDERR Variant: ITM Version: 1.2.0

Package Vendor: Keil
                http://www.keil.com/pack/Keil.STM32F1xx_DFP.2.2.0.pack
                Keil.STM32F1xx_DFP.2.2.0
                STMicroelectronics STM32F1 Series Device Support, Drivers and Examples
   * Component: USART Version: 3.5.0
   * Component: TIM Version: 3.5.0
   * Component: SPI Version: 3.5.0
   * Component: RTC Version: 3.5.0
   * Component: RCC Version: 3.5.0
   * Component: GPIO Version: 3.5.0
   * Component: Framework Version: 3.5.1
   * Component: Startup Version: 1.0.0
   * Component: GPIO Version: 1.3
   * Component: DMA Version: 1.2

<h2>Collection of Component include folders:</h2>
  .\RTE\Device\STM32F103C8
  .\RTE\_Target_1
  C:\Keil_v5\ARM\PACK\ARM\CMSIS\5.0.1\CMSIS\Include
  C:\Keil_v5\ARM\PACK\Keil\STM32F1xx_DFP\2.2.0\Device\Include
  C:\Keil_v5\ARM\PACK\Keil\STM32F1xx_DFP\2.2.0\Device\StdPeriph_Driver\inc
  C:\Keil_v5\ARM\PACK\Keil\STM32F1xx_DFP\2.2.0\RTE_Driver

<h2>Collection of Component Files used:</h2>

   * Component: Keil::Device:StdPeriph Drivers:USART:3.5.0
      Source file:   Device\StdPeriph_Driver\src\stm32f10x_usart.c
      Include file:  Device\StdPeriph_Driver\inc\stm32f10x_usart.h

   * Component: Keil::Device:StdPeriph Drivers:TIM:3.5.0
      Include file:  Device\StdPeriph_Driver\inc\stm32f10x_tim.h
      Source file:   Device\StdPeriph_Driver\src\stm32f10x_tim.c

   * Component: Keil::Device:StdPeriph Drivers:SPI:3.5.0
      Include file:  Device\StdPeriph_Driver\inc\stm32f10x_spi.h
      Source file:   Device\StdPeriph_Driver\src\stm32f10x_spi.c

   * Component: Keil::Device:StdPeriph Drivers:RTC:3.5.0
      Source file:   Device\StdPeriph_Driver\src\stm32f10x_rtc.c
      Include file:  Device\StdPeriph_Driver\inc\stm32f10x_rtc.h

   * Component: Keil::Device:StdPeriph Drivers:RCC:3.5.0
      Include file:  Device\StdPeriph_Driver\inc\stm32f10x_rcc.h
      Source file:   Device\StdPeriph_Driver\src\stm32f10x_rcc.c

   * Component: Keil::Device:StdPeriph Drivers:GPIO:3.5.0
      Include file:  Device\StdPeriph_Driver\inc\stm32f10x_gpio.h
      Source file:   Device\StdPeriph_Driver\src\stm32f10x_gpio.c

   * Component: Keil::Device:StdPeriph Drivers:Framework:3.5.1
      Include file:  Device\StdPeriph_Driver\inc\misc.h
      Source file:   Device\StdPeriph_Driver\src\misc.c
      Source file:   Device\StdPeriph_Driver\templates\stm32f10x_it.c
      Include file:  Device\StdPeriph_Driver\templates\stm32f10x_it.h
      Source file:   Device\StdPeriph_Driver\templates\stm32f10x_conf.h

   * Component: Keil::Device:Startup:1.0.0
      Source file:   Device\Source\ARM\startup_stm32f10x_md.s
      Source file:   Device\Source\ARM\STM32F1xx_OPT.s
      Include file:  RTE_Driver\Config\RTE_Device.h
      Source file:   Device\Source\system_stm32f10x.c

   * Component: Keil::Device:GPIO:1.3
      Source file:   RTE_Driver\GPIO_STM32F10x.c
      Include file:  RTE_Driver\GPIO_STM32F10x.h

   * Component: Keil::Device:DMA:1.2
      Include file:  RTE_Driver\DMA_STM32F10x.h
      Source file:   RTE_Driver\DMA_STM32F10x.c

   * Component: Keil.ARM Compiler::Compiler:I/O:STDOUT:ITM:1.2.0
      Source file:   Source\retarget_io.c

   * Component: Keil.ARM Compiler::Compiler:I/O:STDIN:ITM:1.2.0
      Source file:   Source\retarget_io.c

   * Component: Keil.ARM Compiler::Compiler:I/O:STDERR:ITM:1.2.0
      Source file:   Source\retarget_io.c

   * Component: ARM::CMSIS:CORE:5.0.1
Build Time Elapsed:  00:00:02
</pre>
</body>
</html>
