Component: ARM Compiler 5.06 update 5 (build 528) Tool: armlink [4d35e2]

==============================================================================

Section Cross References

    incc1120.o(i.CRCC) refers to incc1120.o(i.culCalcCRC) for culCalcCRC
    incc1120.o(i.e_CheckReceiveFlag) refers to incc1120.o(i.e_SpiStrobe) for e_SpiStrobe
    incc1120.o(i.e_CheckReceiveFlag) refers to stm32f10x_gpio.o(i.GPIO_ReadInputDataBit) for GPIO_ReadInputDataBit
    incc1120.o(i.e_DisableLNA) refers to stm32f10x_gpio.o(i.GPIO_ResetBits) for GPIO_ResetBits
    incc1120.o(i.e_EnableLNA) refers to stm32f10x_gpio.o(i.GPIO_ResetBits) for GPIO_ResetBits
    incc1120.o(i.e_EnableLNA) refers to stm32f10x_gpio.o(i.GPIO_SetBits) for GPIO_SetBits
    incc1120.o(i.e_GDO_Set) refers to stm32f10x_gpio.o(i.GPIO_Init) for GPIO_Init
    incc1120.o(i.e_GDO_Set) refers to stm32f10x_gpio.o(i.GPIO_SetBits) for GPIO_SetBits
    incc1120.o(i.e_Init) refers to printf.o(i.PrintfInit) for PrintfInit
    incc1120.o(i.e_Init) refers to mytimer.o(i.MyTimerInit) for MyTimerInit
    incc1120.o(i.e_Init) refers to incc1120.o(i.e_SpiInit) for e_SpiInit
    incc1120.o(i.e_Init) refers to incc1120.o(i.e_GDO_Set) for e_GDO_Set
    incc1120.o(i.e_Init) refers to stm32f10x_gpio.o(i.GPIO_SetBits) for GPIO_SetBits
    incc1120.o(i.e_Init) refers to stm32f10x_gpio.o(i.GPIO_ResetBits) for GPIO_ResetBits
    incc1120.o(i.e_Init) refers to incc1120.o(i.e_EnableLNA) for e_EnableLNA
    incc1120.o(i.e_Init) refers to incc1120.o(i.e_Reset) for e_Reset
    incc1120.o(i.e_Init) refers to incc1120.o(i.e_RegConfigSettings) for e_RegConfigSettings
    incc1120.o(i.e_Init) refers to incc1120.o(.data) for e_thisAddress
    incc1120.o(i.e_ManualCalibration) refers to incc1120.o(i.e_SpiWriteReg) for e_SpiWriteReg
    incc1120.o(i.e_ManualCalibration) refers to incc1120.o(i.e_SpiReadReg) for e_SpiReadReg
    incc1120.o(i.e_ManualCalibration) refers to incc1120.o(i.e_SpiStrobe) for e_SpiStrobe
    incc1120.o(i.e_PrintChannel) refers to _printf_percent.o(.ARM.Collect$$_printf_percent$$00000000) for _printf_percent
    incc1120.o(i.e_PrintChannel) refers to _printf_d.o(.ARM.Collect$$_printf_percent$$00000009) for _printf_d
    incc1120.o(i.e_PrintChannel) refers to _printf_dec.o(.text) for _printf_int_dec
    incc1120.o(i.e_PrintChannel) refers to _printf_x.o(.ARM.Collect$$_printf_percent$$0000000C) for _printf_x
    incc1120.o(i.e_PrintChannel) refers to _printf_hex_int.o(.text) for _printf_longlong_hex
    incc1120.o(i.e_PrintChannel) refers to dflt_clz.o(x$fpl$dflt) for __aeabi_i2d
    incc1120.o(i.e_PrintChannel) refers to dmul.o(x$fpl$dmul) for __aeabi_dmul
    incc1120.o(i.e_PrintChannel) refers to f2d.o(x$fpl$f2d) for __aeabi_f2d
    incc1120.o(i.e_PrintChannel) refers to daddsub_clz.o(x$fpl$dadd) for __aeabi_dadd
    incc1120.o(i.e_PrintChannel) refers to d2f.o(x$fpl$d2f) for __aeabi_d2f
    incc1120.o(i.e_PrintChannel) refers to fmul.o(x$fpl$fmul) for __aeabi_fmul
    incc1120.o(i.e_PrintChannel) refers to fdiv.o(x$fpl$fdiv) for __aeabi_fdiv
    incc1120.o(i.e_PrintChannel) refers to ffix.o(x$fpl$ffix) for __aeabi_f2iz
    incc1120.o(i.e_PrintChannel) refers to noretval__2printf.o(.text) for __2printf
    incc1120.o(i.e_Read8BitRssi) refers to incc1120.o(i.e_SpiReadReg) for e_SpiReadReg
    incc1120.o(i.e_ReceiveData) refers to _printf_percent.o(.ARM.Collect$$_printf_percent$$00000000) for _printf_percent
    incc1120.o(i.e_ReceiveData) refers to _printf_d.o(.ARM.Collect$$_printf_percent$$00000009) for _printf_d
    incc1120.o(i.e_ReceiveData) refers to _printf_dec.o(.text) for _printf_int_dec
    incc1120.o(i.e_ReceiveData) refers to _printf_x.o(.ARM.Collect$$_printf_percent$$0000000C) for _printf_x
    incc1120.o(i.e_ReceiveData) refers to _printf_hex_int.o(.text) for _printf_longlong_hex
    incc1120.o(i.e_ReceiveData) refers to noretval__2printf.o(.text) for __2printf
    incc1120.o(i.e_ReceiveData) refers to incc1120.o(i.e_SpiReadReg) for e_SpiReadReg
    incc1120.o(i.e_ReceiveData) refers to mytimer.o(i.delay) for delay
    incc1120.o(i.e_ReceiveData) refers to incc1120.o(i.e_SpiStrobe) for e_SpiStrobe
    incc1120.o(i.e_ReceiveData) refers to incc1120.o(i.e_SpiReadBurstReg) for e_SpiReadBurstReg
    incc1120.o(i.e_ReceiveData) refers to incc1120.o(i.rssi_dbm) for rssi_dbm
    incc1120.o(i.e_ReceiveData) refers to incc1120.o(i.e_Read8BitRssi) for e_Read8BitRssi
    incc1120.o(i.e_ReceiveData) refers to mytimer.o(i.millis) for millis
    incc1120.o(i.e_ReceiveData) refers to rt_memcpy_v6.o(.text) for __aeabi_memcpy
    incc1120.o(i.e_ReceiveData) refers to incc1120.o(.data) for e_rssi
    incc1120.o(i.e_ReceiveData) refers to incc1120.o(.conststring) for .conststring
    incc1120.o(i.e_RegConfigSettings) refers to incc1120.o(i.e_SpiWriteReg) for e_SpiWriteReg
    incc1120.o(i.e_RegConfigSettings) refers to incc1120.o(i.e_SetChannel) for e_SetChannel
    incc1120.o(i.e_Reset) refers to stm32f10x_gpio.o(i.GPIO_ResetBits) for GPIO_ResetBits
[...]
    i.DMA1_Channel1_Event                    0x08001038   Section        0  dma_stm32f10x.o(i.DMA1_Channel1_Event)
    i.DMA1_Channel1_IRQHandler               0x0800103c   Section        0  dma_stm32f10x.o(i.DMA1_Channel1_IRQHandler)
    i.DMA1_Channel2_Event                    0x08001058   Section        0  dma_stm32f10x.o(i.DMA1_Channel2_Event)
    i.DMA1_Channel2_IRQHandler               0x0800105c   Section        0  dma_stm32f10x.o(i.DMA1_Channel2_IRQHandler)
    i.DMA1_Channel3_Event                    0x08001078   Section        0  dma_stm32f10x.o(i.DMA1_Channel3_Event)
    i.DMA1_Channel3_IRQHandler               0x0800107c   Section        0  dma_stm32f10x.o(i.DMA1_Channel3_IRQHandler)
    i.DMA1_Channel4_Event                    0x08001098   Section        0  dma_stm32f10x.o(i.DMA1_Channel4_Event)
    i.DMA1_Channel4_IRQHandler               0x0800109c   Section        0  dma_stm32f10x.o(i.DMA1_Channel4_IRQHandler)
    i.DMA1_Channel5_Event                    0x080010b8   Section        0  dma_stm32f10x.o(i.DMA1_Channel5_Event)
    i.DMA1_Channel5_IRQHandler               0x080010bc   Section        0  dma_stm32f10x.o(i.DMA1_Channel5_IRQHandler)
    i.DMA1_Channel6_Event                    0x080010d8   Section        0  dma_stm32f10x.o(i.DMA1_Channel6_Event)
    i.DMA1_Channel6_IRQHandler               0x080010dc   Section        0  dma_stm32f10x.o(i.DMA1_Channel6_IRQHandler)
    i.DMA1_Channel7_Event                    0x080010f8   Section        0  dma_stm32f10x.o(i.DMA1_Channel7_Event)
    i.DMA1_Channel7_IRQHandler               0x080010fc   Section        0  dma_stm32f10x.o(i.DMA1_Channel7_IRQHandler)
    i.GPIO_Configuration                     0x08001118   Section        0  main.o(i.GPIO_Configuration)
    i.GPIO_Init                              0x08001168   Section        0  stm32f10x_gpio.o(i.GPIO_Init)
    i.GPIO_ReadInputDataBit                  0x0800127e   Section        0  stm32f10x_gpio.o(i.GPIO_ReadInputDataBit)
    i.GPIO_ResetBits                         0x08001290   Section        0  stm32f10x_gpio.o(i.GPIO_ResetBits)
    i.GPIO_SetBits                           0x08001294   Section        0  stm32f10x_gpio.o(i.GPIO_SetBits)
    i.ITM_SendChar                           0x08001298   Section        0  retarget_io.o(i.ITM_SendChar)
    i.MyTimerInit                            0x080012c8   Section        0  mytimer.o(i.MyTimerInit)
    i.NVIC_Configuration                     0x08001328   Section        0  main.o(i.NVIC_Configuration)
    i.NVIC_Init                              0x0800134c   Section        0  misc.o(i.NVIC_Init)
    i.NVIC_PriorityGroupConfig               0x080013bc   Section        0  misc.o(i.NVIC_PriorityGroupConfig)
    i.PrintfInit                             0x080013d0   Section        0  printf.o(i.PrintfInit)
    i.RCC_APB1PeriphClockCmd                 0x08001454   Section        0  stm32f10x_rcc.o(i.RCC_APB1PeriphClockCmd)
    i.RCC_APB2PeriphClockCmd                 0x08001474   Section        0  stm32f10x_rcc.o(i.RCC_APB2PeriphClockCmd)
    i.RCC_Configuration                      0x08001494   Section        0  main.o(i.RCC_Configuration)
    i.RCC_GetClocksFreq                      0x080014a0   Section        0  stm32f10x_rcc.o(i.RCC_GetClocksFreq)
    i.SPI_Cmd                                0x08001574   Section        0  stm32f10x_spi.o(i.SPI_Cmd)
    i.SPI_Init                               0x0800158c   Section        0  stm32f10x_spi.o(i.SPI_Init)
    i.SPIx_DisableSlave                      0x080015c8   Section        0  spi.o(i.SPIx_DisableSlave)
    i.SPIx_Init                              0x080015d4   Section        0  spi.o(i.SPIx_Init)
    i.SPIx_Transfer                          0x08001668   Section        0  spi.o(i.SPIx_Transfer)
    i.SetSysClock                            0x080016a4   Section        0  system_stm32f10x.o(i.SetSysClock)
    SetSysClock                              0x080016a5   Thumb Code     8  system_stm32f10x.o(i.SetSysClock)
    i.SetSysClockTo72                        0x080016ac   Section        0  system_stm32f10x.o(i.SetSysClockTo72)
    SetSysClockTo72                          0x080016ad   Thumb Code   214  system_stm32f10x.o(i.SetSysClockTo72)
    i.SysTick_Handler                        0x0800178c   Section        0  mytimer.o(i.SysTick_Handler)
    i.SystemInit                             0x0800179c   Section        0  system_stm32f10x.o(i.SystemInit)
    i.TIM2_IRQHandler                        0x080017fc   Section        0  mytimer.o(i.TIM2_IRQHandler)
    i.TIM_ClearITPendingBit                  0x08001812   Section        0  stm32f10x_tim.o(i.TIM_ClearITPendingBit)
    i.TIM_GetITStatus                        0x08001818   Section        0  stm32f10x_tim.o(i.TIM_GetITStatus)
    i.USART2_IRQHandler                      0x0800183c   Section        0  main.o(i.USART2_IRQHandler)
    i.USART_ClearITPendingBit                0x080019e8   Section        0  stm32f10x_usart.o(i.USART_ClearITPendingBit)
    i.USART_Cmd                              0x08001a06   Section        0  stm32f10x_usart.o(i.USART_Cmd)
    i.USART_GetFlagStatus                    0x08001a1e   Section        0  stm32f10x_usart.o(i.USART_GetFlagStatus)
    i.USART_GetITStatus                      0x08001a38   Section        0  stm32f10x_usart.o(i.USART_GetITStatus)
    i.USART_ITConfig                         0x08001a8c   Section        0  stm32f10x_usart.o(i.USART_ITConfig)
    i.USART_Init                             0x08001ad8   Section        0  stm32f10x_usart.o(i.USART_Init)
    i.USART_ReceiveData                      0x08001bb0   Section        0  stm32f10x_usart.o(i.USART_ReceiveData)
    i.USART_SendData                         0x08001bba   Section        0  stm32f10x_usart.o(i.USART_SendData)
    i._sys_close                             0x08001bc2   Section        0  retarget_io.o(i._sys_close)
    i._sys_flen                              0x08001be8   Section        0  retarget_io.o(i._sys_flen)
    i._sys_istty                             0x08001c0c   Section        0  retarget_io.o(i._sys_istty)
    i._sys_open                              0x08001c30   Section        0  retarget_io.o(i._sys_open)
    i._sys_seek                              0x08001c98   Section        0  retarget_io.o(i._sys_seek)
    i._sys_write                             0x08001cc4   Section        0  retarget_io.o(i._sys_write)
    i.delay                                  0x08001d1c   Section        0  mytimer.o(i.delay)
    i.e_CheckReceiveFlag                     0x08001d34   Section        0  incc1120.o(i.e_CheckReceiveFlag)
    i.e_DisableLNA                           0x08001d68   Section        0  incc1120.o(i.e_DisableLNA)
    i.e_EnableLNA                            0x08001d80   Section        0  incc1120.o(i.e_EnableLNA)
    i.e_GDO_Set                              0x08001d98   Section        0  incc1120.o(i.e_GDO_Set)
    i.e_Init                                 0x08001dc8   Section        0  incc1120.o(i.e_Init)
    i.e_Read8BitRssi                         0x08001e3c   Section        0  incc1120.o(i.e_Read8BitRssi)
    i.e_ReceiveData                          0x08001e6c   Section        0  incc1120.o(i.e_ReceiveData)
    i.e_RegConfigSettings                    0x080020d8   Section        0  incc1120.o(i.e_RegConfigSettings)
    i.e_Reset                                0x0800225c   Section        0  incc1120.o(i.e_Reset)
    i.e_SendData                             0x080022d4   Section        0  incc1120.o(i.e_SendData)
    i.e_SetChannel                           0x0800240c   Section        0  incc1120.o(i.e_SetChannel)
    i.e_SetReceive                           0x080024dc   Section        0  incc1120.o(i.e_SetReceive)
    i.e_SpiInit                              0x08002520   Section        0  incc1120.o(i.e_SpiInit)
    i.e_SpiReadBurstReg                      0x0800258c   Section        0  incc1120.o(i.e_SpiReadBurstReg)
    i.e_SpiReadReg                           0x08002634   Section        0  incc1120.o(i.e_SpiReadReg)
    i.e_SpiStrobe                            0x080026bc   Section        0  incc1120.o(i.e_SpiStrobe)
    i.e_SpiWriteBurstReg                     0x080026f0   Section        0  incc1120.o(i.e_SpiWriteBurstReg)
    i.e_SpiWriteReg                          0x0800273c   Section        0  incc1120.o(i.e_SpiWriteReg)
    i.e_headerFrom                           0x080027b8   Section        0  incc1120.o(i.e_headerFrom)
    i.e_headerMaster                         0x080027c4   Section        0  incc1120.o(i.e_headerMaster)
    i.e_headerTo                             0x080027d0   Section        0  incc1120.o(i.e_headerTo)
    i.e_headerType                           0x080027dc   Section        0  incc1120.o(i.e_headerType)
    i.e_setHeaderFrom                        0x080027e8   Section        0  incc1120.o(i.e_setHeaderFrom)
    i.e_setHeaderMaster                      0x080027f4   Section        0  incc1120.o(i.e_setHeaderMaster)
    i.e_setHeaderTo                          0x08002800   Section        0  incc1120.o(i.e_setHeaderTo)
    i.e_setHeaderType                        0x0800280c   Section        0  incc1120.o(i.e_setHeaderType)
    i.e_setThisAddress                       0x08002818   Section        0  incc1120.o(i.e_setThisAddress)
    i.fputc                                  0x08002824   Section        0  printf.o(i.fputc)
    i.main                                   0x08002848   Section        0  main.o(i.main)
    i.millis                                 0x08002b1c   Section        0  mytimer.o(i.millis)
    i.rssi_dbm                               0x08002b28   Section        0  incc1120.o(i.rssi_dbm)
    rssi_dbm                                 0x08002b29   Thumb Code    40  incc1120.o(i.rssi_dbm)
    i.send_and_wait_for_scan                 0x08002b50   Section        0  main.o(i.send_and_wait_for_scan)
    i.stderr_putchar                         0x08002c40   Section        0  retarget_io.o(i.stderr_putchar)
    stderr_putchar                           0x08002c41   Thumb Code    12  retarget_io.o(i.stderr_putchar)
    i.stdout_putchar                         0x08002c4c   Section        0  retarget_io.o(i.stdout_putchar)
    stdout_putchar                           0x08002c4d   Thumb Code    12  retarget_io.o(i.stdout_putchar)
    x$fpl$d2f                                0x08002c58   Section       98  d2f.o(x$fpl$d2f)
    x$fpl$dadd                               0x08002cbc   Section      336  daddsub_clz.o(x$fpl$dadd)
    _dadd1                                   0x08002ccd   Thumb Code     0  daddsub_clz.o(x$fpl$dadd)
    x$fpl$dflt                               0x08002e0c   Section       46  dflt_clz.o(x$fpl$dflt)
    x$fpl$dmul                               0x08002e3c   Section      340  dmul.o(x$fpl$dmul)
    x$fpl$dnaninf                            0x08002f90   Section      156  dnaninf.o(x$fpl$dnaninf)
    x$fpl$dretinf                            0x0800302c   Section       12  dretinf.o(x$fpl$dretinf)
    x$fpl$dsub                               0x08003038   Section      468  daddsub_clz.o(x$fpl$dsub)
    _dsub1                                   0x08003049   Thumb Code     0  daddsub_clz.o(x$fpl$dsub)
    x$fpl$f2d                                0x0800320c   Section       86  f2d.o(x$fpl$f2d)
    x$fpl$fdiv                               0x08003264   Section      388  fdiv.o(x$fpl$fdiv)
    _fdiv1                                   0x08003265   Thumb Code     0  fdiv.o(x$fpl$fdiv)
    x$fpl$ffix                               0x080033e8   Section       54  ffix.o(x$fpl$ffix)
    x$fpl$fmul                               0x08003420   Section      258  fmul.o(x$fpl$fmul)
    x$fpl$fnaninf                            0x08003522   Section      140  fnaninf.o(x$fpl$fnaninf)
    x$fpl$fretinf                            0x080035ae   Section       10  fretinf.o(x$fpl$fretinf)
    .constdata                               0x080035b8   Section       23  retarget_io.o(.constdata)
    x$fpl$usenofp                            0x080035b8   Section        0  usenofp.o(x$fpl$usenofp)
    .constdata                               0x080035cf   Section       40  _printf_hex_int.o(.constdata)
    uc_hextab                                0x080035cf   Data          20  _printf_hex_int.o(.constdata)
    lc_hextab                                0x080035e3   Data          20  _printf_hex_int.o(.constdata)
    .conststring                             0x080035f8   Section      138  incc1120.o(.conststring)
    .data                                    0x20000000   Section       14  incc1120.o(.data)
    curTime                                  0x20000000   Data           4  incc1120.o(.data)
    e_thisAddress                            0x20000004   Data           1  incc1120.o(.data)
    e_rxHeaderFrom                           0x20000005   Data           1  incc1120.o(.data)
    e_rxHeaderTo                             0x20000006   Data           1  incc1120.o(.data)
    e_rxHeaderMaster                         0x20000007   Data           1  incc1120.o(.data)
    e_rxHeaderType                           0x20000008   Data           1  incc1120.o(.data)
    e_txHeaderFrom                           0x20000009   Data           1  incc1120.o(.data)
    e_txHeaderTo                             0x2000000a   Data           1  incc1120.o(.data)
    e_txHeaderMaster                         0x2000000b   Data           1  incc1120.o(.data)
    e_txHeaderType                           0x2000000c   Data           1  incc1120.o(.data)
    e_rssi                                   0x2000000d   Data           1  incc1120.o(.data)
    .data                                    0x20000010   Section       28  indatagram_stm.o(.data)
    curTime                                  0x20000010   Data           4  indatagram_stm.o(.data)
    e_thisAddress                            0x20000014   Data           1  indatagram_stm.o(.data)
    e_rxHeaderFrom                           0x20000015   Data           1  indatagram_stm.o(.data)
    e_rxHeaderTo                             0x20000016   Data           1  indatagram_stm.o(.data)
    e_rxHeaderMaster                         0x20000017   Data           1  indatagram_stm.o(.data)
    e_rxHeaderType                           0x20000018   Data           1  indatagram_stm.o(.data)
    e_txHeaderFrom                           0x20000019   Data           1  indatagram_stm.o(.data)
    e_txHeaderTo                             0x2000001a   Data           1  indatagram_stm.o(.data)
    e_txHeaderMaster                         0x2000001b   Data           1  indatagram_stm.o(.data)
    e_txHeaderType                           0x2000001c   Data           1  indatagram_stm.o(.data)
    e_rssi                                   0x2000001d   Data           1  indatagram_stm.o(.data)
    DGch                                     0x2000001e   Data           1  indatagram_stm.o(.data)
    DG_thisAddress                           0x2000001f   Data           1  indatagram_stm.o(.data)
    DG_rxHeaderTo                            0x20000020   Data           1  indatagram_stm.o(.data)
    DG_rxHeaderFrom                          0x20000021   Data           1  indatagram_stm.o(.data)
    DG_rxHeaderMaster                        0x20000022   Data           1  indatagram_stm.o(.data)
    DG_rxHeaderType                          0x20000023   Data           1  indatagram_stm.o(.data)
    DGgatewayNumber                          0x20000024   Data           1  indatagram_stm.o(.data)
    DGmasterNumber                           0x20000025   Data           1  indatagram_stm.o(.data)
    DGnum_of_slave                           0x20000026   Data           1  indatagram_stm.o(.data)
    DGsendingTime                            0x20000028   Data           4  indatagram_stm.o(.data)
    .data                                    0x2000002c   Section       48  main.o(.data)
    curTime                                  0x2000002c   Data           4  main.o(.data)
    e_thisAddress                            0x20000030   Data           1  main.o(.data)
    e_rxHeaderFrom                           0x20000031   Data           1  main.o(.data)
    e_rxHeaderTo                             0x20000032   Data           1  main.o(.data)
    e_rxHeaderMaster                         0x20000033   Data           1  main.o(.data)
    e_rxHeaderType                           0x20000034   Data           1  main.o(.data)
    e_txHeaderFrom                           0x20000035   Data           1  main.o(.data)
    e_txHeaderTo                             0x20000036   Data           1  main.o(.data)
    e_txHeaderMaster                         0x20000037   Data           1  main.o(.data)
    e_txHeaderType                           0x20000038   Data           1  main.o(.data)
    e_rssi                                   0x20000039   Data           1  main.o(.data)
    DGch                                     0x2000003a   Data           1  main.o(.data)
    DG_thisAddress                           0x2000003b   Data           1  main.o(.data)
    DG_rxHeaderTo                            0x2000003c   Data           1  main.o(.data)
    DG_rxHeaderFrom                          0x2000003d   Data           1  main.o(.data)
    DG_rxHeaderMaster                        0x2000003e   Data           1  main.o(.data)
    DG_rxHeaderType                          0x2000003f   Data           1  main.o(.data)
    DGgatewayNumber                          0x20000040   Data           1  main.o(.data)
    DGmasterNumber                           0x20000041   Data           1  main.o(.data)
    DGnum_of_slave                           0x20000042   Data           1  main.o(.data)
    DGsendingTime                            0x20000044   Data           4  main.o(.data)
    .data                                    0x2000005c   Section        4  mytimer.o(.data)
    curTime                                  0x2000005c   Data           4  mytimer.o(.data)
    .data                                    0x20000060   Section       20  stm32f10x_rcc.o(.data)
    APBAHBPrescTable                         0x20000060   Data          16  stm32f10x_rcc.o(.data)
    ADCPrescTable                            0x20000070   Data           4  stm32f10x_rcc.o(.data)
    .data                                    0x20000074   Section       20  system_stm32f10x.o(.data)
    .data                                    0x20000088   Section        4  stdio_streams.o(.data)
    .data                                    0x2000008c   Section        4  stdio_streams.o(.data)
    .data                                    0x20000090   Section        4  stdio_streams.o(.data)
    .bss                                     0x20000094   Section      440  main.o(.bss)
    .bss                                     0x2000024c   Section       84  stdio_streams.o(.bss)
    .bss                                     0x200002a0   Section       84  stdio_streams.o(.bss)
    .bss                                     0x200002f4   Section       84  stdio_streams.o(.bss)
    .bss                                     0x20000348   Section       96  libspace.o(.bss)
    HEAP                                     0x200003a8   Section      512  startup_stm32f10x_md.o(HEAP)
    Heap_Mem                                 0x200003a8   Data         512  startup_stm32f10x_md.o(HEAP)
    STACK                                    0x200005a8   Section     1024  startup_stm32f10x_md.o(STACK)
    Stack_Mem                                0x200005a8   Data        1024  startup_stm32f10x_md.o(STACK)
    __initial_sp                             0x200009a8   Data           0  startup_stm32f10x_md.o(STACK)

    Global Symbols

    Symbol Name                              Value     Ov Type        Size  Object(Section)

    BuildAttributes$$THM_ISAv4$P$D$K$B$S$PE$A:L22UL41UL21$X:L11$S22US41US21$IEEE1$IW$USESV6$~STKCKD$USESV7$~SHL$OTIME$ROPI$EBA8$UX$STANDARDLIB$REQ8$PRES8$EABIv2 0x00000000   Number         0  anon$$obj.o ABSOLUTE
    __ARM_use_no_argv                        0x00000000   Number         0  main.o ABSOLUTE
    __ARM_exceptions_init                     - Undefined Weak Reference
    __alloca_initialize                       - Undefined Weak Reference
    __arm_preinit_                            - Undefined Weak Reference
    __cpp_initialize__aeabi_                  - Undefined Weak Reference
    __cxa_finalize                            - Undefined Weak Reference
    __rt_locale                               - Undefined Weak Reference
    __sigvec_lookup                           - Undefined Weak Reference
    __user_heap_extent                        - Undefined Weak Reference
    _atexit_init                              - Undefined Weak Reference
    _call_atexit_fns                          - Undefined Weak Reference
    _clock_init                               - Undefined Weak Reference
    _fp_trap_init                             - Undefined Weak Reference
    _fp_trap_shutdown                         - Undefined Weak Reference
    _get_lc_collate                           - Undefined Weak Reference
    _get_lc_ctype                             - Undefined Weak Reference
    _get_lc_monetary                          - Undefined Weak Reference
    _get_lc_numeric                           - Undefined Weak Reference
    _get_lc_time                              - Undefined Weak Reference
    _getenv_init                              - Undefined Weak Reference
    _handle_redirection                       - Undefined Weak Reference
    _mutex_acquire                            - Undefined Weak Reference
    _mutex_free                               - Undefined Weak Reference
    _mutex_release                            - Undefined Weak Reference
    _printf_post_padding                      - Undefined Weak Reference
    _printf_pre_padding                       - Undefined Weak Reference
    _printf_truncate_signed                   - Undefined Weak Reference
    _printf_truncate_unsigned                 - Undefined Weak Reference
    _rand_init                                - Undefined Weak Reference
    _signal_finish                            - Undefined Weak Reference
    _signal_init                              - Undefined Weak Reference
    __Vectors_Size                           0x000000ec   Number         0  startup_stm32f10x_md.o ABSOLUTE
    __Vectors                                0x08000000   Data           4  startup_stm32f10x_md.o(RESET)
    __Vectors_End                            0x080000ec   Data           0  startup_stm32f10x_md.o(RESET)
    __main                                   0x080000ed   Thumb Code     8  __main.o(!!!main)
    __scatterload                            0x080000f5   Thumb Code     0  __scatter.o(!!!scatter)
    __scatterload_rt2                        0x080000f5   Thumb Code    44  __scatter.o(!!!scatter)
    __scatterload_rt2_thumb_only             0x080000f5   Thumb Code     0  __scatter.o(!!!scatter)
    __scatterload_null                       0x08000103   Thumb Code     0  __scatter.o(!!!scatter)
    __scatterload_copy                       0x08000129   Thumb Code    26  __scatter_copy.o(!!handler_copy)
    __scatterload_zeroinit                   0x08000145   Thumb Code    28  __scatter_zi.o(!!handler_zi)
    _printf_d                                0x08000161   Thumb Code     0  _printf_d.o(.ARM.Collect$$_printf_percent$$00000009)
    _printf_percent                          0x08000161   Thumb Code     0  _printf_percent.o(.ARM.Collect$$_printf_percent$$00000000)
    _printf_x                                0x08000167   Thumb Code     0  _printf_x.o(.ARM.Collect$$_printf_percent$$0000000C)
    _printf_percent_end                      0x0800016d   Thumb Code     0  _printf_percent_end.o(.ARM.Collect$$_printf_percent$$00000017)
    __rt_lib_init                            0x08000171   Thumb Code     0  libinit.o(.ARM.Collect$$libinit$$00000000)
    __rt_lib_init_fp_1                       0x08000173   Thumb Code     0  libinit2.o(.ARM.Collect$$libinit$$00000002)
    __rt_lib_init_heap_2                     0x08000173   Thumb Code     0  libinit2.o(.ARM.Collect$$libinit$$00000005)
    __rt_lib_init_preinit_1                  0x08000173   Thumb Code     0  libinit2.o(.ARM.Collect$$libinit$$00000004)
    __rt_lib_init_atexit_1                   0x0800017b   Thumb Code     0  libinit2.o(.ARM.Collect$$libinit$$0000001B)
    __rt_lib_init_clock_1                    0x0800017b   Thumb Code     0  libinit2.o(.ARM.Collect$$libinit$$00000021)
    __rt_lib_init_fp_trap_1                  0x0800017b   Thumb Code     0  libinit2.o(.ARM.Collect$$libinit$$0000001F)
    __rt_lib_init_getenv_1                   0x0800017b   Thumb Code     0  libinit2.o(.ARM.Collect$$libinit$$00000023)
    __rt_lib_init_heap_1                     0x0800017b   Thumb Code     0  libinit2.o(.ARM.Collect$$libinit$$0000000A)
    __rt_lib_init_lc_collate_1               0x0800017b   Thumb Code     0  libinit2.o(.ARM.Collect$$libinit$$00000011)
    __rt_lib_init_lc_ctype_1                 0x0800017b   Thumb Code     0  libinit2.o(.ARM.Collect$$libinit$$00000013)
    __rt_lib_init_lc_monetary_1              0x0800017b   Thumb Code     0  libinit2.o(.ARM.Collect$$libinit$$00000015)
    __rt_lib_init_lc_numeric_1               0x0800017b   Thumb Code     0  libinit2.o(.ARM.Collect$$libinit$$00000017)
    __rt_lib_init_lc_time_1                  0x0800017b   Thumb Code     0  libinit2.o(.ARM.Collect$$libinit$$00000019)
    __rt_lib_init_rand_1                     0x0800017b   Thumb Code     0  libinit2.o(.ARM.Collect$$libinit$$0000000E)
    __rt_lib_init_signal_1                   0x0800017b   Thumb Code     0  libinit2.o(.ARM.Collect$$libinit$$0000001D)
    __rt_lib_init_stdio_2                    0x0800017b   Thumb Code     0  libinit2.o(.ARM.Collect$$libinit$$00000024)
    __rt_lib_init_user_alloc_1               0x0800017b   Thumb Code     0  libinit2.o(.ARM.Collect$$libinit$$0000000C)
    __rt_lib_init_alloca_1                   0x0800017f   Thumb Code     0  libinit2.o(.ARM.Collect$$libinit$$0000002E)
    __rt_lib_init_argv_1                     0x0800017f   Thumb Code     0  libinit2.o(.ARM.Collect$$libinit$$0000002C)
    __rt_lib_init_cpp_1                      0x0800017f   Thumb Code     0  libinit2.o(.ARM.Collect$$libinit$$00000032)
    __rt_lib_init_exceptions_1               0x0800017f   Thumb Code     0  libinit2.o(.ARM.Collect$$libinit$$00000030)
    __rt_lib_init_return                     0x0800017f   Thumb Code     0  libinit2.o(.ARM.Collect$$libinit$$00000033)
    __rt_lib_init_stdio_1                    0x0800017f   Thumb Code     0  libinit2.o(.ARM.Collect$$libinit$$00000025)
    __rt_lib_shutdown                        0x08000181   Thumb Code     0  libshutdown.o(.ARM.Collect$$libshutdown$$00000000)
    __rt_lib_shutdown_cpp_1                  0x08000183   Thumb Code     0  libshutdown2.o(.ARM.Collect$$libshutdown$$00000002)
    __rt_lib_shutdown_stdio_2                0x08000183   Thumb Code     0  libshutdown2.o(.ARM.Collect$$libshutdown$$00000003)
    __rt_lib_shutdown_fp_trap_1              0x08000187   Thumb Code     0  libshutdown2.o(.ARM.Collect$$libshutdown$$00000007)
    __rt_lib_shutdown_heap_1                 0x08000187   Thumb Code     0  libshutdown2.o(.ARM.Collect$$libshutdown$$0000000F)
    __rt_lib_shutdown_return                 0x08000187   Thumb Code     0  libshutdown2.o(.ARM.Collect$$libshutdown$$00000010)
    __rt_lib_shutdown_signal_1               0x08000187   Thumb Code     0  libshutdown2.o(.ARM.Collect$$libshutdown$$0000000A)
    __rt_lib_shutdown_stdio_1                0x08000187   Thumb Code     0  libshutdown2.o(.ARM.Collect$$libshutdown$$00000004)
    __rt_lib_shutdown_user_alloc_1           0x08000187   Thumb Code     0  libshutdown2.o(.ARM.Collect$$libshutdown$$0000000C)
    __rt_entry                               0x08000189   Thumb Code     0  __rtentry.o(.ARM.Collect$$rtentry$$00000000)
    __rt_entry_presh_1                       0x08000189   Thumb Code     0  __rtentry2.o(.ARM.Collect$$rtentry$$00000002)
    __rt_entry_sh                            0x08000189   Thumb Code     0  __rtentry4.o(.ARM.Collect$$rtentry$$00000004)
    __rt_entry_li                            0x0800018f   Thumb Code     0  __rtentry2.o(.ARM.Collect$$rtentry$$0000000A)
    __rt_entry_postsh_1                      0x0800018f   Thumb Code     0  __rtentry2.o(.ARM.Collect$$rtentry$$00000009)
    __rt_entry_main                          0x08000193   Thumb Code     0  __rtentry2.o(.ARM.Collect$$rtentry$$0000000D)
    __rt_entry_postli_1                      0x08000193   Thumb Code     0  __rtentry2.o(.ARM.Collect$$rtentry$$0000000C)
    __rt_exit                                0x0800019b   Thumb Code     0  rtexit.o(.ARM.Collect$$rtexit$$00000000)
    __rt_exit_ls                             0x0800019d   Thumb Code     0  rtexit2.o(.ARM.Collect$$rtexit$$00000003)
    __rt_exit_prels_1                        0x0800019d   Thumb Code     0  rtexit2.o(.ARM.Collect$$rtexit$$00000002)
    __rt_exit_exit                           0x080001a1   Thumb Code     0  rtexit2.o(.ARM.Collect$$rtexit$$00000004)
    Reset_Handler                            0x080001a9   Thumb Code     8  startup_stm32f10x_md.o(.text)
    _maybe_terminate_alloc                   0x080001a9   Thumb Code     0  maybetermalloc1.o(.emb_text)
    NMI_Handler                              0x080001b1   Thumb Code     2  startup_stm32f10x_md.o(.text)
    HardFault_Handler                        0x080001b3   Thumb Code     2  startup_stm32f10x_md.o(.text)
    MemManage_Handler                        0x080001b5   Thumb Code     2  startup_stm32f10x_md.o(.text)
    BusFault_Handler                         0x080001b7   Thumb Code     2  startup_stm32f10x_md.o(.text)
    UsageFault_Handler                       0x080001b9   Thumb Code     2  startup_stm32f10x_md.o(.text)
    SVC_Handler                              0x080001bb   Thumb Code     2  startup_stm32f10x_md.o(.text)
    DebugMon_Handler                         0x080001bd   Thumb Code     2  startup_stm32f10x_md.o(.text)
    PendSV_Handler                           0x080001bf   Thumb Code     2  startup_stm32f10x_md.o(.text)
    ADC1_2_IRQHandler                        0x080001c3   Thumb Code     0  startup_stm32f10x_md.o(.text)
    CAN1_RX1_IRQHandler                      0x080001c3   Thumb Code     0  startup_stm32f10x_md.o(.text)
    CAN1_SCE_IRQHandler                      0x080001c3   Thumb Code     0  startup_stm32f10x_md.o(.text)
    EXTI0_IRQHandler                         0x080001c3   Thumb Code     0  startup_stm32f10x_md.o(.text)
    EXTI15_10_IRQHandler                     0x080001c3   Thumb Code     0  startup_stm32f10x_md.o(.text)
    EXTI1_IRQHandler                         0x080001c3   Thumb Code     0  startup_stm32f10x_md.o(.text)
    EXTI2_IRQHandler                         0x080001c3   Thumb Code     0  startup_stm32f10x_md.o(.text)
    EXTI3_IRQHandler                         0x080001c3   Thumb Code     0  startup_stm32f10x_md.o(.text)
    EXTI4_IRQHandler                         0x080001c3   Thumb Code     0  startup_stm32f10x_md.o(.text)
    EXTI9_5_IRQHandler                       0x080001c3   Thumb Code     0  startup_stm32f10x_md.o(.text)
    FLASH_IRQHandler                         0x080001c3   Thumb Code     0  startup_stm32f10x_md.o(.text)
    I2C1_ER_IRQHandler                       0x080001c3   Thumb Code     0  startup_stm32f10x_md.o(.text)
    I2C1_EV_IRQHandler                       0x080001c3   Thumb Code     0  startup_stm32f10x_md.o(.text)
    I2C2_ER_IRQHandler                       0x080001c3   Thumb Code     0  startup_stm32f10x_md.o(.text)
    I2C2_EV_IRQHandler                       0x080001c3   Thumb Code     0  startup_stm32f10x_md.o(.text)
    PVD_IRQHandler                           0x080001c3   Thumb Code     0  startup_stm32f10x_md.o(.text)
    RCC_IRQHandler                           0x080001c3   Thumb Code     0  startup_stm32f10x_md.o(.text)
    RTCAlarm_IRQHandler                      0x080001c3   Thumb Code     0  startup_stm32f10x_md.o(.text)
    RTC_IRQHandler                           0x080001c3   Thumb Code     0  startup_stm32f10x_md.o(.text)
    SPI1_IRQHandler                          0x080001c3   Thumb Code     0  startup_stm32f10x_md.o(.text)
    SPI2_IRQHandler                          0x080001c3   Thumb Code     0  startup_stm32f10x_md.o(.text)
    TAMPER_IRQHandler                        0x080001c3   Thumb Code     0  startup_stm32f10x_md.o(.text)
    TIM1_BRK_IRQHandler                      0x080001c3   Thumb Code     0  startup_stm32f10x_md.o(.text)
    TIM1_CC_IRQHandler                       0x080001c3   Thumb Code     0  startup_stm32f10x_md.o(.text)
    TIM1_TRG_COM_IRQHandler                  0x080001c3   Thumb Code     0  startup_stm32f10x_md.o(.text)
    TIM1_UP_IRQHandler                       0x080001c3   Thumb Code     0  startup_stm32f10x_md.o(.text)
    TIM3_IRQHandler                          0x080001c3   Thumb Code     0  startup_stm32f10x_md.o(.text)
    TIM4_IRQHandler                          0x080001c3   Thumb Code     0  startup_stm32f10x_md.o(.text)
    USART1_IRQHandler                        0x080001c3   Thumb Code     0  startup_stm32f10x_md.o(.text)
    USART3_IRQHandler                        0x080001c3   Thumb Code     0  startup_stm32f10x_md.o(.text)
    USBWakeUp_IRQHandler                     0x080001c3   Thumb Code     0  startup_stm32f10x_md.o(.text)
    USB_HP_CAN1_TX_IRQHandler                0x080001c3   Thumb Code     0  startup_stm32f10x_md.o(.text)
    USB_LP_CAN1_RX0_IRQHandler               0x080001c3   Thumb Code     0  startup_stm32f10x_md.o(.text)
    WWDG_IRQHandler                          0x080001c3   Thumb Code     0  startup_stm32f10x_md.o(.text)
    __user_initial_stackheap                 0x080001c5   Thumb Code     0  startup_stm32f10x_md.o(.text)
    __2printf                                0x080001e9   Thumb Code    20  noretval__2printf.o(.text)
    __printf                                 0x08000201   Thumb Code   104  __printf.o(.text)
    _printf_int_dec                          0x08000269   Thumb Code   104  _printf_dec.o(.text)
    _printf_int_hex                          0x080002e1   Thumb Code    84  _printf_hex_int.o(.text)
    _printf_longlong_hex                     0x080002e1   Thumb Code     0  _printf_hex_int.o(.text)
    __aeabi_memcpy                           0x08000339   Thumb Code     0  rt_memcpy_v6.o(.text)
    __rt_memcpy                              0x08000339   Thumb Code   138  rt_memcpy_v6.o(.text)
    _memcpy_lastbytes                        0x0800039f   Thumb Code     0  rt_memcpy_v6.o(.text)
    strcmp                                   0x080003c5   Thumb Code   128  strcmpv7m.o(.text)
    __use_two_region_memory                  0x08000445   Thumb Code     2  heapauxi.o(.text)
    __rt_heap_escrow                         0x08000447   Thumb Code     2  heapauxi.o(.text)
    __rt_heap_expand                         0x08000449   Thumb Code     2  heapauxi.o(.text)
    _printf_int_common                       0x0800044b   Thumb Code   178  _printf_intcommon.o(.text)
    _printf_char_file                        0x080004fd   Thumb Code    32  _printf_char_file.o(.text)
    __aeabi_memcpy4                          0x08000521   Thumb Code     0  rt_memcpy_w.o(.text)
    __aeabi_memcpy8                          0x08000521   Thumb Code     0  rt_memcpy_w.o(.text)
    __rt_memcpy_w                            0x08000521   Thumb Code   100  rt_memcpy_w.o(.text)
    _memcpy_lastbytes_aligned                0x08000569   Thumb Code     0  rt_memcpy_w.o(.text)
    _printf_char_common                      0x0800058f   Thumb Code    32  _printf_char_common.o(.text)
    ferror                                   0x080005b5   Thumb Code     8  ferror.o(.text)
    _initio                                  0x080005bd   Thumb Code   210  initio.o(.text)
    _terminateio                             0x0800068f   Thumb Code    56  initio.o(.text)
    __user_setup_stackheap                   0x080006f5   Thumb Code    74  sys_stackheap_outer.o(.text)
    free                                     0x0800073f   Thumb Code    78  h1_free.o(.text)
    setvbuf                                  0x0800078d   Thumb Code    70  setvbuf.o(.text)
    freopen                                  0x080007d5   Thumb Code   158  fopen.o(.text)
    fopen                                    0x08000873   Thumb Code    74  fopen.o(.text)
    _fclose_internal                         0x080008c1   Thumb Code    76  fclose.o(.text)
    fclose                                   0x080008c1   Thumb Code     0  fclose.o(.text)
    exit                                     0x0800090d   Thumb Code    18  exit.o(.text)
    __rt_SIGRTRED                            0x0800091f   Thumb Code    14  defsig_rtred_outer.o(.text)
    __aeabi_memclr4                          0x0800092d   Thumb Code     0  rt_memclr_w.o(.text)
    __aeabi_memclr8                          0x0800092d   Thumb Code     0  rt_memclr_w.o(.text)
    __rt_memclr_w                            0x0800092d   Thumb Code    78  rt_memclr_w.o(.text)
    _memset_w                                0x08000931   Thumb Code     0  rt_memclr_w.o(.text)
    __user_libspace                          0x0800097d   Thumb Code     8  libspace.o(.text)
    __user_perproc_libspace                  0x0800097d   Thumb Code     0  libspace.o(.text)
    __user_perthread_libspace                0x0800097d   Thumb Code     0  libspace.o(.text)
    __rt_heap_descriptor                     0x08000985   Thumb Code     8  rt_heap_descriptor_intlibspace.o(.text)
    __use_no_heap                            0x0800098d   Thumb Code     2  hguard.o(.text)
    __heap$guard                             0x0800098f   Thumb Code     2  hguard.o(.text)
    _terminate_user_alloc                    0x08000991   Thumb Code     2  init_alloc.o(.text)
    _init_user_alloc                         0x08000993   Thumb Code     2  init_alloc.o(.text)
    __Heap_Full                              0x08000995   Thumb Code    34  init_alloc.o(.text)
    __Heap_Broken                            0x080009b7   Thumb Code     6  init_alloc.o(.text)
    _init_alloc                              0x080009bd   Thumb Code    94  init_alloc.o(.text)
    malloc                                   0x08000a1b   Thumb Code    94  h1_alloc.o(.text)
    _fseek                                   0x08000a79   Thumb Code   242  fseek.o(.text)
    fseek                                    0x08000a79   Thumb Code     0  fseek.o(.text)
    _seterr                                  0x08000b71   Thumb Code    20  stdio.o(.text)
    _writebuf                                0x08000b85   Thumb Code    84  stdio.o(.text)
    _fflush                                  0x08000bd9   Thumb Code    70  stdio.o(.text)
    _deferredlazyseek                        0x08000c1f   Thumb Code    60  stdio.o(.text)
    __sig_exit                               0x08000c61   Thumb Code    10  defsig_exit.o(.text)
    __rt_SIGRTRED_inner                      0x08000c6d   Thumb Code    14  defsig_rtred_inner.o(.text)
    _sys_exit                                0x08000ca1   Thumb Code     8  sys_exit.o(.text)
    __Heap_Initialize                        0x08000cad   Thumb Code    10  h1_init.o(.text)
    __Heap_DescSize                          0x08000cb7   Thumb Code     4  h1_init.o(.text)
    __Heap_ProvideMemory                     0x08000cbb   Thumb Code    52  h1_extend.o(.text)
    _ftell_internal                          0x08000cef   Thumb Code    66  ftell.o(.text)
    ftell                                    0x08000cef   Thumb Code     0  ftell.o(.text)
    __default_signal_display                 0x08000d31   Thumb Code    50  defsig_general.o(.text)
    __rt_SIGRTMEM                            0x08000d63   Thumb Code    14  defsig_rtmem_outer.o(.text)
    _ttywrch                                 0x08000d71   Thumb Code    14  sys_wrch.o(.text)
    __I$use$semihosting                      0x08000d7f   Thumb Code     0  use_no_semi.o(.text)
    __use_no_semihosting_swi                 0x08000d7f   Thumb Code     2  use_no_semi.o(.text)
    __aeabi_errno_addr                       0x08000d81   Thumb Code     8  rt_errno_addr_intlibspace.o(.text)
    __errno$intlibspace                      0x08000d81   Thumb Code     0  rt_errno_addr_intlibspace.o(.text)
    __rt_errno_addr$intlibspace              0x08000d81   Thumb Code     0  rt_errno_addr_intlibspace.o(.text)
    __semihosting_library_function           0x08000d81   Thumb Code     0  indicate_semi.o(.text)
    __rt_SIGRTMEM_inner                      0x08000d89   Thumb Code    22  defsig_rtmem_inner.o(.text)
    DGInit                                   0x08000dd9   Thumb Code    48  indatagram_stm.o(i.DGInit)
    DGSetReceive                             0x08000e21   Thumb Code     8  indatagram_stm.o(i.DGSetReceive)
    DGavailable                              0x08000e29   Thumb Code    16  indatagram_stm.o(i.DGavailable)
    DGgetMasterNumber                        0x08000e39   Thumb Code     6  indatagram_stm.o(i.DGgetMasterNumber)
    DGgetThisAddress                         0x08000e45   Thumb Code     6  indatagram_stm.o(i.DGgetThisAddress)
    DGheaderFrom                             0x08000e51   Thumb Code     8  indatagram_stm.o(i.DGheaderFrom)
    DGheaderMaster                           0x08000e59   Thumb Code     8  indatagram_stm.o(i.DGheaderMaster)
    DGheaderTo                               0x08000e61   Thumb Code     8  indatagram_stm.o(i.DGheaderTo)
    DGheaderType                             0x08000e69   Thumb Code     8  indatagram_stm.o(i.DGheaderType)
    DGrecvData                               0x08000e71   Thumb Code    56  indatagram_stm.o(i.DGrecvData)
    DGsend                                   0x08000eb9   Thumb Code    78  indatagram_stm.o(i.DGsend)
    DGsendToWaitAck                          0x08000f0d   Thumb Code   186  indatagram_stm.o(i.DGsendToWaitAck)
    DGsetHeaderFrom                          0x08000fed   Thumb Code    12  indatagram_stm.o(i.DGsetHeaderFrom)
    DGsetHeaderMaster                        0x08000ff9   Thumb Code    12  indatagram_stm.o(i.DGsetHeaderMaster)
    DGsetHeaderTo                            0x08001005   Thumb Code    12  indatagram_stm.o(i.DGsetHeaderTo)
    DGsetHeaderType                          0x08001011   Thumb Code    12  indatagram_stm.o(i.DGsetHeaderType)
    DGsetThisAddress                         0x0800101d   Thumb Code    22  indatagram_stm.o(i.DGsetThisAddress)
    DMA1_Channel1_Event                      0x08001039   Thumb Code     2  dma_stm32f10x.o(i.DMA1_Channel1_Event)
    DMA1_Channel1_IRQHandler                 0x0800103d   Thumb Code    22  dma_stm32f10x.o(i.DMA1_Channel1_IRQHandler)
    DMA1_Channel2_Event                      0x08001059   Thumb Code     2  dma_stm32f10x.o(i.DMA1_Channel2_Event)
    DMA1_Channel2_IRQHandler                 0x0800105d   Thumb Code    24  dma_stm32f10x.o(i.DMA1_Channel2_IRQHandler)
    DMA1_Channel3_Event                      0x08001079   Thumb Code     2  dma_stm32f10x.o(i.DMA1_Channel3_Event)
    DMA1_Channel3_IRQHandler                 0x0800107d   Thumb Code    24  dma_stm32f10x.o(i.DMA1_Channel3_IRQHandler)
    DMA1_Channel4_Event                      0x08001099   Thumb Code     2  dma_stm32f10x.o(i.DMA1_Channel4_Event)
    DMA1_Channel4_IRQHandler                 0x0800109d   Thumb Code    24  dma_stm32f10x.o(i.DMA1_Channel4_IRQHandler)
    DMA1_Channel5_Event                      0x080010b9   Thumb Code     2  dma_stm32f10x.o(i.DMA1_Channel5_Event)
    DMA1_Channel5_IRQHandler                 0x080010bd   Thumb Code    24  dma_stm32f10x.o(i.DMA1_Channel5_IRQHandler)
    DMA1_Channel6_Event                      0x080010d9   Thumb Code     2  dma_stm32f10x.o(i.DMA1_Channel6_Event)
    DMA1_Channel6_IRQHandler                 0x080010dd   Thumb Code    24  dma_stm32f10x.o(i.DMA1_Channel6_IRQHandler)
    DMA1_Channel7_Event                      0x080010f9   Thumb Code     2  dma_stm32f10x.o(i.DMA1_Channel7_Event)
    DMA1_Channel7_IRQHandler                 0x080010fd   Thumb Code    24  dma_stm32f10x.o(i.DMA1_Channel7_IRQHandler)
    GPIO_Configuration                       0x08001119   Thumb Code    76  main.o(i.GPIO_Configuration)
    GPIO_Init                                0x08001169   Thumb Code   278  stm32f10x_gpio.o(i.GPIO_Init)
    GPIO_ReadInputDataBit                    0x0800127f   Thumb Code    18  stm32f10x_gpio.o(i.GPIO_ReadInputDataBit)
    GPIO_ResetBits                           0x08001291   Thumb Code     4  stm32f10x_gpio.o(i.GPIO_ResetBits)
    GPIO_SetBits                             0x08001295   Thumb Code     4  stm32f10x_gpio.o(i.GPIO_SetBits)
    ITM_SendChar                             0x08001299   Thumb Code    42  retarget_io.o(i.ITM_SendChar)
    MyTimerInit                              0x080012c9   Thumb Code    82  mytimer.o(i.MyTimerInit)
    NVIC_Configuration                       0x08001329   Thumb Code    36  main.o(i.NVIC_Configuration)
    NVIC_Init                                0x0800134d   Thumb Code   100  misc.o(i.NVIC_Init)
    NVIC_PriorityGroupConfig                 0x080013bd   Thumb Code    10  misc.o(i.NVIC_PriorityGroupConfig)
    PrintfInit                               0x080013d1   Thumb Code   124  printf.o(i.PrintfInit)
    RCC_APB1PeriphClockCmd                   0x08001455   Thumb Code    26  stm32f10x_rcc.o(i.RCC_APB1PeriphClockCmd)
    RCC_APB2PeriphClockCmd                   0x08001475   Thumb Code    26  stm32f10x_rcc.o(i.RCC_APB2PeriphClockCmd)
    RCC_Configuration                        0x08001495   Thumb Code    12  main.o(i.RCC_Configuration)
    RCC_GetClocksFreq                        0x080014a1   Thumb Code   192  stm32f10x_rcc.o(i.RCC_GetClocksFreq)
    SPI_Cmd                                  0x08001575   Thumb Code    24  stm32f10x_spi.o(i.SPI_Cmd)
    SPI_Init                                 0x0800158d   Thumb Code    60  stm32f10x_spi.o(i.SPI_Init)
    SPIx_DisableSlave                        0x080015c9   Thumb Code     8  spi.o(i.SPIx_DisableSlave)
    SPIx_Init                                0x080015d5   Thumb Code   138  spi.o(i.SPIx_Init)
    SPIx_Transfer                            0x08001669   Thumb Code    56  spi.o(i.SPIx_Transfer)
    SysTick_Handler                          0x0800178d   Thumb Code    12  mytimer.o(i.SysTick_Handler)
    SystemInit                               0x0800179d   Thumb Code    78  system_stm32f10x.o(i.SystemInit)
    TIM2_IRQHandler                          0x080017fd   Thumb Code    22  mytimer.o(i.TIM2_IRQHandler)
    TIM_ClearITPendingBit                    0x08001813   Thumb Code     6  stm32f10x_tim.o(i.TIM_ClearITPendingBit)
    TIM_GetITStatus                          0x08001819   Thumb Code    34  stm32f10x_tim.o(i.TIM_GetITStatus)
    USART2_IRQHandler                        0x0800183d   Thumb Code   370  main.o(i.USART2_IRQHandler)
    USART_ClearITPendingBit                  0x080019e9   Thumb Code    30  stm32f10x_usart.o(i.USART_ClearITPendingBit)
    USART_Cmd                                0x08001a07   Thumb Code    24  stm32f10x_usart.o(i.USART_Cmd)
    USART_GetFlagStatus                      0x08001a1f   Thumb Code    26  stm32f10x_usart.o(i.USART_GetFlagStatus)
    USART_GetITStatus                        0x08001a39   Thumb Code    84  stm32f10x_usart.o(i.USART_GetITStatus)
    USART_ITConfig                           0x08001a8d   Thumb Code    74  stm32f10x_usart.o(i.USART_ITConfig)
    USART_Init                               0x08001ad9   Thumb Code   210  stm32f10x_usart.o(i.USART_Init)
    USART_ReceiveData                        0x08001bb1   Thumb Code    10  stm32f10x_usart.o(i.USART_ReceiveData)
    USART_SendData                           0x08001bbb   Thumb Code     8  stm32f10x_usart.o(i.USART_SendData)
    _sys_close                               0x08001bc3   Thumb Code    38  retarget_io.o(i._sys_close)
    _sys_flen                                0x08001be9   Thumb Code    36  retarget_io.o(i._sys_flen)
    _sys_istty                               0x08001c0d   Thumb Code    36  retarget_io.o(i._sys_istty)
    _sys_open                                0x08001c31   Thumb Code    80  retarget_io.o(i._sys_open)
    _sys_seek                                0x08001c99   Thumb Code    44  retarget_io.o(i._sys_seek)
    _sys_write                               0x08001cc5   Thumb Code    88  retarget_io.o(i._sys_write)
    delay                                    0x08001d1d   Thumb Code    24  mytimer.o(i.delay)
    e_CheckReceiveFlag                       0x08001d35   Thumb Code    46  incc1120.o(i.e_CheckReceiveFlag)
    e_DisableLNA                             0x08001d69   Thumb Code    20  incc1120.o(i.e_DisableLNA)
    e_EnableLNA                              0x08001d81   Thumb Code    20  incc1120.o(i.e_EnableLNA)
    e_GDO_Set                                0x08001d99   Thumb Code    44  incc1120.o(i.e_GDO_Set)
    e_Init                                   0x08001dc9   Thumb Code    90  incc1120.o(i.e_Init)
    e_Read8BitRssi                           0x08001e3d   Thumb Code    46  incc1120.o(i.e_Read8BitRssi)
    e_ReceiveData                            0x08001e6d   Thumb Code   414  incc1120.o(i.e_ReceiveData)
    e_RegConfigSettings                      0x080020d9   Thumb Code   386  incc1120.o(i.e_RegConfigSettings)
    e_Reset                                  0x0800225d   Thumb Code    94  incc1120.o(i.e_Reset)
    e_SendData                               0x080022d5   Thumb Code   246  incc1120.o(i.e_SendData)
    e_SetChannel                             0x0800240d   Thumb Code   196  incc1120.o(i.e_SetChannel)
    e_SetReceive                             0x080024dd   Thumb Code    66  incc1120.o(i.e_SetReceive)
    e_SpiInit                                0x08002521   Thumb Code    76  incc1120.o(i.e_SpiInit)
    e_SpiReadBurstReg                        0x0800258d   Thumb Code   162  incc1120.o(i.e_SpiReadBurstReg)
    e_SpiReadReg                             0x08002635   Thumb Code   132  incc1120.o(i.e_SpiReadReg)
    e_SpiStrobe                              0x080026bd   Thumb Code    46  incc1120.o(i.e_SpiStrobe)
    e_SpiWriteBurstReg                       0x080026f1   Thumb Code    72  incc1120.o(i.e_SpiWriteBurstReg)
    e_SpiWriteReg                            0x0800273d   Thumb Code   120  incc1120.o(i.e_SpiWriteReg)
    e_headerFrom                             0x080027b9   Thumb Code     6  incc1120.o(i.e_headerFrom)
    e_headerMaster                           0x080027c5   Thumb Code     6  incc1120.o(i.e_headerMaster)
    e_headerTo                               0x080027d1   Thumb Code     6  incc1120.o(i.e_headerTo)
    e_headerType                             0x080027dd   Thumb Code     6  incc1120.o(i.e_headerType)
    e_setHeaderFrom                          0x080027e9   Thumb Code     6  incc1120.o(i.e_setHeaderFrom)
    e_setHeaderMaster                        0x080027f5   Thumb Code     6  incc1120.o(i.e_setHeaderMaster)
    e_setHeaderTo                            0x08002801   Thumb Code     6  incc1120.o(i.e_setHeaderTo)
    e_setHeaderType                          0x0800280d   Thumb Code     6  incc1120.o(i.e_setHeaderType)
    e_setThisAddress                         0x08002819   Thumb Code     6  incc1120.o(i.e_setThisAddress)
    fputc                                    0x08002825   Thumb Code    32  printf.o(i.fputc)
    main                                     0x08002849   Thumb Code   664  main.o(i.main)
    millis                                   0x08002b1d   Thumb Code     6  mytimer.o(i.millis)
    send_and_wait_for_scan                   0x08002b51   Thumb Code   200  main.o(i.send_and_wait_for_scan)
    __aeabi_d2f                              0x08002c59   Thumb Code     0  d2f.o(x$fpl$d2f)
    _d2f                                     0x08002c59   Thumb Code    98  d2f.o(x$fpl$d2f)
    __aeabi_dadd                             0x08002cbd   Thumb Code     0  daddsub_clz.o(x$fpl$dadd)
    _dadd                                    0x08002cbd   Thumb Code   332  daddsub_clz.o(x$fpl$dadd)
    __aeabi_i2d                              0x08002e0d   Thumb Code     0  dflt_clz.o(x$fpl$dflt)
    _dflt                                    0x08002e0d   Thumb Code    46  dflt_clz.o(x$fpl$dflt)
    __aeabi_dmul                             0x08002e3d   Thumb Code     0  dmul.o(x$fpl$dmul)
    _dmul                                    0x08002e3d   Thumb Code   332  dmul.o(x$fpl$dmul)
    __fpl_dnaninf                            0x08002f91   Thumb Code   156  dnaninf.o(x$fpl$dnaninf)
    __fpl_dretinf                            0x0800302d   Thumb Code    12  dretinf.o(x$fpl$dretinf)
    __aeabi_dsub                             0x08003039   Thumb Code     0  daddsub_clz.o(x$fpl$dsub)
    _dsub                                    0x08003039   Thumb Code   464  daddsub_clz.o(x$fpl$dsub)
    __aeabi_f2d                              0x0800320d   Thumb Code     0  f2d.o(x$fpl$f2d)
    _f2d                                     0x0800320d   Thumb Code    86  f2d.o(x$fpl$f2d)
    __aeabi_fdiv                             0x08003265   Thumb Code     0  fdiv.o(x$fpl$fdiv)
    _fdiv                                    0x08003265   Thumb Code   384  fdiv.o(x$fpl$fdiv)
    __aeabi_f2iz                             0x080033e9   Thumb Code     0  ffix.o(x$fpl$ffix)
    _ffix                                    0x080033e9   Thumb Code    54  ffix.o(x$fpl$ffix)
    __aeabi_fmul                             0x08003421   Thumb Code     0  fmul.o(x$fpl$fmul)
    _fmul                                    0x08003421   Thumb Code   258  fmul.o(x$fpl$fmul)
    __fpl_fnaninf                            0x08003523   Thumb Code   140  fnaninf.o(x$fpl$fnaninf)
    __fpl_fretinf                            0x080035af   Thumb Code    10  fretinf.o(x$fpl$fretinf)
    __I$use$fp                               0x080035b8   Number         0  usenofp.o(x$fpl$usenofp)
    __stdin_name                             0x080035b8   Data           7  retarget_io.o(.constdata)
    __stdout_name                            0x080035bf   Data           8  retarget_io.o(.constdata)
    __stderr_name                            0x080035c7   Data           8  retarget_io.o(.constdata)
    Region$$Table$$Base                      0x08003684   Number         0  anon$$obj.o(Region$$Table)
    Region$$Table$$Limit                     0x080036a4   Number         0  anon$$obj.o(Region$$Table)
    rc_control                               0x20000048   Data           1  main.o(.data)
    master_number                            0x20000049   Data           1  main.o(.data)
    num_of_slave                             0x2000004a   Data           1  main.o(.data)
    _thisAddress                             0x2000004b   Data           1  main.o(.data)
    _rxHeaderFrom                            0x2000004c   Data           1  main.o(.data)
    _rxHeaderTo                              0x2000004d   Data           1  main.o(.data)
    _rxHeaderMaster                          0x2000004e   Data           1  main.o(.data)
    _rxHeaderType                            0x2000004f   Data           1  main.o(.data)
    indexFromR                               0x20000050   Data           1  main.o(.data)
    id                                       0x20000051   Data           1  main.o(.data)
    controllingTime                          0x20000054   Data           4  main.o(.data)
    scanningTime                             0x20000058   Data           4  main.o(.data)
    SystemCoreClock                          0x20000074   Data           4  system_stm32f10x.o(.data)
    AHBPrescTable                            0x20000078   Data          16  system_stm32f10x.o(.data)
    __aeabi_stdin                            0x20000088   Data           4  stdio_streams.o(.data)
    __aeabi_stdout                           0x2000008c   Data           4  stdio_streams.o(.data)
    __aeabi_stderr                           0x20000090   Data           4  stdio_streams.o(.data)
    receiveFromR                             0x20000094   Data          10  main.o(.bss)
    roomcon_control                          0x2000009e   Data          10  main.o(.bss)
    slave_answer                             0x200000a8   Data         160  main.o(.bss)
    roomcon_request                          0x20000148   Data         160  main.o(.bss)
    rs485_time                               0x200001e8   Data          64  main.o(.bss)
    check_slave_scan_response                0x20000228   Data          16  main.o(.bss)
    DGtemp_buf                               0x20000238   Data          20  main.o(.bss)
    __stdin                                  0x2000024c   Data          84  stdio_streams.o(.bss)
    __stdout                                 0x200002a0   Data          84  stdio_streams.o(.bss)
    __stderr                                 0x200002f4   Data          84  stdio_streams.o(.bss)
    __libspace_start                         0x20000348   Data          96  libspace.o(.bss)
    __temporary_stack_top$libspace           0x200003a8   Data           0  libspace.o(.bss)



==============================================================================

Memory Map of the image

  Image Entry point : 0x080001a9

  Load Region LR_1 (Base: 0x08000000, Size: 0x00003738, Max: 0xffffffff, ABSOLUTE)

    Execution Region ER_RO (Exec base: 0x08000000, Load base: 0x08000000, Size: 0x000036a4, Max: 0xffffffff, ABSOLUTE)

    Exec Addr    Load Addr    Size         Type   Attr      Idx    E Section Name        Object

    0x08000000   0x08000000   0x000000ec   Data   RO         2324    RESET               startup_stm32f10x_md.o
    0x080000ec   0x080000ec   0x00000008   Code   RO         2435  * !!!main             c_w.l(__main.o)
    0x080000f4   0x080000f4   0x00000034   Code   RO         2788    !!!scatter          c_w.l(__scatter.o)
    0x08000128   0x08000128   0x0000001a   Code   RO         2790    !!handler_copy      c_w.l(__scatter_copy.o)
    0x08000142   0x08000142   0x00000002   PAD
    0x08000144   0x08000144   0x0000001c   Code   RO         2792    !!handler_zi        c_w.l(__scatter_zi.o)
    0x08000160   0x08000160   0x00000000   Code   RO         2428    .ARM.Collect$$_printf_percent$$00000000  c_w.l(_printf_percent.o)
    0x08000160   0x08000160   0x00000006   Code   RO         2427    .ARM.Collect$$_printf_percent$$00000009  c_w.l(_printf_d.o)
    0x08000166   0x08000166   0x00000006   Code   RO         2426    .ARM.Collect$$_printf_percent$$0000000C  c_w.l(_printf_x.o)
    0x0800016c   0x0800016c   0x00000004   Code   RO         2470    .ARM.Collect$$_printf_percent$$00000017  c_w.l(_printf_percent_end.o)
    0x08000170   0x08000170   0x00000002   Code   RO         2599    .ARM.Collect$$libinit$$00000000  c_w.l(libinit.o)
    0x08000172   0x08000172   0x00000000   Code   RO         2601    .ARM.Collect$$libinit$$00000002  c_w.l(libinit2.o)
    0x08000172   0x08000172   0x00000000   Code   RO         2603    .ARM.Collect$$libinit$$00000004  c_w.l(libinit2.o)
    0x08000172   0x08000172   0x00000008   Code   RO         2604    .ARM.Collect$$libinit$$00000005  c_w.l(libinit2.o)
    0x0800017a   0x0800017a   0x00000000   Code   RO         2606    .ARM.Collect$$libinit$$0000000A  c_w.l(libinit2.o)
    0x0800017a   0x0800017a   0x00000000   Code   RO         2608    .ARM.Collect$$libinit$$0000000C  c_w.l(libinit2.o)
    0x0800017a   0x0800017a   0x00000000   Code   RO         2610    .ARM.Collect$$libinit$$0000000E  c_w.l(libinit2.o)
    0x0800017a   0x0800017a   0x00000000   Code   RO         2613    .ARM.Collect$$libinit$$00000011  c_w.l(libinit2.o)
    0x0800017a   0x0800017a   0x00000000   Code   RO         2615    .ARM.Collect$$libinit$$00000013  c_w.l(libinit2.o)
    0x0800017a   0x0800017a   0x00000000   Code   RO         2617    .ARM.Collect$$libinit$$00000015  c_w.l(libinit2.o)
    0x0800017a   0x0800017a   0x00000000   Code   RO         2619    .ARM.Collect$$libinit$$00000017  c_w.l(libinit2.o)
    0x0800017a   0x0800017a   0x00000000   Code   RO         2621    .ARM.Collect$$libinit$$00000019  c_w.l(libinit2.o)
    0x0800017a   0x0800017a   0x00000000   Code   RO         2623    .ARM.Collect$$libinit$$0000001B  c_w.l(libinit2.o)
    0x0800017a   0x0800017a   0x00000000   Code   RO         2625    .ARM.Collect$$libinit$$0000001D  c_w.l(libinit2.o)
    0x0800017a   0x0800017a   0x00000000   Code   RO         2627    .ARM.Collect$$libinit$$0000001F  c_w.l(libinit2.o)
    0x0800017a   0x0800017a   0x00000000   Code   RO         2629    .ARM.Collect$$libinit$$00000021  c_w.l(libinit2.o)
    0x0800017a   0x0800017a   0x00000000   Code   RO         2631    .ARM.Collect$$libinit$$00000023  c_w.l(libinit2.o)
    0x0800017a   0x0800017a   0x00000004   Code   RO         2632    .ARM.Collect$$libinit$$00000024  c_w.l(libinit2.o)
    0x0800017e   0x0800017e   0x00000000   Code   RO         2633    .ARM.Collect$$libinit$$00000025  c_w.l(libinit2.o)
    0x0800017e   0x0800017e   0x00000000   Code   RO         2637    .ARM.Collect$$libinit$$0000002C  c_w.l(libinit2.o)
    0x0800017e   0x0800017e   0x00000000   Code   RO         2639    .ARM.Collect$$libinit$$0000002E  c_w.l(libinit2.o)
    0x0800017e   0x0800017e   0x00000000   Code   RO         2641    .ARM.Collect$$libinit$$00000030  c_w.l(libinit2.o)
    0x0800017e   0x0800017e   0x00000000   Code   RO         2643    .ARM.Collect$$libinit$$00000032  c_w.l(libinit2.o)
    0x0800017e   0x0800017e   0x00000002   Code   RO         2644    .ARM.Collect$$libinit$$00000033  c_w.l(libinit2.o)
    0x08000180   0x08000180   0x00000002   Code   RO         2767    .ARM.Collect$$libshutdown$$00000000  c_w.l(libshutdown.o)
    0x08000182   0x08000182   0x00000000   Code   RO         2646    .ARM.Collect$$libshutdown$$00000002  c_w.l(libshutdown2.o)
    0x08000182   0x08000182   0x00000004   Code   RO         2647    .ARM.Collect$$libshutdown$$00000003  c_w.l(libshutdown2.o)
    0x08000186   0x08000186   0x00000000   Code   RO         2648    .ARM.Collect$$libshutdown$$00000004  c_w.l(libshutdown2.o)
    0x08000186   0x08000186   0x00000000   Code   RO         2651    .ARM.Collect$$libshutdown$$00000007  c_w.l(libshutdown2.o)
    0x08000186   0x08000186   0x00000000   Code   RO         2654    .ARM.Collect$$libshutdown$$0000000A  c_w.l(libshutdown2.o)
    0x08000186   0x08000186   0x00000000   Code   RO         2656    .ARM.Collect$$libshutdown$$0000000C  c_w.l(libshutdown2.o)
    0x08000186   0x08000186   0x00000000   Code   RO         2659    .ARM.Collect$$libshutdown$$0000000F  c_w.l(libshutdown2.o)
    0x08000186   0x08000186   0x00000002   Code   RO         2660    .ARM.Collect$$libshutdown$$00000010  c_w.l(libshutdown2.o)
    0x08000188   0x08000188   0x00000000   Code   RO         2465    .ARM.Collect$$rtentry$$00000000  c_w.l(__rtentry.o)
    0x08000188   0x08000188   0x00000000   Code   RO         2489    .ARM.Collect$$rtentry$$00000002  c_w.l(__rtentry2.o)
    0x08000188   0x08000188   0x00000006   Code   RO         2501    .ARM.Collect$$rtentry$$00000004  c_w.l(__rtentry4.o)
    0x0800018e   0x0800018e   0x00000000   Code   RO         2491    .ARM.Collect$$rtentry$$00000009  c_w.l(__rtentry2.o)
    0x0800018e   0x0800018e   0x00000004   Code   RO         2492    .ARM.Collect$$rtentry$$0000000A  c_w.l(__rtentry2.o)
    0x08000192   0x08000192   0x00000000   Code   RO         2494    .ARM.Collect$$rtentry$$0000000C  c_w.l(__rtentry2.o)
    0x08000192   0x08000192   0x00000008   Code   RO         2495    .ARM.Collect$$rtentry$$0000000D  c_w.l(__rtentry2.o)
    0x0800019a   0x0800019a   0x00000002   Code   RO         2664    .ARM.Collect$$rtexit$$00000000  c_w.l(rtexit.o)
    0x0800019c   0x0800019c   0x00000000   Code   RO         2710    .ARM.Collect$$rtexit$$00000002  c_w.l(rtexit2.o)
    0x0800019c   0x0800019c   0x00000004   Code   RO         2711    .ARM.Collect$$rtexit$$00000003  c_w.l(rtexit2.o)
    0x080001a0   0x080001a0   0x00000006   Code   RO         2712    .ARM.Collect$$rtexit$$00000004  c_w.l(rtexit2.o)
    0x080001a6   0x080001a6   0x00000002   PAD
    0x080001a8   0x080001a8   0x00000000   Code   RO         2716    .emb_text           c_w.l(maybetermalloc1.o)
    0x080001a8   0x080001a8   0x00000040   Code   RO         2325  * .text               startup_stm32f10x_md.o
    0x080001e8   0x080001e8   0x00000018   Code   RO         2379    .text               c_w.l(noretval__2printf.o)
    0x08000200   0x08000200   0x00000068   Code   RO         2381    .text               c_w.l(__printf.o)
    0x08000268   0x08000268   0x00000078   Code   RO         2383    .text               c_w.l(_printf_dec.o)
    0x080002e0   0x080002e0   0x00000058   Code   RO         2388    .text               c_w.l(_printf_hex_int.o)
    0x08000338   0x08000338   0x0000008a   Code   RO         2429    .text               c_w.l(rt_memcpy_v6.o)
    0x080003c2   0x080003c2   0x00000002   PAD
    0x080003c4   0x080003c4   0x00000080   Code   RO         2431    .text               c_w.l(strcmpv7m.o)
    0x08000444   0x08000444   0x00000006   Code   RO         2433    .text               c_w.l(heapauxi.o)
    0x0800044a   0x0800044a   0x000000b2   Code   RO         2466    .text               c_w.l(_printf_intcommon.o)
    0x080004fc   0x080004fc   0x00000024   Code   RO         2468    .text               c_w.l(_printf_char_file.o)
    0x08000520   0x08000520   0x00000064   Code   RO         2477    .text               c_w.l(rt_memcpy_w.o)
    0x08000584   0x08000584   0x00000030   Code   RO         2503    .text               c_w.l(_printf_char_common.o)
    0x080005b4   0x080005b4   0x00000008   Code   RO         2505    .text               c_w.l(ferror.o)
    0x080005bc   0x080005bc   0x00000138   Code   RO         2507    .text               c_w.l(initio.o)
    0x080006f4   0x080006f4   0x0000004a   Code   RO         2515    .text               c_w.l(sys_stackheap_outer.o)
    0x0800073e   0x0800073e   0x0000004e   Code   RO         2519    .text               c_w.l(h1_free.o)
    0x0800078c   0x0800078c   0x00000046   Code   RO         2575    .text               c_w.l(setvbuf.o)
    0x080007d2   0x080007d2   0x00000002   PAD
    0x080007d4   0x080007d4   0x000000ec   Code   RO         2578    .text               c_w.l(fopen.o)
    0x080008c0   0x080008c0   0x0000004c   Code   RO         2580    .text               c_w.l(fclose.o)
    0x0800090c   0x0800090c   0x00000012   Code   RO         2586    .text               c_w.l(exit.o)
    0x0800091e   0x0800091e   0x0000000e   Code   RO         2588    .text               c_w.l(defsig_rtred_outer.o)
    0x0800092c   0x0800092c   0x0000004e   Code   RO         2592    .text               c_w.l(rt_memclr_w.o)
    0x0800097a   0x0800097a   0x00000002   PAD
    0x0800097c   0x0800097c   0x00000008   Code   RO         2661    .text               c_w.l(libspace.o)
    0x08000984   0x08000984   0x00000008   Code   RO         2671    .text               c_w.l(rt_heap_descriptor_intlibspace.o)
    0x0800098c   0x0800098c   0x00000004   Code   RO         2673    .text               c_w.l(hguard.o)
    0x08000990   0x08000990   0x0000008a   Code   RO         2675    .text               c_w.l(init_alloc.o)
    0x08000a1a   0x08000a1a   0x0000005e   Code   RO         2681    .text               c_w.l(h1_alloc.o)
    0x08000a78   0x08000a78   0x000000f8   Code   RO         2695    .text               c_w.l(fseek.o)
    0x08000b70   0x08000b70   0x000000f0   Code   RO         2697    .text               c_w.l(stdio.o)
    0x08000c60   0x08000c60   0x0000000a   Code   RO         2699    .text               c_w.l(defsig_exit.o)
    0x08000c6a   0x08000c6a   0x00000002   PAD
    0x08000c6c   0x08000c6c   0x00000034   Code   RO         2701    .text               c_w.l(defsig_rtred_inner.o)
    0x08000ca0   0x08000ca0   0x0000000c   Code   RO         2707    .text               c_w.l(sys_exit.o)
    0x08000cac   0x08000cac   0x0000000e   Code   RO         2718    .text               c_w.l(h1_init.o)
    0x08000cba   0x08000cba   0x00000034   Code   RO         2720    .text               c_w.l(h1_extend.o)
    0x08000cee   0x08000cee   0x00000042   Code   RO         2726    .text               c_w.l(ftell.o)
    0x08000d30   0x08000d30   0x00000032   Code   RO         2730    .text               c_w.l(defsig_general.o)
    0x08000d62   0x08000d62   0x0000000e   Code   RO         2732    .text               c_w.l(defsig_rtmem_outer.o)
    0x08000d70   0x08000d70   0x0000000e   Code   RO         2745    .text               c_w.l(sys_wrch.o)
    0x08000d7e   0x08000d7e   0x00000002   Code   RO         2749    .text               c_w.l(use_no_semi.o)
    0x08000d80   0x08000d80   0x00000000   Code   RO         2751    .text               c_w.l(indicate_semi.o)
    0x08000d80   0x08000d80   0x00000008   Code   RO         2755    .text               c_w.l(rt_errno_addr_intlibspace.o)
    0x08000d88   0x08000d88   0x00000050   Code   RO         2761    .text               c_w.l(defsig_rtmem_inner.o)
    0x08000dd8   0x08000dd8   0x00000048   Code   RO          304    i.DGInit            indatagram_stm.o
    0x08000e20   0x08000e20   0x00000008   Code   RO          305    i.DGSetReceive      indatagram_stm.o
    0x08000e28   0x08000e28   0x00000010   Code   RO          306    i.DGavailable       indatagram_stm.o
    0x08000e38   0x08000e38   0x0000000c   Code   RO          307    i.DGgetMasterNumber  indatagram_stm.o
    0x08000e44   0x08000e44   0x0000000c   Code   RO          308    i.DGgetThisAddress  indatagram_stm.o
    0x08000e50   0x08000e50   0x00000008   Code   RO          309    i.DGheaderFrom      indatagram_stm.o
    0x08000e58   0x08000e58   0x00000008   Code   RO          310    i.DGheaderMaster    indatagram_stm.o
    0x08000e60   0x08000e60   0x00000008   Code   RO          311    i.DGheaderTo        indatagram_stm.o
    0x08000e68   0x08000e68   0x00000008   Code   RO          312    i.DGheaderType      indatagram_stm.o
    0x08000e70   0x08000e70   0x00000048   Code   RO          314    i.DGrecvData        indatagram_stm.o
    0x08000eb8   0x08000eb8   0x00000054   Code   RO          315    i.DGsend            indatagram_stm.o
    0x08000f0c   0x08000f0c   0x000000e0   Code   RO          316    i.DGsendToWaitAck   indatagram_stm.o
    0x08000fec   0x08000fec   0x0000000c   Code   RO          317    i.DGsetHeaderFrom   indatagram_stm.o
    0x08000ff8   0x08000ff8   0x0000000c   Code   RO          318    i.DGsetHeaderMaster  indatagram_stm.o
    0x08001004   0x08001004   0x0000000c   Code   RO          319    i.DGsetHeaderTo     indatagram_stm.o
    0x08001010   0x08001010   0x0000000c   Code   RO          320    i.DGsetHeaderType   indatagram_stm.o
    0x0800101c   0x0800101c   0x0000001c   Code   RO          322    i.DGsetThisAddress  indatagram_stm.o
    0x08001038   0x08001038   0x00000002   Code   RO         2133    i.DMA1_Channel1_Event  dma_stm32f10x.o
    0x0800103a   0x0800103a   0x00000002   PAD
    0x0800103c   0x0800103c   0x0000001c   Code   RO         2134    i.DMA1_Channel1_IRQHandler  dma_stm32f10x.o
    0x08001058   0x08001058   0x00000002   Code   RO         2135    i.DMA1_Channel2_Event  dma_stm32f10x.o
    0x0800105a   0x0800105a   0x00000002   PAD
    0x0800105c   0x0800105c   0x0000001c   Code   RO         2136    i.DMA1_Channel2_IRQHandler  dma_stm32f10x.o
    0x08001078   0x08001078   0x00000002   Code   RO         2137    i.DMA1_Channel3_Event  dma_stm32f10x.o
    0x0800107a   0x0800107a   0x00000002   PAD
    0x0800107c   0x0800107c   0x0000001c   Code   RO         2138    i.DMA1_Channel3_IRQHandler  dma_stm32f10x.o
    0x08001098   0x08001098   0x00000002   Code   RO         2139    i.DMA1_Channel4_Event  dma_stm32f10x.o
    0x0800109a   0x0800109a   0x00000002   PAD
    0x0800109c   0x0800109c   0x0000001c   Code   RO         2140    i.DMA1_Channel4_IRQHandler  dma_stm32f10x.o
    0x080010b8   0x080010b8   0x00000002   Code   RO         2141    i.DMA1_Channel5_Event  dma_stm32f10x.o
    0x080010ba   0x080010ba   0x00000002   PAD
    0x080010bc   0x080010bc   0x0000001c   Code   RO         2142    i.DMA1_Channel5_IRQHandler  dma_stm32f10x.o
    0x080010d8   0x080010d8   0x00000002   Code   RO         2143    i.DMA1_Channel6_Event  dma_stm32f10x.o
    0x080010da   0x080010da   0x00000002   PAD
    0x080010dc   0x080010dc   0x0000001c   Code   RO         2144    i.DMA1_Channel6_IRQHandler  dma_stm32f10x.o
    0x080010f8   0x080010f8   0x00000002   Code   RO         2145    i.DMA1_Channel7_Event  dma_stm32f10x.o
    0x080010fa   0x080010fa   0x00000002   PAD
    0x080010fc   0x080010fc   0x0000001c   Code   RO         2146    i.DMA1_Channel7_IRQHandler  dma_stm32f10x.o
    0x08001118   0x08001118   0x00000050   Code   RO          450    i.GPIO_Configuration  main.o
    0x08001168   0x08001168   0x00000116   Code   RO          791    i.GPIO_Init         stm32f10x_gpio.o
    0x0800127e   0x0800127e   0x00000012   Code   RO          795    i.GPIO_ReadInputDataBit  stm32f10x_gpio.o
    0x08001290   0x08001290   0x00000004   Code   RO          798    i.GPIO_ResetBits    stm32f10x_gpio.o
    0x08001294   0x08001294   0x00000004   Code   RO          799    i.GPIO_SetBits      stm32f10x_gpio.o
    0x08001298   0x08001298   0x00000030   Code   RO          647    i.ITM_SendChar      retarget_io.o
    0x080012c8   0x080012c8   0x00000060   Code   RO          517    i.MyTimerInit       mytimer.o
    0x08001328   0x08001328   0x00000024   Code   RO          451    i.NVIC_Configuration  main.o
    0x0800134c   0x0800134c   0x00000070   Code   RO          737    i.NVIC_Init         misc.o
    0x080013bc   0x080013bc   0x00000014   Code   RO          738    i.NVIC_PriorityGroupConfig  misc.o
    0x080013d0   0x080013d0   0x00000084   Code   RO          577    i.PrintfInit        printf.o
    0x08001454   0x08001454   0x00000020   Code   RO          913    i.RCC_APB1PeriphClockCmd  stm32f10x_rcc.o
    0x08001474   0x08001474   0x00000020   Code   RO          915    i.RCC_APB2PeriphClockCmd  stm32f10x_rcc.o
    0x08001494   0x08001494   0x0000000c   Code   RO          452    i.RCC_Configuration  main.o
    0x080014a0   0x080014a0   0x000000d4   Code   RO          923    i.RCC_GetClocksFreq  stm32f10x_rcc.o
    0x08001574   0x08001574   0x00000018   Code   RO         1230    i.SPI_Cmd           stm32f10x_spi.o
    0x0800158c   0x0800158c   0x0000003c   Code   RO         1243    i.SPI_Init          stm32f10x_spi.o
    0x080015c8   0x080015c8   0x0000000c   Code   RO          607    i.SPIx_DisableSlave  spi.o
    0x080015d4   0x080015d4   0x00000094   Code   RO          609    i.SPIx_Init         spi.o
    0x08001668   0x08001668   0x0000003c   Code   RO          610    i.SPIx_Transfer     spi.o
    0x080016a4   0x080016a4   0x00000008   Code   RO         2332    i.SetSysClock       system_stm32f10x.o
    0x080016ac   0x080016ac   0x000000e0   Code   RO         2333    i.SetSysClockTo72   system_stm32f10x.o
    0x0800178c   0x0800178c   0x00000010   Code   RO          518    i.SysTick_Handler   mytimer.o
    0x0800179c   0x0800179c   0x00000060   Code   RO         2335    i.SystemInit        system_stm32f10x.o
    0x080017fc   0x080017fc   0x00000016   Code   RO          519    i.TIM2_IRQHandler   mytimer.o
    0x08001812   0x08001812   0x00000006   Code   RO         1392    i.TIM_ClearITPendingBit  stm32f10x_tim.o
    0x08001818   0x08001818   0x00000022   Code   RO         1418    i.TIM_GetITStatus   stm32f10x_tim.o
    0x0800183a   0x0800183a   0x00000002   PAD
    0x0800183c   0x0800183c   0x000001ac   Code   RO          454    i.USART2_IRQHandler  main.o
    0x080019e8   0x080019e8   0x0000001e   Code   RO         1942    i.USART_ClearITPendingBit  stm32f10x_usart.o
    0x08001a06   0x08001a06   0x00000018   Code   RO         1945    i.USART_Cmd         stm32f10x_usart.o
    0x08001a1e   0x08001a1e   0x0000001a   Code   RO         1948    i.USART_GetFlagStatus  stm32f10x_usart.o
    0x08001a38   0x08001a38   0x00000054   Code   RO         1949    i.USART_GetITStatus  stm32f10x_usart.o
    0x08001a8c   0x08001a8c   0x0000004a   Code   RO         1951    i.USART_ITConfig    stm32f10x_usart.o
    0x08001ad6   0x08001ad6   0x00000002   PAD
    0x08001ad8   0x08001ad8   0x000000d8   Code   RO         1952    i.USART_Init        stm32f10x_usart.o
    0x08001bb0   0x08001bb0   0x0000000a   Code   RO         1959    i.USART_ReceiveData  stm32f10x_usart.o
    0x08001bba   0x08001bba   0x00000008   Code   RO         1962    i.USART_SendData    stm32f10x_usart.o
    0x08001bc2   0x08001bc2   0x00000026   Code   RO          648    i._sys_close        retarget_io.o
    0x08001be8   0x08001be8   0x00000024   Code   RO          649    i._sys_flen         retarget_io.o
    0x08001c0c   0x08001c0c   0x00000024   Code   RO          650    i._sys_istty        retarget_io.o
    0x08001c30   0x08001c30   0x00000068   Code   RO          651    i._sys_open         retarget_io.o
    0x08001c98   0x08001c98   0x0000002c   Code   RO          653    i._sys_seek         retarget_io.o
    0x08001cc4   0x08001cc4   0x00000058   Code   RO          654    i._sys_write        retarget_io.o
    0x08001d1c   0x08001d1c   0x00000018   Code   RO          520    i.delay             mytimer.o
    0x08001d34   0x08001d34   0x00000034   Code   RO            6    i.e_CheckReceiveFlag  incc1120.o
    0x08001d68   0x08001d68   0x00000018   Code   RO            7    i.e_DisableLNA      incc1120.o
    0x08001d80   0x08001d80   0x00000018   Code   RO            8    i.e_EnableLNA       incc1120.o
    0x08001d98   0x08001d98   0x00000030   Code   RO            9    i.e_GDO_Set         incc1120.o
    0x08001dc8   0x08001dc8   0x00000074   Code   RO           10    i.e_Init            incc1120.o
    0x08001e3c   0x08001e3c   0x0000002e   Code   RO           13    i.e_Read8BitRssi    incc1120.o
    0x08001e6a   0x08001e6a   0x00000002   PAD
    0x08001e6c   0x08001e6c   0x0000026c   Code   RO           14    i.e_ReceiveData     incc1120.o
    0x080020d8   0x080020d8   0x00000182   Code   RO           15    i.e_RegConfigSettings  incc1120.o
    0x0800225a   0x0800225a   0x00000002   PAD
    0x0800225c   0x0800225c   0x00000078   Code   RO           16    i.e_Reset           incc1120.o
    0x080022d4   0x080022d4   0x00000138   Code   RO           17    i.e_SendData        incc1120.o
    0x0800240c   0x0800240c   0x000000d0   Code   RO           18    i.e_SetChannel      incc1120.o
    0x080024dc   0x080024dc   0x00000042   Code   RO           19    i.e_SetReceive      incc1120.o
    0x0800251e   0x0800251e   0x00000002   PAD
    0x08002520   0x08002520   0x0000006c   Code   RO           20    i.e_SpiInit         incc1120.o
    0x0800258c   0x0800258c   0x000000a8   Code   RO           21    i.e_SpiReadBurstReg  incc1120.o
    0x08002634   0x08002634   0x00000088   Code   RO           22    i.e_SpiReadReg      incc1120.o
    0x080026bc   0x080026bc   0x00000034   Code   RO           24    i.e_SpiStrobe       incc1120.o
    0x080026f0   0x080026f0   0x0000004c   Code   RO           25    i.e_SpiWriteBurstReg  incc1120.o
    0x0800273c   0x0800273c   0x0000007c   Code   RO           26    i.e_SpiWriteReg     incc1120.o
    0x080027b8   0x080027b8   0x0000000c   Code   RO           27    i.e_headerFrom      incc1120.o
    0x080027c4   0x080027c4   0x0000000c   Code   RO           28    i.e_headerMaster    incc1120.o
    0x080027d0   0x080027d0   0x0000000c   Code   RO           29    i.e_headerTo        incc1120.o
    0x080027dc   0x080027dc   0x0000000c   Code   RO           30    i.e_headerType      incc1120.o
    0x080027e8   0x080027e8   0x0000000c   Code   RO           31    i.e_setHeaderFrom   incc1120.o
    0x080027f4   0x080027f4   0x0000000c   Code   RO           32    i.e_setHeaderMaster  incc1120.o
    0x08002800   0x08002800   0x0000000c   Code   RO           33    i.e_setHeaderTo     incc1120.o
    0x0800280c   0x0800280c   0x0000000c   Code   RO           34    i.e_setHeaderType   incc1120.o
    0x08002818   0x08002818   0x0000000c   Code   RO           36    i.e_setThisAddress  incc1120.o
    0x08002824   0x08002824   0x00000024   Code   RO          578    i.fputc             printf.o
    0x08002848   0x08002848   0x000002d4   Code   RO          455    i.main              main.o
    0x08002b1c   0x08002b1c   0x0000000c   Code   RO          522    i.millis            mytimer.o
    0x08002b28   0x08002b28   0x00000028   Code   RO           38    i.rssi_dbm          incc1120.o
    0x08002b50   0x08002b50   0x000000f0   Code   RO          456    i.send_and_wait_for_scan  main.o
    0x08002c40   0x08002c40   0x0000000c   Code   RO          655    i.stderr_putchar    retarget_io.o
    0x08002c4c   0x08002c4c   0x0000000c   Code   RO          657    i.stdout_putchar    retarget_io.o
    0x08002c58   0x08002c58   0x00000062   Code   RO         2437    x$fpl$d2f           fz_ws.l(d2f.o)
    0x08002cba   0x08002cba   0x00000002   PAD
    0x08002cbc   0x08002cbc   0x00000150   Code   RO         2439    x$fpl$dadd          fz_ws.l(daddsub_clz.o)
    0x08002e0c   0x08002e0c   0x0000002e   Code   RO         2446    x$fpl$dflt          fz_ws.l(dflt_clz.o)
    0x08002e3a   0x08002e3a   0x00000002   PAD
    0x08002e3c   0x08002e3c   0x00000154   Code   RO         2451    x$fpl$dmul          fz_ws.l(dmul.o)
    0x08002f90   0x08002f90   0x0000009c   Code   RO         2479    x$fpl$dnaninf       fz_ws.l(dnaninf.o)
    0x0800302c   0x0800302c   0x0000000c   Code   RO         2481    x$fpl$dretinf       fz_ws.l(dretinf.o)
    0x08003038   0x08003038   0x000001d4   Code   RO         2441    x$fpl$dsub          fz_ws.l(daddsub_clz.o)
    0x0800320c   0x0800320c   0x00000056   Code   RO         2453    x$fpl$f2d           fz_ws.l(f2d.o)
    0x08003262   0x08003262   0x00000002   PAD
    0x08003264   0x08003264   0x00000184   Code   RO         2456    x$fpl$fdiv          fz_ws.l(fdiv.o)
    0x080033e8   0x080033e8   0x00000036   Code   RO         2459    x$fpl$ffix          fz_ws.l(ffix.o)
    0x0800341e   0x0800341e   0x00000002   PAD
    0x08003420   0x08003420   0x00000102   Code   RO         2463    x$fpl$fmul          fz_ws.l(fmul.o)
    0x08003522   0x08003522   0x0000008c   Code   RO         2483    x$fpl$fnaninf       fz_ws.l(fnaninf.o)
    0x080035ae   0x080035ae   0x0000000a   Code   RO         2485    x$fpl$fretinf       fz_ws.l(fretinf.o)
    0x080035b8   0x080035b8   0x00000000   Code   RO         2487    x$fpl$usenofp       fz_ws.l(usenofp.o)
    0x080035b8   0x080035b8   0x00000017   Data   RO          658    .constdata          retarget_io.o
    0x080035cf   0x080035cf   0x00000028   Data   RO         2389    .constdata          c_w.l(_printf_hex_int.o)
    0x080035f7   0x080035f7   0x00000001   PAD
    0x080035f8   0x080035f8   0x0000008a   Data   RO           39    .conststring        incc1120.o
    0x08003682   0x08003682   0x00000002   PAD
    0x08003684   0x08003684   0x00000020   Data   RO         2786    Region$$Table       anon$$obj.o


    Execution Region ER_RW (Exec base: 0x20000000, Load base: 0x080036a4, Size: 0x00000094, Max: 0xffffffff, ABSOLUTE)

    Exec Addr    Load Addr    Size         Type   Attr      Idx    E Section Name        Object

    0x20000000   0x080036a4   0x0000000e   Data   RW           40    .data               incc1120.o
    0x2000000e   0x080036b2   0x00000002   PAD
    0x20000010   0x080036b4   0x0000001c   Data   RW          324    .data               indatagram_stm.o
    0x2000002c   0x080036d0   0x00000030   Data   RW          458    .data               main.o
    0x2000005c   0x08003700   0x00000004   Data   RW          523    .data               mytimer.o
    0x20000060   0x08003704   0x00000014   Data   RW          943    .data               stm32f10x_rcc.o
    0x20000074   0x08003718   0x00000014   Data   RW         2336    .data               system_stm32f10x.o
    0x20000088   0x0800372c   0x00000004   Data   RW         2474    .data               c_w.l(stdio_streams.o)
    0x2000008c   0x08003730   0x00000004   Data   RW         2475    .data               c_w.l(stdio_streams.o)
    0x20000090   0x08003734   0x00000004   Data   RW         2476    .data               c_w.l(stdio_streams.o)


    Execution Region ER_ZI (Exec base: 0x20000094, Load base: 0x08003738, Size: 0x00000914, Max: 0xffffffff, ABSOLUTE)

    Exec Addr    Load Addr    Size         Type   Attr      Idx    E Section Name        Object

    0x20000094        -       0x000001b8   Zero   RW          457    .bss                main.o
    0x2000024c        -       0x00000054   Zero   RW         2471    .bss                c_w.l(stdio_streams.o)
    0x200002a0        -       0x00000054   Zero   RW         2472    .bss                c_w.l(stdio_streams.o)
    0x200002f4        -       0x00000054   Zero   RW         2473    .bss                c_w.l(stdio_streams.o)
    0x20000348        -       0x00000060   Zero   RW         2662    .bss                c_w.l(libspace.o)
    0x200003a8        -       0x00000200   Zero   RW         2323    HEAP                startup_stm32f10x_md.o
    0x200005a8        -       0x00000400   Zero   RW         2322    STACK               startup_stm32f10x_md.o


==============================================================================

Image component sizes


      Code (inc. data)   RO Data    RW Data    ZI Data      Debug   Object Name

       210         30          0          0          0       7259   dma_stm32f10x.o
      2834        464        138         14          0     284234   incc1120.o
       608        102          0         28          0      13305   indatagram_stm.o
      1520        162          0         48        440       8176   main.o
       132         22          0          0          0       1691   misc.o
       170         24          0          4          0      27630   mytimer.o
       168         12          0          0          0       1165   printf.o
       418         30         23          0          0       6946   retarget_io.o
       220         18          0          0          0       1544   spi.o
        64         26        236          0       1536        856   startup_stm32f10x_md.o
       304          0          0          0          0       3876   stm32f10x_gpio.o
       276         32          0         20          0       4606   stm32f10x_rcc.o
        84          0          0          0          0       2285   stm32f10x_spi.o
        40          0          0          0          0       1902   stm32f10x_tim.o
       472          6          0          0          0       7159   stm32f10x_usart.o
       328         28          0         20          0       2465   system_stm32f10x.o

    ----------------------------------------------------------------------
      7872        956        431        136       1976     375099   Object Totals
         0          0         32          0          0          0   (incl. Generated)
        24          0          2          2          0          0   (incl. Padding)

    ----------------------------------------------------------------------

      Code (inc. data)   RO Data    RW Data    ZI Data      Debug   Library Member Name

         8          0          0          0          0         68   __main.o
       104          0          0          0          0         84   __printf.o
         0          0          0          0          0          0   __rtentry.o
        12          0          0          0          0          0   __rtentry2.o
         6          0          0          0          0          0   __rtentry4.o
        52          8          0          0          0          0   __scatter.o
        26          0          0          0          0          0   __scatter_copy.o
        28          0          0          0          0          0   __scatter_zi.o
        48          6          0          0          0         96   _printf_char_common.o
        36          4          0          0          0         80   _printf_char_file.o
         6          0          0          0          0          0   _printf_d.o
       120         16          0          0          0         92   _printf_dec.o
        88          4         40          0          0         88   _printf_hex_int.o
       178          0          0          0          0         88   _printf_intcommon.o
         0          0          0          0          0          0   _printf_percent.o
         4          0          0          0          0          0   _printf_percent_end.o
         6          0          0          0          0          0   _printf_x.o
        10          0          0          0          0         68   defsig_exit.o
        50          0          0          0          0         88   defsig_general.o
        80         58          0          0          0         76   defsig_rtmem_inner.o
        14          0          0          0          0         80   defsig_rtmem_outer.o
        52         38          0          0          0         76   defsig_rtred_inner.o
        14          0          0          0          0         80   defsig_rtred_outer.o
        18          0          0          0          0         80   exit.o
        76          0          0          0          0         88   fclose.o
         8          0          0          0          0         68   ferror.o
       236          4          0          0          0        128   fopen.o
       248          6          0          0          0         84   fseek.o
        66          0          0          0          0         76   ftell.o
        94          0          0          0          0         80   h1_alloc.o
        52          0          0          0          0         68   h1_extend.o
        78          0          0          0          0         80   h1_free.o
        14          0          0          0          0         84   h1_init.o
         6          0          0          0          0        152   heapauxi.o
         4          0          0          0          0        136   hguard.o
         0          0          0          0          0          0   indicate_semi.o
       138          0          0          0          0        168   init_alloc.o
       312         46          0          0          0        112   initio.o
         2          0          0          0          0          0   libinit.o
        14          0          0          0          0          0   libinit2.o
         2          0          0          0          0          0   libshutdown.o
         6          0          0          0          0          0   libshutdown2.o
         8          4          0          0         96         68   libspace.o
         0          0          0          0          0          0   maybetermalloc1.o
        24          4          0          0          0         84   noretval__2printf.o
         8          4          0          0          0         68   rt_errno_addr_intlibspace.o
         8          4          0          0          0         68   rt_heap_descriptor_intlibspace.o
        78          0          0          0          0         80   rt_memclr_w.o
       138          0          0          0          0         68   rt_memcpy_v6.o
       100          0          0          0          0         80   rt_memcpy_w.o
         2          0          0          0          0          0   rtexit.o
        10          0          0          0          0          0   rtexit2.o
        70          0          0          0          0         80   setvbuf.o
       240          6          0          0          0        156   stdio.o
         0          0          0         12        252          0   stdio_streams.o
       128          0          0          0          0         68   strcmpv7m.o
        12          4          0          0          0         68   sys_exit.o
        74          0          0          0          0         80   sys_stackheap_outer.o
        14          0          0          0          0         76   sys_wrch.o
         2          0          0          0          0         68   use_no_semi.o
        98          4          0          0          0         92   d2f.o
       804         16          0          0          0        272   daddsub_clz.o
        46          0          0          0          0         68   dflt_clz.o
       340         12          0          0          0        104   dmul.o
       156          4          0          0          0         92   dnaninf.o
        12          0          0          0          0         68   dretinf.o
        86          4          0          0          0         84   f2d.o
       388         76          0          0          0         96   fdiv.o
        54          4          0          0          0         84   ffix.o
       258          4          0          0          0         84   fmul.o
       140          4          0          0          0         84   fnaninf.o
        10          0          0          0          0         68   fretinf.o
         0          0          0          0          0          0   usenofp.o

    ----------------------------------------------------------------------
      5644        344         41         12        348       4776   Library Totals
        20          0          1          0          0          0   (incl. Padding)

    ----------------------------------------------------------------------

      Code (inc. data)   RO Data    RW Data    ZI Data      Debug   Library Name

      3232        216         40         12        348       3580   c_w.l
      2392        128          0          0          0       1196   fz_ws.l

    ----------------------------------------------------------------------
      5644        344         41         12        348       4776   Library Totals

    ----------------------------------------------------------------------

==============================================================================


      Code (inc. data)   RO Data    RW Data    ZI Data      Debug   

     13516       1300        472        148       2324     371811   Grand Totals
     13516       1300        472        148       2324     371811   ELF Image Totals
     13516       1300        472        148          0          0   ROM Totals

==============================================================================

    Total RO  Size (Code + RO Data)                13988 (  13.66kB)
    Total RW  Size (RW Data + ZI Data)              2472 (   2.41kB)
    Total ROM Size (Code + RO Data + RW Data)      14136 (  13.80kB)

==============================================================================

