Component: ARM Compiler 5.06 update 5 (build 528) Tool: armlink [4d35e2]

==============================================================================

Section Cross References

    cc1120.o(i.CRCC) refers to cc1120.o(i.culCalcCRC) for culCalcCRC
    cc1120.o(i.e_CheckReceiveFlag) refers to cc1120.o(i.e_SpiStrobe) for e_SpiStrobe
    cc1120.o(i.e_CheckReceiveFlag) refers to stm32f10x_gpio.o(i.GPIO_ReadInputDataBit) for GPIO_ReadInputDataBit
    cc1120.o(i.e_DisableLNA) refers to stm32f10x_gpio.o(i.GPIO_ResetBits) for GPIO_ResetBits
    cc1120.o(i.e_EnableLNA) refers to stm32f10x_gpio.o(i.GPIO_ResetBits) for GPIO_ResetBits
    cc1120.o(i.e_EnableLNA) refers to stm32f10x_gpio.o(i.GPIO_SetBits) for GPIO_SetBits
    cc1120.o(i.e_GDO_Set) refers to stm32f10x_gpio.o(i.GPIO_Init) for GPIO_Init
    cc1120.o(i.e_GDO_Set) refers to stm32f10x_gpio.o(i.GPIO_SetBits) for GPIO_SetBits
    cc1120.o(i.e_Init) refers to printf.o(i.PrintfInit) for PrintfInit
    cc1120.o(i.e_Init) refers to mytimer.o(i.MyTimerInit) for MyTimerInit
    cc1120.o(i.e_Init) refers to cc1120.o(i.e_SpiInit) for e_SpiInit
    cc1120.o(i.e_Init) refers to cc1120.o(i.e_GDO_Set) for e_GDO_Set
    cc1120.o(i.e_Init) refers to stm32f10x_gpio.o(i.GPIO_SetBits) for GPIO_SetBits
    cc1120.o(i.e_Init) refers to stm32f10x_gpio.o(i.GPIO_ResetBits) for GPIO_ResetBits
    cc1120.o(i.e_Init) refers to cc1120.o(i.e_EnableLNA) for e_EnableLNA
    cc1120.o(i.e_Init) refers to cc1120.o(i.e_Reset) for e_Reset
    cc1120.o(i.e_Init) refers to cc1120.o(i.e_RegConfigSettings) for e_RegConfigSettings
    cc1120.o(i.e_Init) refers to cc1120.o(.data) for e_thisAddress
    cc1120.o(i.e_ManualCalibration) refers to cc1120.o(i.e_SpiWriteReg) for e_SpiWriteReg
    cc1120.o(i.e_ManualCalibration) refers to cc1120.o(i.e_SpiReadReg) for e_SpiReadReg
    cc1120.o(i.e_ManualCalibration) refers to cc1120.o(i.e_SpiStrobe) for e_SpiStrobe
    cc1120.o(i.e_PrintChannel) refers to _printf_percent.o(.ARM.Collect$$_printf_percent$$00000000) for _printf_percent
    cc1120.o(i.e_PrintChannel) refers to _printf_d.o(.ARM.Collect$$_printf_percent$$00000009) for _printf_d
    cc1120.o(i.e_PrintChannel) refers to _printf_dec.o(.text) for _printf_int_dec
    cc1120.o(i.e_PrintChannel) refers to _printf_x.o(.ARM.Collect$$_printf_percent$$0000000C) for _printf_x
    cc1120.o(i.e_PrintChannel) refers to _printf_hex_int.o(.text) for _printf_longlong_hex
    cc1120.o(i.e_PrintChannel) refers to dflt_clz.o(x$fpl$dflt) for __aeabi_i2d
    cc1120.o(i.e_PrintChannel) refers to dmul.o(x$fpl$dmul) for __aeabi_dmul
    cc1120.o(i.e_PrintChannel) refers to f2d.o(x$fpl$f2d) for __aeabi_f2d
    cc1120.o(i.e_PrintChannel) refers to daddsub_clz.o(x$fpl$dadd) for __aeabi_dadd
    cc1120.o(i.e_PrintChannel) refers to d2f.o(x$fpl$d2f) for __aeabi_d2f
    cc1120.o(i.e_PrintChannel) refers to fmul.o(x$fpl$fmul) for __aeabi_fmul
    cc1120.o(i.e_PrintChannel) refers to fdiv.o(x$fpl$fdiv) for __aeabi_fdiv
    cc1120.o(i.e_PrintChannel) refers to ffix.o(x$fpl$ffix) for __aeabi_f2iz
    cc1120.o(i.e_PrintChannel) refers to noretval__2printf.o(.text) for __2printf
    cc1120.o(i.e_Read8BitRssi) refers to cc1120.o(i.e_SpiReadReg) for e_SpiReadReg
    cc1120.o(i.e_ReceiveData) refers to _printf_percent.o(.ARM.Collect$$_printf_percent$$00000000) for _printf_percent
    cc1120.o(i.e_ReceiveData) refers to _printf_d.o(.ARM.Collect$$_printf_percent$$00000009) for _printf_d
    cc1120.o(i.e_ReceiveData) refers to _printf_dec.o(.text) for _printf_int_dec
    cc1120.o(i.e_ReceiveData) refers to noretval__2printf.o(.text) for __2printf
    cc1120.o(i.e_ReceiveData) refers to cc1120.o(i.e_SpiReadReg) for e_SpiReadReg
    cc1120.o(i.e_ReceiveData) refers to mytimer.o(i.delay) for delay
    cc1120.o(i.e_ReceiveData) refers to cc1120.o(i.e_SpiStrobe) for e_SpiStrobe
    cc1120.o(i.e_ReceiveData) refers to cc1120.o(i.e_SpiReadBurstReg) for e_SpiReadBurstReg
    cc1120.o(i.e_ReceiveData) refers to cc1120.o(i.rssi_dbm) for rssi_dbm
    cc1120.o(i.e_ReceiveData) refers to cc1120.o(i.e_Read8BitRssi) for e_Read8BitRssi
    cc1120.o(i.e_ReceiveData) refers to mytimer.o(i.millis) for millis
    cc1120.o(i.e_ReceiveData) refers to rt_memcpy_v6.o(.text) for __aeabi_memcpy
    cc1120.o(i.e_ReceiveData) refers to main.o(.data) for e_rssi
    cc1120.o(i.e_ReceiveData) refers to cc1120.o(.conststring) for .conststring
    cc1120.o(i.e_ReceiveData) refers to cc1120.o(.data) for e_rxHeaderFrom
    cc1120.o(i.e_RegConfigSettings) refers to cc1120.o(i.e_SpiWriteReg) for e_SpiWriteReg
    cc1120.o(i.e_RegConfigSettings) refers to cc1120.o(i.e_SetChannel) for e_SetChannel
    cc1120.o(i.e_Reset) refers to stm32f10x_gpio.o(i.GPIO_ResetBits) for GPIO_ResetBits
    cc1120.o(i.e_Reset) refers to mytimer.o(i.delay) for delay
    cc1120.o(i.e_Reset) refers to stm32f10x_gpio.o(i.GPIO_SetBits) for GPIO_SetBits
    cc1120.o(i.e_Reset) refers to noretval__2printf.o(.text) for __2printf
[...]
    .text                                    0x0800051c   Section        0  initio.o(.text)
    .text                                    0x08000654   Section        8  libspace.o(.text)
    .text                                    0x0800065c   Section       74  sys_stackheap_outer.o(.text)
    .text                                    0x080006a6   Section        0  h1_free.o(.text)
    .text                                    0x080006f4   Section        0  setvbuf.o(.text)
    .text                                    0x0800073c   Section        0  fopen.o(.text)
    _freopen_locked                          0x0800073d   Thumb Code     0  fopen.o(.text)
    .text                                    0x08000828   Section        0  fclose.o(.text)
    .text                                    0x08000874   Section        0  exit.o(.text)
    .text                                    0x08000886   Section        0  defsig_rtred_outer.o(.text)
    .text                                    0x08000894   Section        8  rt_heap_descriptor_intlibspace.o(.text)
    .text                                    0x0800089c   Section        0  hguard.o(.text)
    .text                                    0x080008a0   Section        0  init_alloc.o(.text)
    .text                                    0x0800092a   Section        0  h1_alloc.o(.text)
    .text                                    0x08000988   Section        0  fseek.o(.text)
    .text                                    0x08000a80   Section        0  stdio.o(.text)
    .text                                    0x08000b70   Section        0  defsig_exit.o(.text)
    .text                                    0x08000b7c   Section        0  defsig_rtred_inner.o(.text)
    .text                                    0x08000bb0   Section        0  sys_exit.o(.text)
    .text                                    0x08000bbc   Section        0  h1_init.o(.text)
    .text                                    0x08000bca   Section        0  h1_extend.o(.text)
    .text                                    0x08000bfe   Section        0  ftell.o(.text)
    .text                                    0x08000c40   Section        0  defsig_general.o(.text)
    .text                                    0x08000c72   Section        0  defsig_rtmem_outer.o(.text)
    .text                                    0x08000c80   Section        0  sys_wrch.o(.text)
    .text                                    0x08000c8e   Section        2  use_no_semi.o(.text)
    .text                                    0x08000c90   Section        8  rt_errno_addr_intlibspace.o(.text)
    .text                                    0x08000c90   Section        0  indicate_semi.o(.text)
    .text                                    0x08000c98   Section        0  defsig_rtmem_inner.o(.text)
    i.DGInit                                 0x08000ce8   Section        0  datagram_stm.o(i.DGInit)
    i.DGSetReceive                           0x08000d7c   Section        0  datagram_stm.o(i.DGSetReceive)
    i.DGclearRoutingTable                    0x08000d84   Section        0  datagram_stm.o(i.DGclearRoutingTable)
    i.DGgetThisAddress                       0x08000db8   Section        0  datagram_stm.o(i.DGgetThisAddress)
    i.DGsetHeaderFrom                        0x08000dc4   Section        0  datagram_stm.o(i.DGsetHeaderFrom)
    i.DGsetThisAddress                       0x08000dd0   Section        0  datagram_stm.o(i.DGsetThisAddress)
    i.DMA1_Channel1_Event                    0x08000dec   Section        0  dma_stm32f10x.o(i.DMA1_Channel1_Event)
    i.DMA1_Channel1_IRQHandler               0x08000df0   Section        0  dma_stm32f10x.o(i.DMA1_Channel1_IRQHandler)
    i.DMA1_Channel2_Event                    0x08000e0c   Section        0  dma_stm32f10x.o(i.DMA1_Channel2_Event)
    i.DMA1_Channel2_IRQHandler               0x08000e10   Section        0  dma_stm32f10x.o(i.DMA1_Channel2_IRQHandler)
    i.DMA1_Channel3_Event                    0x08000e2c   Section        0  dma_stm32f10x.o(i.DMA1_Channel3_Event)
    i.DMA1_Channel3_IRQHandler               0x08000e30   Section        0  dma_stm32f10x.o(i.DMA1_Channel3_IRQHandler)
    i.DMA1_Channel4_Event                    0x08000e4c   Section        0  dma_stm32f10x.o(i.DMA1_Channel4_Event)
    i.DMA1_Channel4_IRQHandler               0x08000e50   Section        0  dma_stm32f10x.o(i.DMA1_Channel4_IRQHandler)
    i.DMA1_Channel5_Event                    0x08000e6c   Section        0  dma_stm32f10x.o(i.DMA1_Channel5_Event)
    i.DMA1_Channel5_IRQHandler               0x08000e70   Section        0  dma_stm32f10x.o(i.DMA1_Channel5_IRQHandler)
    i.DMA1_Channel6_Event                    0x08000e8c   Section        0  dma_stm32f10x.o(i.DMA1_Channel6_Event)
    i.DMA1_Channel6_IRQHandler               0x08000e90   Section        0  dma_stm32f10x.o(i.DMA1_Channel6_IRQHandler)
    i.DMA1_Channel7_Event                    0x08000eac   Section        0  dma_stm32f10x.o(i.DMA1_Channel7_Event)
    i.DMA1_Channel7_IRQHandler               0x08000eb0   Section        0  dma_stm32f10x.o(i.DMA1_Channel7_IRQHandler)
    i.GPIO_Configuration                     0x08000ecc   Section        0  main.o(i.GPIO_Configuration)
    i.GPIO_Init                              0x08000f1c   Section        0  stm32f10x_gpio.o(i.GPIO_Init)
    i.GPIO_ReadInputDataBit                  0x08001032   Section        0  stm32f10x_gpio.o(i.GPIO_ReadInputDataBit)
    i.GPIO_ResetBits                         0x08001044   Section        0  stm32f10x_gpio.o(i.GPIO_ResetBits)
    i.GPIO_SetBits                           0x08001048   Section        0  stm32f10x_gpio.o(i.GPIO_SetBits)
    i.ITM_SendChar                           0x0800104c   Section        0  retarget_io.o(i.ITM_SendChar)
    i.MyTimerInit                            0x0800107c   Section        0  mytimer.o(i.MyTimerInit)
    i.NVIC_Configuration                     0x080010dc   Section        0  main.o(i.NVIC_Configuration)
    i.NVIC_Init                              0x08001100   Section        0  misc.o(i.NVIC_Init)
    i.NVIC_PriorityGroupConfig               0x08001170   Section        0  misc.o(i.NVIC_PriorityGroupConfig)
    i.PrintfInit                             0x08001184   Section        0  printf.o(i.PrintfInit)
    i.RCC_APB1PeriphClockCmd                 0x08001208   Section        0  stm32f10x_rcc.o(i.RCC_APB1PeriphClockCmd)
    i.RCC_APB2PeriphClockCmd                 0x08001228   Section        0  stm32f10x_rcc.o(i.RCC_APB2PeriphClockCmd)
    i.RCC_Configuration                      0x08001248   Section        0  main.o(i.RCC_Configuration)
    i.RCC_GetClocksFreq                      0x08001254   Section        0  stm32f10x_rcc.o(i.RCC_GetClocksFreq)
    i.SPI_Cmd                                0x08001328   Section        0  stm32f10x_spi.o(i.SPI_Cmd)
    i.SPI_Init                               0x08001340   Section        0  stm32f10x_spi.o(i.SPI_Init)
    i.SPIx_DisableSlave                      0x0800137c   Section        0  spi.o(i.SPIx_DisableSlave)
    i.SPIx_Init                              0x08001388   Section        0  spi.o(i.SPIx_Init)
    i.SPIx_Transfer                          0x0800141c   Section        0  spi.o(i.SPIx_Transfer)
    i.SetSysClock                            0x08001458   Section        0  system_stm32f10x.o(i.SetSysClock)
    SetSysClock                              0x08001459   Thumb Code     8  system_stm32f10x.o(i.SetSysClock)
    i.SetSysClockTo72                        0x08001460   Section        0  system_stm32f10x.o(i.SetSysClockTo72)
    SetSysClockTo72                          0x08001461   Thumb Code   214  system_stm32f10x.o(i.SetSysClockTo72)
    i.SysTick_Handler                        0x08001540   Section        0  mytimer.o(i.SysTick_Handler)
    i.SystemInit                             0x08001550   Section        0  system_stm32f10x.o(i.SystemInit)
    i.TIM2_IRQHandler                        0x080015b0   Section        0  mytimer.o(i.TIM2_IRQHandler)
    i.TIM_ClearITPendingBit                  0x080015c6   Section        0  stm32f10x_tim.o(i.TIM_ClearITPendingBit)
    i.TIM_GetITStatus                        0x080015cc   Section        0  stm32f10x_tim.o(i.TIM_GetITStatus)
    i.USART2_Configuration                   0x080015f0   Section        0  main.o(i.USART2_Configuration)
    i.USART2_IRQHandler                      0x08001640   Section        0  main.o(i.USART2_IRQHandler)
    i.USART_ClearITPendingBit                0x080017c0   Section        0  stm32f10x_usart.o(i.USART_ClearITPendingBit)
    i.USART_Cmd                              0x080017de   Section        0  stm32f10x_usart.o(i.USART_Cmd)
    i.USART_GetFlagStatus                    0x080017f6   Section        0  stm32f10x_usart.o(i.USART_GetFlagStatus)
    i.USART_GetITStatus                      0x08001810   Section        0  stm32f10x_usart.o(i.USART_GetITStatus)
    i.USART_ITConfig                         0x08001864   Section        0  stm32f10x_usart.o(i.USART_ITConfig)
    i.USART_Init                             0x080018b0   Section        0  stm32f10x_usart.o(i.USART_Init)
    i.USART_ReceiveData                      0x08001988   Section        0  stm32f10x_usart.o(i.USART_ReceiveData)
    i.USART_SendData                         0x08001992   Section        0  stm32f10x_usart.o(i.USART_SendData)
    i._sys_close                             0x0800199a   Section        0  retarget_io.o(i._sys_close)
    i._sys_flen                              0x080019c0   Section        0  retarget_io.o(i._sys_flen)
    i._sys_istty                             0x080019e4   Section        0  retarget_io.o(i._sys_istty)
    i._sys_open                              0x08001a08   Section        0  retarget_io.o(i._sys_open)
    i._sys_seek                              0x08001a70   Section        0  retarget_io.o(i._sys_seek)
    i._sys_write                             0x08001a9c   Section        0  retarget_io.o(i._sys_write)
    i.delay                                  0x08001af4   Section        0  mytimer.o(i.delay)
    i.e_EnableLNA                            0x08001b0c   Section        0  cc1120.o(i.e_EnableLNA)
    i.e_GDO_Set                              0x08001b24   Section        0  cc1120.o(i.e_GDO_Set)
    i.e_Init                                 0x08001b54   Section        0  cc1120.o(i.e_Init)
    i.e_RegConfigSettings                    0x08001bf0   Section        0  cc1120.o(i.e_RegConfigSettings)
    i.e_Reset                                0x08001d74   Section        0  cc1120.o(i.e_Reset)
    i.e_SetChannel                           0x08001dec   Section        0  cc1120.o(i.e_SetChannel)
    i.e_SetReceive                           0x08001ebc   Section        0  cc1120.o(i.e_SetReceive)
    i.e_SpiInit                              0x08001f00   Section        0  cc1120.o(i.e_SpiInit)
    i.e_SpiStrobe                            0x08001f6c   Section        0  cc1120.o(i.e_SpiStrobe)
    i.e_SpiWriteReg                          0x08001fa0   Section        0  cc1120.o(i.e_SpiWriteReg)
    i.e_setHeaderFrom                        0x0800201c   Section        0  cc1120.o(i.e_setHeaderFrom)
    i.e_setThisAddress                       0x08002028   Section        0  cc1120.o(i.e_setThisAddress)
    i.fputc                                  0x08002034   Section        0  printf.o(i.fputc)
    i.main                                   0x08002058   Section        0  main.o(i.main)
    i.millis                                 0x08002090   Section        0  mytimer.o(i.millis)
    i.stderr_putchar                         0x0800209c   Section        0  retarget_io.o(i.stderr_putchar)
    stderr_putchar                           0x0800209d   Thumb Code    12  retarget_io.o(i.stderr_putchar)
    i.stdout_putchar                         0x080020a8   Section        0  retarget_io.o(i.stdout_putchar)
    stdout_putchar                           0x080020a9   Thumb Code    12  retarget_io.o(i.stdout_putchar)
    x$fpl$d2f                                0x080020b4   Section       98  d2f.o(x$fpl$d2f)
    x$fpl$dadd                               0x08002118   Section      336  daddsub_clz.o(x$fpl$dadd)
    _dadd1                                   0x08002129   Thumb Code     0  daddsub_clz.o(x$fpl$dadd)
    x$fpl$dflt                               0x08002268   Section       46  dflt_clz.o(x$fpl$dflt)
    x$fpl$dmul                               0x08002298   Section      340  dmul.o(x$fpl$dmul)
    x$fpl$dnaninf                            0x080023ec   Section      156  dnaninf.o(x$fpl$dnaninf)
    x$fpl$dretinf                            0x08002488   Section       12  dretinf.o(x$fpl$dretinf)
    x$fpl$dsub                               0x08002494   Section      468  daddsub_clz.o(x$fpl$dsub)
    _dsub1                                   0x080024a5   Thumb Code     0  daddsub_clz.o(x$fpl$dsub)
    x$fpl$f2d                                0x08002668   Section       86  f2d.o(x$fpl$f2d)
    x$fpl$fdiv                               0x080026c0   Section      388  fdiv.o(x$fpl$fdiv)
    _fdiv1                                   0x080026c1   Thumb Code     0  fdiv.o(x$fpl$fdiv)
    x$fpl$ffix                               0x08002844   Section       54  ffix.o(x$fpl$ffix)
    x$fpl$fmul                               0x0800287c   Section      258  fmul.o(x$fpl$fmul)
    x$fpl$fnaninf                            0x0800297e   Section      140  fnaninf.o(x$fpl$fnaninf)
    x$fpl$fretinf                            0x08002a0a   Section       10  fretinf.o(x$fpl$fretinf)
    .constdata                               0x08002a14   Section       23  retarget_io.o(.constdata)
    x$fpl$usenofp                            0x08002a14   Section        0  usenofp.o(x$fpl$usenofp)
    .constdata                               0x08002a2b   Section       40  _printf_hex_int.o(.constdata)
    uc_hextab                                0x08002a2b   Data          20  _printf_hex_int.o(.constdata)
    lc_hextab                                0x08002a3f   Data          20  _printf_hex_int.o(.constdata)
    .data                                    0x20000000   Section       23  cc1120.o(.data)
    curTime                                  0x20000000   Data           4  cc1120.o(.data)
    e_thisAddress                            0x20000004   Data           1  cc1120.o(.data)
    e_rxHeaderFrom                           0x20000005   Data           1  cc1120.o(.data)
    e_rxHeaderTo                             0x20000006   Data           1  cc1120.o(.data)
    e_rxHeaderSource                         0x20000007   Data           1  cc1120.o(.data)
    e_rxHeaderDestination                    0x20000008   Data           1  cc1120.o(.data)
    e_rxHeaderType                           0x20000009   Data           1  cc1120.o(.data)
    e_rxHeaderData                           0x2000000a   Data           1  cc1120.o(.data)
    e_rxHeaderFlags                          0x2000000b   Data           1  cc1120.o(.data)
    e_rxHeaderSeqNum                         0x2000000c   Data           1  cc1120.o(.data)
    e_rxHeaderHop                            0x2000000d   Data           1  cc1120.o(.data)
    e_txHeaderFrom                           0x2000000e   Data           1  cc1120.o(.data)
    e_txHeaderTo                             0x2000000f   Data           1  cc1120.o(.data)
    e_txHeaderSource                         0x20000010   Data           1  cc1120.o(.data)
    e_txHeaderDestination                    0x20000011   Data           1  cc1120.o(.data)
    e_txHeaderType                           0x20000012   Data           1  cc1120.o(.data)
    e_txHeaderData                           0x20000013   Data           1  cc1120.o(.data)
    e_txHeaderFlags                          0x20000014   Data           1  cc1120.o(.data)
    e_txHeaderSeqNum                         0x20000015   Data           1  cc1120.o(.data)
    e_txHeaderHop                            0x20000016   Data           1  cc1120.o(.data)
    .data                                    0x20000018   Section       52  datagram_stm.o(.data)
    curTime                                  0x20000018   Data           4  datagram_stm.o(.data)
    e_thisAddress                            0x2000001c   Data           1  datagram_stm.o(.data)
    e_rxHeaderFrom                           0x2000001d   Data           1  datagram_stm.o(.data)
    e_rxHeaderTo                             0x2000001e   Data           1  datagram_stm.o(.data)
    e_rxHeaderSource                         0x2000001f   Data           1  datagram_stm.o(.data)
    e_rxHeaderDestination                    0x20000020   Data           1  datagram_stm.o(.data)
    e_rxHeaderType                           0x20000021   Data           1  datagram_stm.o(.data)
    e_rxHeaderData                           0x20000022   Data           1  datagram_stm.o(.data)
    e_rxHeaderFlags                          0x20000023   Data           1  datagram_stm.o(.data)
    e_rxHeaderSeqNum                         0x20000024   Data           1  datagram_stm.o(.data)
    e_rxHeaderHop                            0x20000025   Data           1  datagram_stm.o(.data)
    e_txHeaderFrom                           0x20000026   Data           1  datagram_stm.o(.data)
    e_txHeaderTo                             0x20000027   Data           1  datagram_stm.o(.data)
    e_txHeaderSource                         0x20000028   Data           1  datagram_stm.o(.data)
    e_txHeaderDestination                    0x20000029   Data           1  datagram_stm.o(.data)
    e_txHeaderType                           0x2000002a   Data           1  datagram_stm.o(.data)
    e_txHeaderData                           0x2000002b   Data           1  datagram_stm.o(.data)
    e_txHeaderFlags                          0x2000002c   Data           1  datagram_stm.o(.data)
    e_txHeaderSeqNum                         0x2000002d   Data           1  datagram_stm.o(.data)
    e_txHeaderHop                            0x2000002e   Data           1  datagram_stm.o(.data)
    DG_thisAddress                           0x2000002f   Data           1  datagram_stm.o(.data)
    DG_rxHeaderTo                            0x20000030   Data           1  datagram_stm.o(.data)
    DG_rxHeaderFrom                          0x20000031   Data           1  datagram_stm.o(.data)
    DG_rxHeaderSource                        0x20000032   Data           1  datagram_stm.o(.data)
    DG_rxHeaderDestination                   0x20000033   Data           1  datagram_stm.o(.data)
    DG_rxHeaderType                          0x20000034   Data           1  datagram_stm.o(.data)
    DG_rxHeaderData                          0x20000035   Data           1  datagram_stm.o(.data)
    DG_rxHeaderFlags                         0x20000036   Data           1  datagram_stm.o(.data)
    DG_rxHeaderSeqNum                        0x20000037   Data           1  datagram_stm.o(.data)
    DG_rxHeaderHop                           0x20000038   Data           1  datagram_stm.o(.data)
    DGcandidateAddress                       0x20000039   Data           1  datagram_stm.o(.data)
    DGcandidateRSSI                          0x2000003a   Data           1  datagram_stm.o(.data)
    DGreceivedType                           0x2000003b   Data           1  datagram_stm.o(.data)
    DGstartTime                              0x2000003c   Data           4  datagram_stm.o(.data)
    DGresetTime                              0x20000040   Data           4  datagram_stm.o(.data)
    DGmasterBroadcastAddress                 0x20000044   Data           1  datagram_stm.o(.data)
    DGgatewayNumber                          0x20000045   Data           1  datagram_stm.o(.data)
    DGsendingTime                            0x20000048   Data           4  datagram_stm.o(.data)
    .data                                    0x2000004c   Section        4  mytimer.o(.data)
    curTime                                  0x2000004c   Data           4  mytimer.o(.data)
    .data                                    0x20000050   Section       93  main.o(.data)
    curTime                                  0x20000050   Data           4  main.o(.data)
    e_thisAddress                            0x20000054   Data           1  main.o(.data)
    e_rxHeaderFrom                           0x20000055   Data           1  main.o(.data)
    e_rxHeaderTo                             0x20000056   Data           1  main.o(.data)
    e_rxHeaderSource                         0x20000057   Data           1  main.o(.data)
    e_rxHeaderDestination                    0x20000058   Data           1  main.o(.data)
    e_rxHeaderType                           0x20000059   Data           1  main.o(.data)
    e_rxHeaderData                           0x2000005a   Data           1  main.o(.data)
    e_rxHeaderFlags                          0x2000005b   Data           1  main.o(.data)
    e_rxHeaderSeqNum                         0x2000005c   Data           1  main.o(.data)
    e_rxHeaderHop                            0x2000005d   Data           1  main.o(.data)
    e_txHeaderFrom                           0x2000005e   Data           1  main.o(.data)
    e_txHeaderTo                             0x2000005f   Data           1  main.o(.data)
    e_txHeaderSource                         0x20000060   Data           1  main.o(.data)
    e_txHeaderDestination                    0x20000061   Data           1  main.o(.data)
    e_txHeaderType                           0x20000062   Data           1  main.o(.data)
    e_txHeaderData                           0x20000063   Data           1  main.o(.data)
    e_txHeaderFlags                          0x20000064   Data           1  main.o(.data)
    e_txHeaderSeqNum                         0x20000065   Data           1  main.o(.data)
    e_txHeaderHop                            0x20000066   Data           1  main.o(.data)
    DG_thisAddress                           0x20000067   Data           1  main.o(.data)
    DG_rxHeaderTo                            0x20000068   Data           1  main.o(.data)
    DG_rxHeaderFrom                          0x20000069   Data           1  main.o(.data)
    DG_rxHeaderSource                        0x2000006a   Data           1  main.o(.data)
    DG_rxHeaderDestination                   0x2000006b   Data           1  main.o(.data)
    DG_rxHeaderType                          0x2000006c   Data           1  main.o(.data)
    DG_rxHeaderData                          0x2000006d   Data           1  main.o(.data)
    DG_rxHeaderFlags                         0x2000006e   Data           1  main.o(.data)
    DG_rxHeaderSeqNum                        0x2000006f   Data           1  main.o(.data)
    DG_rxHeaderHop                           0x20000070   Data           1  main.o(.data)
    DGcandidateAddress                       0x20000071   Data           1  main.o(.data)
    DGcandidateRSSI                          0x20000072   Data           1  main.o(.data)
    DGreceivedType                           0x20000073   Data           1  main.o(.data)
    DGstartTime                              0x20000074   Data           4  main.o(.data)
    DGresetTime                              0x20000078   Data           4  main.o(.data)
    DGmasterBroadcastAddress                 0x2000007c   Data           1  main.o(.data)
    DGgatewayNumber                          0x2000007d   Data           1  main.o(.data)
    DGsendingTime                            0x20000080   Data           4  main.o(.data)
    .data                                    0x200000ad   Section       20  stm32f10x_rcc.o(.data)
    APBAHBPrescTable                         0x200000ad   Data          16  stm32f10x_rcc.o(.data)
    ADCPrescTable                            0x200000bd   Data           4  stm32f10x_rcc.o(.data)
    .data                                    0x200000c4   Section       20  system_stm32f10x.o(.data)
    .data                                    0x200000d8   Section        4  stdio_streams.o(.data)
    .data                                    0x200000dc   Section        4  stdio_streams.o(.data)
    .data                                    0x200000e0   Section        4  stdio_streams.o(.data)
    .bss                                     0x200000e4   Section     1520  main.o(.bss)
    .bss                                     0x200006d4   Section       84  stdio_streams.o(.bss)
    .bss                                     0x20000728   Section       84  stdio_streams.o(.bss)
    .bss                                     0x2000077c   Section       84  stdio_streams.o(.bss)
    .bss                                     0x200007d0   Section       96  libspace.o(.bss)
    HEAP                                     0x20000830   Section      512  startup_stm32f10x_md.o(HEAP)
    Heap_Mem                                 0x20000830   Data         512  startup_stm32f10x_md.o(HEAP)
    STACK                                    0x20000a30   Section     1024  startup_stm32f10x_md.o(STACK)
    Stack_Mem                                0x20000a30   Data        1024  startup_stm32f10x_md.o(STACK)
    __initial_sp                             0x20000e30   Data           0  startup_stm32f10x_md.o(STACK)

    Global Symbols

    Symbol Name                              Value     Ov Type        Size  Object(Section)

    BuildAttributes$$THM_ISAv4$P$D$K$B$S$PE$A:L22UL41UL21$X:L11$S22US41US21$IEEE1$IW$USESV6$~STKCKD$USESV7$~SHL$OTIME$ROPI$IEEEJ$EBA8$UX$STANDARDLIB$REQ8$PRES8$EABIv2 0x00000000   Number         0  anon$$obj.o ABSOLUTE
    __ARM_use_no_argv                        0x00000000   Number         0  main.o ABSOLUTE
    __ARM_exceptions_init                     - Undefined Weak Reference
    __alloca_initialize                       - Undefined Weak Reference
    __arm_preinit_                            - Undefined Weak Reference
    __cpp_initialize__aeabi_                  - Undefined Weak Reference
    __cxa_finalize                            - Undefined Weak Reference
    __sigvec_lookup                           - Undefined Weak Reference
    __user_heap_extent                        - Undefined Weak Reference
    _atexit_init                              - Undefined Weak Reference
    _call_atexit_fns                          - Undefined Weak Reference
    _clock_init                               - Undefined Weak Reference
    _fp_trap_init                             - Undefined Weak Reference
    _fp_trap_shutdown                         - Undefined Weak Reference
    _get_lc_collate                           - Undefined Weak Reference
    _get_lc_ctype                             - Undefined Weak Reference
    _get_lc_monetary                          - Undefined Weak Reference
    _get_lc_time                              - Undefined Weak Reference
    _getenv_init                              - Undefined Weak Reference
    _handle_redirection                       - Undefined Weak Reference
    _mutex_acquire                            - Undefined Weak Reference
    _mutex_free                               - Undefined Weak Reference
    _mutex_release                            - Undefined Weak Reference
    _printf_post_padding                      - Undefined Weak Reference
    _printf_pre_padding                       - Undefined Weak Reference
    _printf_truncate_signed                   - Undefined Weak Reference
    _printf_truncate_unsigned                 - Undefined Weak Reference
    _rand_init                                - Undefined Weak Reference
    _signal_finish                            - Undefined Weak Reference
    _signal_init                              - Undefined Weak Reference
    __Vectors_Size                           0x000000ec   Number         0  startup_stm32f10x_md.o ABSOLUTE
    __Vectors                                0x08000000   Data           4  startup_stm32f10x_md.o(RESET)
    __Vectors_End                            0x080000ec   Data           0  startup_stm32f10x_md.o(RESET)
    __main                                   0x080000ed   Thumb Code     8  __main.o(!!!main)
    __scatterload                            0x080000f5   Thumb Code     0  __scatter.o(!!!scatter)
    __scatterload_rt2                        0x080000f5   Thumb Code    44  __scatter.o(!!!scatter)
    __scatterload_rt2_thumb_only             0x080000f5   Thumb Code     0  __scatter.o(!!!scatter)
    __scatterload_null                       0x08000103   Thumb Code     0  __scatter.o(!!!scatter)
    __scatterload_copy                       0x08000129   Thumb Code    26  __scatter_copy.o(!!handler_copy)
    __scatterload_zeroinit                   0x08000145   Thumb Code    28  __scatter_zi.o(!!handler_zi)
    _printf_d                                0x08000161   Thumb Code     0  _printf_d.o(.ARM.Collect$$_printf_percent$$00000009)
    _printf_percent                          0x08000161   Thumb Code     0  _printf_percent.o(.ARM.Collect$$_printf_percent$$00000000)
    _printf_x                                0x08000167   Thumb Code     0  _printf_x.o(.ARM.Collect$$_printf_percent$$0000000C)
    _printf_percent_end                      0x0800016d   Thumb Code     0  _printf_percent_end.o(.ARM.Collect$$_printf_percent$$00000017)
    __rt_lib_init                            0x08000171   Thumb Code     0  libinit.o(.ARM.Collect$$libinit$$00000000)
    __rt_lib_init_fp_1                       0x08000173   Thumb Code     0  libinit2.o(.ARM.Collect$$libinit$$00000002)
    __rt_lib_init_heap_2                     0x08000173   Thumb Code     0  libinit2.o(.ARM.Collect$$libinit$$00000005)
    __rt_lib_init_preinit_1                  0x08000173   Thumb Code     0  libinit2.o(.ARM.Collect$$libinit$$00000004)
    __rt_lib_init_atexit_1                   0x0800017b   Thumb Code     0  libinit2.o(.ARM.Collect$$libinit$$0000001B)
    __rt_lib_init_clock_1                    0x0800017b   Thumb Code     0  libinit2.o(.ARM.Collect$$libinit$$00000021)
    __rt_lib_init_fp_trap_1                  0x0800017b   Thumb Code     0  libinit2.o(.ARM.Collect$$libinit$$0000001F)
    __rt_lib_init_getenv_1                   0x0800017b   Thumb Code     0  libinit2.o(.ARM.Collect$$libinit$$00000023)
    __rt_lib_init_heap_1                     0x0800017b   Thumb Code     0  libinit2.o(.ARM.Collect$$libinit$$0000000A)
    __rt_lib_init_lc_collate_1               0x0800017b   Thumb Code     0  libinit2.o(.ARM.Collect$$libinit$$00000011)
    __rt_lib_init_lc_ctype_1                 0x0800017b   Thumb Code     0  libinit2.o(.ARM.Collect$$libinit$$00000013)
    __rt_lib_init_lc_monetary_1              0x0800017b   Thumb Code     0  libinit2.o(.ARM.Collect$$libinit$$00000015)
    __rt_lib_init_lc_numeric_1               0x0800017b   Thumb Code     0  libinit2.o(.ARM.Collect$$libinit$$00000017)
    __rt_lib_init_lc_time_1                  0x0800017b   Thumb Code     0  libinit2.o(.ARM.Collect$$libinit$$00000019)
    __rt_lib_init_rand_1                     0x0800017b   Thumb Code     0  libinit2.o(.ARM.Collect$$libinit$$0000000E)
    __rt_lib_init_signal_1                   0x0800017b   Thumb Code     0  libinit2.o(.ARM.Collect$$libinit$$0000001D)
    __rt_lib_init_stdio_2                    0x0800017b   Thumb Code     0  libinit2.o(.ARM.Collect$$libinit$$00000024)
    __rt_lib_init_user_alloc_1               0x0800017b   Thumb Code     0  libinit2.o(.ARM.Collect$$libinit$$0000000C)
    __rt_lib_init_alloca_1                   0x0800017f   Thumb Code     0  libinit2.o(.ARM.Collect$$libinit$$0000002E)
    __rt_lib_init_argv_1                     0x0800017f   Thumb Code     0  libinit2.o(.ARM.Collect$$libinit$$0000002C)
    __rt_lib_init_cpp_1                      0x0800017f   Thumb Code     0  libinit2.o(.ARM.Collect$$libinit$$00000032)
    __rt_lib_init_exceptions_1               0x0800017f   Thumb Code     0  libinit2.o(.ARM.Collect$$libinit$$00000030)
    __rt_lib_init_return                     0x0800017f   Thumb Code     0  libinit2.o(.ARM.Collect$$libinit$$00000033)
    __rt_lib_init_stdio_1                    0x0800017f   Thumb Code     0  libinit2.o(.ARM.Collect$$libinit$$00000025)
    __rt_lib_shutdown                        0x08000181   Thumb Code     0  libshutdown.o(.ARM.Collect$$libshutdown$$00000000)
    __rt_lib_shutdown_cpp_1                  0x08000183   Thumb Code     0  libshutdown2.o(.ARM.Collect$$libshutdown$$00000002)
    __rt_lib_shutdown_stdio_2                0x08000183   Thumb Code     0  libshutdown2.o(.ARM.Collect$$libshutdown$$00000003)
    __rt_lib_shutdown_fp_trap_1              0x08000187   Thumb Code     0  libshutdown2.o(.ARM.Collect$$libshutdown$$00000007)
    __rt_lib_shutdown_heap_1                 0x08000187   Thumb Code     0  libshutdown2.o(.ARM.Collect$$libshutdown$$0000000F)
    __rt_lib_shutdown_return                 0x08000187   Thumb Code     0  libshutdown2.o(.ARM.Collect$$libshutdown$$00000010)
    __rt_lib_shutdown_signal_1               0x08000187   Thumb Code     0  libshutdown2.o(.ARM.Collect$$libshutdown$$0000000A)
    __rt_lib_shutdown_stdio_1                0x08000187   Thumb Code     0  libshutdown2.o(.ARM.Collect$$libshutdown$$00000004)
    __rt_lib_shutdown_user_alloc_1           0x08000187   Thumb Code     0  libshutdown2.o(.ARM.Collect$$libshutdown$$0000000C)
    __rt_entry                               0x08000189   Thumb Code     0  __rtentry.o(.ARM.Collect$$rtentry$$00000000)
    __rt_entry_presh_1                       0x08000189   Thumb Code     0  __rtentry2.o(.ARM.Collect$$rtentry$$00000002)
    __rt_entry_sh                            0x08000189   Thumb Code     0  __rtentry4.o(.ARM.Collect$$rtentry$$00000004)
    __rt_entry_li                            0x0800018f   Thumb Code     0  __rtentry2.o(.ARM.Collect$$rtentry$$0000000A)
    __rt_entry_postsh_1                      0x0800018f   Thumb Code     0  __rtentry2.o(.ARM.Collect$$rtentry$$00000009)
    __rt_entry_main                          0x08000193   Thumb Code     0  __rtentry2.o(.ARM.Collect$$rtentry$$0000000D)
    __rt_entry_postli_1                      0x08000193   Thumb Code     0  __rtentry2.o(.ARM.Collect$$rtentry$$0000000C)
    __rt_exit                                0x0800019b   Thumb Code     0  rtexit.o(.ARM.Collect$$rtexit$$00000000)
    __rt_exit_ls                             0x0800019d   Thumb Code     0  rtexit2.o(.ARM.Collect$$rtexit$$00000003)
    __rt_exit_prels_1                        0x0800019d   Thumb Code     0  rtexit2.o(.ARM.Collect$$rtexit$$00000002)
    __rt_exit_exit                           0x080001a1   Thumb Code     0  rtexit2.o(.ARM.Collect$$rtexit$$00000004)
    Reset_Handler                            0x080001a9   Thumb Code     8  startup_stm32f10x_md.o(.text)
    _maybe_terminate_alloc                   0x080001a9   Thumb Code     0  maybetermalloc1.o(.emb_text)
    NMI_Handler                              0x080001b1   Thumb Code     2  startup_stm32f10x_md.o(.text)
    HardFault_Handler                        0x080001b3   Thumb Code     2  startup_stm32f10x_md.o(.text)
    MemManage_Handler                        0x080001b5   Thumb Code     2  startup_stm32f10x_md.o(.text)
    BusFault_Handler                         0x080001b7   Thumb Code     2  startup_stm32f10x_md.o(.text)
    UsageFault_Handler                       0x080001b9   Thumb Code     2  startup_stm32f10x_md.o(.text)
    SVC_Handler                              0x080001bb   Thumb Code     2  startup_stm32f10x_md.o(.text)
    DebugMon_Handler                         0x080001bd   Thumb Code     2  startup_stm32f10x_md.o(.text)
    PendSV_Handler                           0x080001bf   Thumb Code     2  startup_stm32f10x_md.o(.text)
    ADC1_2_IRQHandler                        0x080001c3   Thumb Code     0  startup_stm32f10x_md.o(.text)
    CAN1_RX1_IRQHandler                      0x080001c3   Thumb Code     0  startup_stm32f10x_md.o(.text)
    CAN1_SCE_IRQHandler                      0x080001c3   Thumb Code     0  startup_stm32f10x_md.o(.text)
    EXTI0_IRQHandler                         0x080001c3   Thumb Code     0  startup_stm32f10x_md.o(.text)
    EXTI15_10_IRQHandler                     0x080001c3   Thumb Code     0  startup_stm32f10x_md.o(.text)
    EXTI1_IRQHandler                         0x080001c3   Thumb Code     0  startup_stm32f10x_md.o(.text)
    EXTI2_IRQHandler                         0x080001c3   Thumb Code     0  startup_stm32f10x_md.o(.text)
    EXTI3_IRQHandler                         0x080001c3   Thumb Code     0  startup_stm32f10x_md.o(.text)
    EXTI4_IRQHandler                         0x080001c3   Thumb Code     0  startup_stm32f10x_md.o(.text)
    EXTI9_5_IRQHandler                       0x080001c3   Thumb Code     0  startup_stm32f10x_md.o(.text)
    FLASH_IRQHandler                         0x080001c3   Thumb Code     0  startup_stm32f10x_md.o(.text)
    I2C1_ER_IRQHandler                       0x080001c3   Thumb Code     0  startup_stm32f10x_md.o(.text)
    I2C1_EV_IRQHandler                       0x080001c3   Thumb Code     0  startup_stm32f10x_md.o(.text)
    I2C2_ER_IRQHandler                       0x080001c3   Thumb Code     0  startup_stm32f10x_md.o(.text)
    I2C2_EV_IRQHandler                       0x080001c3   Thumb Code     0  startup_stm32f10x_md.o(.text)
    PVD_IRQHandler                           0x080001c3   Thumb Code     0  startup_stm32f10x_md.o(.text)
    RCC_IRQHandler                           0x080001c3   Thumb Code     0  startup_stm32f10x_md.o(.text)
    RTCAlarm_IRQHandler                      0x080001c3   Thumb Code     0  startup_stm32f10x_md.o(.text)
    RTC_IRQHandler                           0x080001c3   Thumb Code     0  startup_stm32f10x_md.o(.text)
    SPI1_IRQHandler                          0x080001c3   Thumb Code     0  startup_stm32f10x_md.o(.text)
    SPI2_IRQHandler                          0x080001c3   Thumb Code     0  startup_stm32f10x_md.o(.text)
    TAMPER_IRQHandler                        0x080001c3   Thumb Code     0  startup_stm32f10x_md.o(.text)
    TIM1_BRK_IRQHandler                      0x080001c3   Thumb Code     0  startup_stm32f10x_md.o(.text)
    TIM1_CC_IRQHandler                       0x080001c3   Thumb Code     0  startup_stm32f10x_md.o(.text)
    TIM1_TRG_COM_IRQHandler                  0x080001c3   Thumb Code     0  startup_stm32f10x_md.o(.text)
    TIM1_UP_IRQHandler                       0x080001c3   Thumb Code     0  startup_stm32f10x_md.o(.text)
    TIM3_IRQHandler                          0x080001c3   Thumb Code     0  startup_stm32f10x_md.o(.text)
    TIM4_IRQHandler                          0x080001c3   Thumb Code     0  startup_stm32f10x_md.o(.text)
    USART1_IRQHandler                        0x080001c3   Thumb Code     0  startup_stm32f10x_md.o(.text)
    USART3_IRQHandler                        0x080001c3   Thumb Code     0  startup_stm32f10x_md.o(.text)
    USBWakeUp_IRQHandler                     0x080001c3   Thumb Code     0  startup_stm32f10x_md.o(.text)
    USB_HP_CAN1_TX_IRQHandler                0x080001c3   Thumb Code     0  startup_stm32f10x_md.o(.text)
    USB_LP_CAN1_RX0_IRQHandler               0x080001c3   Thumb Code     0  startup_stm32f10x_md.o(.text)
    WWDG_IRQHandler                          0x080001c3   Thumb Code     0  startup_stm32f10x_md.o(.text)
    __user_initial_stackheap                 0x080001c5   Thumb Code     0  startup_stm32f10x_md.o(.text)
    __2printf                                0x080001e9   Thumb Code    20  noretval__2printf.o(.text)
    __printf                                 0x08000201   Thumb Code   104  __printf.o(.text)
    _printf_int_dec                          0x08000269   Thumb Code   104  _printf_dec.o(.text)
    _printf_int_hex                          0x080002e1   Thumb Code    84  _printf_hex_int.o(.text)
    _printf_longlong_hex                     0x080002e1   Thumb Code     0  _printf_hex_int.o(.text)
    __aeabi_memclr4                          0x08000339   Thumb Code     0  rt_memclr_w.o(.text)
    __aeabi_memclr8                          0x08000339   Thumb Code     0  rt_memclr_w.o(.text)
    __rt_memclr_w                            0x08000339   Thumb Code    78  rt_memclr_w.o(.text)
    _memset_w                                0x0800033d   Thumb Code     0  rt_memclr_w.o(.text)
    strcmp                                   0x08000389   Thumb Code   128  strcmpv7m.o(.text)
    __use_two_region_memory                  0x08000409   Thumb Code     2  heapauxi.o(.text)
    __rt_heap_escrow                         0x0800040b   Thumb Code     2  heapauxi.o(.text)
    __rt_heap_expand                         0x0800040d   Thumb Code     2  heapauxi.o(.text)
    _printf_int_common                       0x0800040f   Thumb Code   178  _printf_intcommon.o(.text)
    _printf_char_file                        0x080004c1   Thumb Code    32  _printf_char_file.o(.text)
    _printf_char_common                      0x080004ef   Thumb Code    32  _printf_char_common.o(.text)
    ferror                                   0x08000515   Thumb Code     8  ferror.o(.text)
    _initio                                  0x0800051d   Thumb Code   210  initio.o(.text)
    _terminateio                             0x080005ef   Thumb Code    56  initio.o(.text)
    __user_libspace                          0x08000655   Thumb Code     8  libspace.o(.text)
    __user_perproc_libspace                  0x08000655   Thumb Code     0  libspace.o(.text)
    __user_perthread_libspace                0x08000655   Thumb Code     0  libspace.o(.text)
    __user_setup_stackheap                   0x0800065d   Thumb Code    74  sys_stackheap_outer.o(.text)
    free                                     0x080006a7   Thumb Code    78  h1_free.o(.text)
    setvbuf                                  0x080006f5   Thumb Code    70  setvbuf.o(.text)
    freopen                                  0x0800073d   Thumb Code   158  fopen.o(.text)
    fopen                                    0x080007db   Thumb Code    74  fopen.o(.text)
    _fclose_internal                         0x08000829   Thumb Code    76  fclose.o(.text)
    fclose                                   0x08000829   Thumb Code     0  fclose.o(.text)
    exit                                     0x08000875   Thumb Code    18  exit.o(.text)
    __rt_SIGRTRED                            0x08000887   Thumb Code    14  defsig_rtred_outer.o(.text)
    __rt_heap_descriptor                     0x08000895   Thumb Code     8  rt_heap_descriptor_intlibspace.o(.text)
    __use_no_heap                            0x0800089d   Thumb Code     2  hguard.o(.text)
    __heap$guard                             0x0800089f   Thumb Code     2  hguard.o(.text)
    _terminate_user_alloc                    0x080008a1   Thumb Code     2  init_alloc.o(.text)
    _init_user_alloc                         0x080008a3   Thumb Code     2  init_alloc.o(.text)
    __Heap_Full                              0x080008a5   Thumb Code    34  init_alloc.o(.text)
    __Heap_Broken                            0x080008c7   Thumb Code     6  init_alloc.o(.text)
    _init_alloc                              0x080008cd   Thumb Code    94  init_alloc.o(.text)
    malloc                                   0x0800092b   Thumb Code    94  h1_alloc.o(.text)
    _fseek                                   0x08000989   Thumb Code   242  fseek.o(.text)
    fseek                                    0x08000989   Thumb Code     0  fseek.o(.text)
    _seterr                                  0x08000a81   Thumb Code    20  stdio.o(.text)
    _writebuf                                0x08000a95   Thumb Code    84  stdio.o(.text)
    _fflush                                  0x08000ae9   Thumb Code    70  stdio.o(.text)
    _deferredlazyseek                        0x08000b2f   Thumb Code    60  stdio.o(.text)
    __sig_exit                               0x08000b71   Thumb Code    10  defsig_exit.o(.text)
    __rt_SIGRTRED_inner                      0x08000b7d   Thumb Code    14  defsig_rtred_inner.o(.text)
    _sys_exit                                0x08000bb1   Thumb Code     8  sys_exit.o(.text)
    __Heap_Initialize                        0x08000bbd   Thumb Code    10  h1_init.o(.text)
    __Heap_DescSize                          0x08000bc7   Thumb Code     4  h1_init.o(.text)
    __Heap_ProvideMemory                     0x08000bcb   Thumb Code    52  h1_extend.o(.text)
    _ftell_internal                          0x08000bff   Thumb Code    66  ftell.o(.text)
    ftell                                    0x08000bff   Thumb Code     0  ftell.o(.text)
    __default_signal_display                 0x08000c41   Thumb Code    50  defsig_general.o(.text)
    __rt_SIGRTMEM                            0x08000c73   Thumb Code    14  defsig_rtmem_outer.o(.text)
    _ttywrch                                 0x08000c81   Thumb Code    14  sys_wrch.o(.text)
    __I$use$semihosting                      0x08000c8f   Thumb Code     0  use_no_semi.o(.text)
    __use_no_semihosting_swi                 0x08000c8f   Thumb Code     2  use_no_semi.o(.text)
    __aeabi_errno_addr                       0x08000c91   Thumb Code     8  rt_errno_addr_intlibspace.o(.text)
    __errno$intlibspace                      0x08000c91   Thumb Code     0  rt_errno_addr_intlibspace.o(.text)
    __rt_errno_addr$intlibspace              0x08000c91   Thumb Code     0  rt_errno_addr_intlibspace.o(.text)
    __semihosting_library_function           0x08000c91   Thumb Code     0  indicate_semi.o(.text)
    __rt_SIGRTMEM_inner                      0x08000c99   Thumb Code    22  defsig_rtmem_inner.o(.text)
    DGInit                                   0x08000ce9   Thumb Code   100  datagram_stm.o(i.DGInit)
    DGSetReceive                             0x08000d7d   Thumb Code     8  datagram_stm.o(i.DGSetReceive)
    DGclearRoutingTable                      0x08000d85   Thumb Code    48  datagram_stm.o(i.DGclearRoutingTable)
    DGgetThisAddress                         0x08000db9   Thumb Code     6  datagram_stm.o(i.DGgetThisAddress)
    DGsetHeaderFrom                          0x08000dc5   Thumb Code    12  datagram_stm.o(i.DGsetHeaderFrom)
    DGsetThisAddress                         0x08000dd1   Thumb Code    22  datagram_stm.o(i.DGsetThisAddress)
    DMA1_Channel1_Event                      0x08000ded   Thumb Code     2  dma_stm32f10x.o(i.DMA1_Channel1_Event)
    DMA1_Channel1_IRQHandler                 0x08000df1   Thumb Code    22  dma_stm32f10x.o(i.DMA1_Channel1_IRQHandler)
    DMA1_Channel2_Event                      0x08000e0d   Thumb Code     2  dma_stm32f10x.o(i.DMA1_Channel2_Event)
    DMA1_Channel2_IRQHandler                 0x08000e11   Thumb Code    24  dma_stm32f10x.o(i.DMA1_Channel2_IRQHandler)
    DMA1_Channel3_Event                      0x08000e2d   Thumb Code     2  dma_stm32f10x.o(i.DMA1_Channel3_Event)
    DMA1_Channel3_IRQHandler                 0x08000e31   Thumb Code    24  dma_stm32f10x.o(i.DMA1_Channel3_IRQHandler)
    DMA1_Channel4_Event                      0x08000e4d   Thumb Code     2  dma_stm32f10x.o(i.DMA1_Channel4_Event)
    DMA1_Channel4_IRQHandler                 0x08000e51   Thumb Code    24  dma_stm32f10x.o(i.DMA1_Channel4_IRQHandler)
    DMA1_Channel5_Event                      0x08000e6d   Thumb Code     2  dma_stm32f10x.o(i.DMA1_Channel5_Event)
    DMA1_Channel5_IRQHandler                 0x08000e71   Thumb Code    24  dma_stm32f10x.o(i.DMA1_Channel5_IRQHandler)
    DMA1_Channel6_Event                      0x08000e8d   Thumb Code     2  dma_stm32f10x.o(i.DMA1_Channel6_Event)
    DMA1_Channel6_IRQHandler                 0x08000e91   Thumb Code    24  dma_stm32f10x.o(i.DMA1_Channel6_IRQHandler)
    DMA1_Channel7_Event                      0x08000ead   Thumb Code     2  dma_stm32f10x.o(i.DMA1_Channel7_Event)
    DMA1_Channel7_IRQHandler                 0x08000eb1   Thumb Code    24  dma_stm32f10x.o(i.DMA1_Channel7_IRQHandler)
    GPIO_Configuration                       0x08000ecd   Thumb Code    76  main.o(i.GPIO_Configuration)
    GPIO_Init                                0x08000f1d   Thumb Code   278  stm32f10x_gpio.o(i.GPIO_Init)
    GPIO_ReadInputDataBit                    0x08001033   Thumb Code    18  stm32f10x_gpio.o(i.GPIO_ReadInputDataBit)
    GPIO_ResetBits                           0x08001045   Thumb Code     4  stm32f10x_gpio.o(i.GPIO_ResetBits)
    GPIO_SetBits                             0x08001049   Thumb Code     4  stm32f10x_gpio.o(i.GPIO_SetBits)
    ITM_SendChar                             0x0800104d   Thumb Code    42  retarget_io.o(i.ITM_SendChar)
    MyTimerInit                              0x0800107d   Thumb Code    82  mytimer.o(i.MyTimerInit)
    NVIC_Configuration                       0x080010dd   Thumb Code    36  main.o(i.NVIC_Configuration)
    NVIC_Init                                0x08001101   Thumb Code   100  misc.o(i.NVIC_Init)
    NVIC_PriorityGroupConfig                 0x08001171   Thumb Code    10  misc.o(i.NVIC_PriorityGroupConfig)
    PrintfInit                               0x08001185   Thumb Code   124  printf.o(i.PrintfInit)
    RCC_APB1PeriphClockCmd                   0x08001209   Thumb Code    26  stm32f10x_rcc.o(i.RCC_APB1PeriphClockCmd)
    RCC_APB2PeriphClockCmd                   0x08001229   Thumb Code    26  stm32f10x_rcc.o(i.RCC_APB2PeriphClockCmd)
    RCC_Configuration                        0x08001249   Thumb Code    12  main.o(i.RCC_Configuration)
    RCC_GetClocksFreq                        0x08001255   Thumb Code   192  stm32f10x_rcc.o(i.RCC_GetClocksFreq)
    SPI_Cmd                                  0x08001329   Thumb Code    24  stm32f10x_spi.o(i.SPI_Cmd)
    SPI_Init                                 0x08001341   Thumb Code    60  stm32f10x_spi.o(i.SPI_Init)
    SPIx_DisableSlave                        0x0800137d   Thumb Code     8  spi.o(i.SPIx_DisableSlave)
    SPIx_Init                                0x08001389   Thumb Code   138  spi.o(i.SPIx_Init)
    SPIx_Transfer                            0x0800141d   Thumb Code    56  spi.o(i.SPIx_Transfer)
    SysTick_Handler                          0x08001541   Thumb Code    12  mytimer.o(i.SysTick_Handler)
    SystemInit                               0x08001551   Thumb Code    78  system_stm32f10x.o(i.SystemInit)
    TIM2_IRQHandler                          0x080015b1   Thumb Code    22  mytimer.o(i.TIM2_IRQHandler)
    TIM_ClearITPendingBit                    0x080015c7   Thumb Code     6  stm32f10x_tim.o(i.TIM_ClearITPendingBit)
    TIM_GetITStatus                          0x080015cd   Thumb Code    34  stm32f10x_tim.o(i.TIM_GetITStatus)
    USART2_Configuration                     0x080015f1   Thumb Code    70  main.o(i.USART2_Configuration)
    USART2_IRQHandler                        0x08001641   Thumb Code   340  main.o(i.USART2_IRQHandler)
    USART_ClearITPendingBit                  0x080017c1   Thumb Code    30  stm32f10x_usart.o(i.USART_ClearITPendingBit)
    USART_Cmd                                0x080017df   Thumb Code    24  stm32f10x_usart.o(i.USART_Cmd)
    USART_GetFlagStatus                      0x080017f7   Thumb Code    26  stm32f10x_usart.o(i.USART_GetFlagStatus)
    USART_GetITStatus                        0x08001811   Thumb Code    84  stm32f10x_usart.o(i.USART_GetITStatus)
    USART_ITConfig                           0x08001865   Thumb Code    74  stm32f10x_usart.o(i.USART_ITConfig)
    USART_Init                               0x080018b1   Thumb Code   210  stm32f10x_usart.o(i.USART_Init)
    USART_ReceiveData                        0x08001989   Thumb Code    10  stm32f10x_usart.o(i.USART_ReceiveData)
    USART_SendData                           0x08001993   Thumb Code     8  stm32f10x_usart.o(i.USART_SendData)
    _sys_close                               0x0800199b   Thumb Code    38  retarget_io.o(i._sys_close)
    _sys_flen                                0x080019c1   Thumb Code    36  retarget_io.o(i._sys_flen)
    _sys_istty                               0x080019e5   Thumb Code    36  retarget_io.o(i._sys_istty)
    _sys_open                                0x08001a09   Thumb Code    80  retarget_io.o(i._sys_open)
    _sys_seek                                0x08001a71   Thumb Code    44  retarget_io.o(i._sys_seek)
    _sys_write                               0x08001a9d   Thumb Code    88  retarget_io.o(i._sys_write)
    delay                                    0x08001af5   Thumb Code    24  mytimer.o(i.delay)
    e_EnableLNA                              0x08001b0d   Thumb Code    20  cc1120.o(i.e_EnableLNA)
    e_GDO_Set                                0x08001b25   Thumb Code    44  cc1120.o(i.e_GDO_Set)
    e_Init                                   0x08001b55   Thumb Code   114  cc1120.o(i.e_Init)
    e_RegConfigSettings                      0x08001bf1   Thumb Code   386  cc1120.o(i.e_RegConfigSettings)
    e_Reset                                  0x08001d75   Thumb Code    94  cc1120.o(i.e_Reset)
    e_SetChannel                             0x08001ded   Thumb Code   196  cc1120.o(i.e_SetChannel)
    e_SetReceive                             0x08001ebd   Thumb Code    66  cc1120.o(i.e_SetReceive)
    e_SpiInit                                0x08001f01   Thumb Code    76  cc1120.o(i.e_SpiInit)
    e_SpiStrobe                              0x08001f6d   Thumb Code    46  cc1120.o(i.e_SpiStrobe)
    e_SpiWriteReg                            0x08001fa1   Thumb Code   120  cc1120.o(i.e_SpiWriteReg)
    e_setHeaderFrom                          0x0800201d   Thumb Code     6  cc1120.o(i.e_setHeaderFrom)
    e_setThisAddress                         0x08002029   Thumb Code     6  cc1120.o(i.e_setThisAddress)
    fputc                                    0x08002035   Thumb Code    32  printf.o(i.fputc)
    main                                     0x08002059   Thumb Code    48  main.o(i.main)
    millis                                   0x08002091   Thumb Code     6  mytimer.o(i.millis)
    __aeabi_d2f                              0x080020b5   Thumb Code     0  d2f.o(x$fpl$d2f)
    _d2f                                     0x080020b5   Thumb Code    98  d2f.o(x$fpl$d2f)
    __aeabi_dadd                             0x08002119   Thumb Code     0  daddsub_clz.o(x$fpl$dadd)
    _dadd                                    0x08002119   Thumb Code   332  daddsub_clz.o(x$fpl$dadd)
    __aeabi_i2d                              0x08002269   Thumb Code     0  dflt_clz.o(x$fpl$dflt)
    _dflt                                    0x08002269   Thumb Code    46  dflt_clz.o(x$fpl$dflt)
    __aeabi_dmul                             0x08002299   Thumb Code     0  dmul.o(x$fpl$dmul)
    _dmul                                    0x08002299   Thumb Code   332  dmul.o(x$fpl$dmul)
    __fpl_dnaninf                            0x080023ed   Thumb Code   156  dnaninf.o(x$fpl$dnaninf)
    __fpl_dretinf                            0x08002489   Thumb Code    12  dretinf.o(x$fpl$dretinf)
    __aeabi_dsub                             0x08002495   Thumb Code     0  daddsub_clz.o(x$fpl$dsub)
    _dsub                                    0x08002495   Thumb Code   464  daddsub_clz.o(x$fpl$dsub)
    __aeabi_f2d                              0x08002669   Thumb Code     0  f2d.o(x$fpl$f2d)
    _f2d                                     0x08002669   Thumb Code    86  f2d.o(x$fpl$f2d)
    __aeabi_fdiv                             0x080026c1   Thumb Code     0  fdiv.o(x$fpl$fdiv)
    _fdiv                                    0x080026c1   Thumb Code   384  fdiv.o(x$fpl$fdiv)
    __aeabi_f2iz                             0x08002845   Thumb Code     0  ffix.o(x$fpl$ffix)
    _ffix                                    0x08002845   Thumb Code    54  ffix.o(x$fpl$ffix)
    __aeabi_fmul                             0x0800287d   Thumb Code     0  fmul.o(x$fpl$fmul)
    _fmul                                    0x0800287d   Thumb Code   258  fmul.o(x$fpl$fmul)
    __fpl_fnaninf                            0x0800297f   Thumb Code   140  fnaninf.o(x$fpl$fnaninf)
    __fpl_fretinf                            0x08002a0b   Thumb Code    10  fretinf.o(x$fpl$fretinf)
    __I$use$fp                               0x08002a14   Number         0  usenofp.o(x$fpl$usenofp)
    __stdin_name                             0x08002a14   Data           7  retarget_io.o(.constdata)
    __stdout_name                            0x08002a1b   Data           8  retarget_io.o(.constdata)
    __stderr_name                            0x08002a23   Data           8  retarget_io.o(.constdata)
    Region$$Table$$Base                      0x08002a54   Number         0  anon$$obj.o(Region$$Table)
    Region$$Table$$Limit                     0x08002a74   Number         0  anon$$obj.o(Region$$Table)
    _thisAddress                             0x20000084   Data           1  main.o(.data)
    _rxHeaderTo                              0x20000085   Data           1  main.o(.data)
    _rxHeaderFrom                            0x20000086   Data           1  main.o(.data)
    _rxHeaderSource                          0x20000087   Data           1  main.o(.data)
    _rxHeaderDestination                     0x20000088   Data           1  main.o(.data)
    _rxHeaderType                            0x20000089   Data           1  main.o(.data)
    _rxHeaderData                            0x2000008a   Data           1  main.o(.data)
    _rxHeaderFlags                           0x2000008b   Data           1  main.o(.data)
    _rxHeaderSeqNum                          0x2000008c   Data           1  main.o(.data)
    _rxHeaderHop                             0x2000008d   Data           1  main.o(.data)
    checkMasterNum                           0x2000008e   Data           1  main.o(.data)
    address_i                                0x2000008f   Data           1  main.o(.data)
    startTime                                0x20000090   Data           4  main.o(.data)
    timeout                                  0x20000094   Data           1  main.o(.data)
    scanMasterNum                            0x20000095   Data           1  main.o(.data)
    nextScan                                 0x20000096   Data           1  main.o(.data)
    indexFromG                               0x20000097   Data           1  main.o(.data)
    group_id                                 0x20000098   Data           1  main.o(.data)
    scanTime                                 0x2000009c   Data           4  main.o(.data)
    controlTime                              0x200000a0   Data           4  main.o(.data)
    waitTime                                 0x200000a4   Data           4  main.o(.data)
    DGmaster_num                             0x200000a8   Data           4  main.o(.data)
    e_rssi                                   0x200000ac   Data           1  main.o(.data)
    SystemCoreClock                          0x200000c4   Data           4  system_stm32f10x.o(.data)
    AHBPrescTable                            0x200000c8   Data          16  system_stm32f10x.o(.data)
    __aeabi_stdin                            0x200000d8   Data           4  stdio_streams.o(.data)
    __aeabi_stdout                           0x200000dc   Data           4  stdio_streams.o(.data)
    __aeabi_stderr                           0x200000e0   Data           4  stdio_streams.o(.data)
    master_answer                            0x200000e4   Data         320  main.o(.bss)
    gateway_request                          0x20000224   Data         320  main.o(.bss)
    beControl                                0x20000364   Data          32  main.o(.bss)
    control_message                          0x20000384   Data         320  main.o(.bss)
    controlRecvTime                          0x200004c4   Data         128  main.o(.bss)
    receiveFromG                             0x20000544   Data          10  main.o(.bss)
    DGcheckReceive                           0x2000054e   Data          34  main.o(.bss)
    _routes                                  0x20000570   Data         248  main.o(.bss)
    DGparentMaster                           0x20000668   Data          34  main.o(.bss)
    DGunRecvCnt                              0x2000068a   Data          34  main.o(.bss)
    DGtemp_buf                               0x200006ac   Data          20  main.o(.bss)
    DGbuffer                                 0x200006c0   Data          20  main.o(.bss)
    __stdin                                  0x200006d4   Data          84  stdio_streams.o(.bss)
    __stdout                                 0x20000728   Data          84  stdio_streams.o(.bss)
    __stderr                                 0x2000077c   Data          84  stdio_streams.o(.bss)
    __libspace_start                         0x200007d0   Data          96  libspace.o(.bss)
    __temporary_stack_top$libspace           0x20000830   Data           0  libspace.o(.bss)



==============================================================================

Memory Map of the image

  Image Entry point : 0x080001a9

  Load Region LR_1 (Base: 0x08000000, Size: 0x00002b58, Max: 0xffffffff, ABSOLUTE)

    Execution Region ER_RO (Exec base: 0x08000000, Load base: 0x08000000, Size: 0x00002a74, Max: 0xffffffff, ABSOLUTE)

    Exec Addr    Load Addr    Size         Type   Attr      Idx    E Section Name        Object

    0x08000000   0x08000000   0x000000ec   Data   RO         2568    RESET               startup_stm32f10x_md.o
    0x080000ec   0x080000ec   0x00000008   Code   RO         2684  * !!!main             c_w.l(__main.o)
    0x080000f4   0x080000f4   0x00000034   Code   RO         3084    !!!scatter          c_w.l(__scatter.o)
    0x08000128   0x08000128   0x0000001a   Code   RO         3086    !!handler_copy      c_w.l(__scatter_copy.o)
    0x08000142   0x08000142   0x00000002   PAD
    0x08000144   0x08000144   0x0000001c   Code   RO         3088    !!handler_zi        c_w.l(__scatter_zi.o)
    0x08000160   0x08000160   0x00000000   Code   RO         2673    .ARM.Collect$$_printf_percent$$00000000  c_w.l(_printf_percent.o)
    0x08000160   0x08000160   0x00000006   Code   RO         2671    .ARM.Collect$$_printf_percent$$00000009  c_w.l(_printf_d.o)
    0x08000166   0x08000166   0x00000006   Code   RO         2670    .ARM.Collect$$_printf_percent$$0000000C  c_w.l(_printf_x.o)
    0x0800016c   0x0800016c   0x00000004   Code   RO         2727    .ARM.Collect$$_printf_percent$$00000017  c_w.l(_printf_percent_end.o)
    0x08000170   0x08000170   0x00000002   Code   RO         2898    .ARM.Collect$$libinit$$00000000  c_w.l(libinit.o)
    0x08000172   0x08000172   0x00000000   Code   RO         2900    .ARM.Collect$$libinit$$00000002  c_w.l(libinit2.o)
    0x08000172   0x08000172   0x00000000   Code   RO         2902    .ARM.Collect$$libinit$$00000004  c_w.l(libinit2.o)
    0x08000172   0x08000172   0x00000008   Code   RO         2903    .ARM.Collect$$libinit$$00000005  c_w.l(libinit2.o)
    0x0800017a   0x0800017a   0x00000000   Code   RO         2905    .ARM.Collect$$libinit$$0000000A  c_w.l(libinit2.o)
    0x0800017a   0x0800017a   0x00000000   Code   RO         2907    .ARM.Collect$$libinit$$0000000C  c_w.l(libinit2.o)
    0x0800017a   0x0800017a   0x00000000   Code   RO         2909    .ARM.Collect$$libinit$$0000000E  c_w.l(libinit2.o)
    0x0800017a   0x0800017a   0x00000000   Code   RO         2912    .ARM.Collect$$libinit$$00000011  c_w.l(libinit2.o)
    0x0800017a   0x0800017a   0x00000000   Code   RO         2914    .ARM.Collect$$libinit$$00000013  c_w.l(libinit2.o)
    0x0800017a   0x0800017a   0x00000000   Code   RO         2916    .ARM.Collect$$libinit$$00000015  c_w.l(libinit2.o)
    0x0800017a   0x0800017a   0x00000000   Code   RO         2918    .ARM.Collect$$libinit$$00000017  c_w.l(libinit2.o)
    0x0800017a   0x0800017a   0x00000000   Code   RO         2920    .ARM.Collect$$libinit$$00000019  c_w.l(libinit2.o)
    0x0800017a   0x0800017a   0x00000000   Code   RO         2922    .ARM.Collect$$libinit$$0000001B  c_w.l(libinit2.o)
    0x0800017a   0x0800017a   0x00000000   Code   RO         2924    .ARM.Collect$$libinit$$0000001D  c_w.l(libinit2.o)
    0x0800017a   0x0800017a   0x00000000   Code   RO         2926    .ARM.Collect$$libinit$$0000001F  c_w.l(libinit2.o)
    0x0800017a   0x0800017a   0x00000000   Code   RO         2928    .ARM.Collect$$libinit$$00000021  c_w.l(libinit2.o)
    0x0800017a   0x0800017a   0x00000000   Code   RO         2930    .ARM.Collect$$libinit$$00000023  c_w.l(libinit2.o)
    0x0800017a   0x0800017a   0x00000004   Code   RO         2931    .ARM.Collect$$libinit$$00000024  c_w.l(libinit2.o)
    0x0800017e   0x0800017e   0x00000000   Code   RO         2932    .ARM.Collect$$libinit$$00000025  c_w.l(libinit2.o)
    0x0800017e   0x0800017e   0x00000000   Code   RO         2936    .ARM.Collect$$libinit$$0000002C  c_w.l(libinit2.o)
    0x0800017e   0x0800017e   0x00000000   Code   RO         2938    .ARM.Collect$$libinit$$0000002E  c_w.l(libinit2.o)
    0x0800017e   0x0800017e   0x00000000   Code   RO         2940    .ARM.Collect$$libinit$$00000030  c_w.l(libinit2.o)
    0x0800017e   0x0800017e   0x00000000   Code   RO         2942    .ARM.Collect$$libinit$$00000032  c_w.l(libinit2.o)
    0x0800017e   0x0800017e   0x00000002   Code   RO         2943    .ARM.Collect$$libinit$$00000033  c_w.l(libinit2.o)
    0x08000180   0x08000180   0x00000002   Code   RO         3063    .ARM.Collect$$libshutdown$$00000000  c_w.l(libshutdown.o)
    0x08000182   0x08000182   0x00000000   Code   RO         2945    .ARM.Collect$$libshutdown$$00000002  c_w.l(libshutdown2.o)
    0x08000182   0x08000182   0x00000004   Code   RO         2946    .ARM.Collect$$libshutdown$$00000003  c_w.l(libshutdown2.o)
    0x08000186   0x08000186   0x00000000   Code   RO         2947    .ARM.Collect$$libshutdown$$00000004  c_w.l(libshutdown2.o)
    0x08000186   0x08000186   0x00000000   Code   RO         2950    .ARM.Collect$$libshutdown$$00000007  c_w.l(libshutdown2.o)
    0x08000186   0x08000186   0x00000000   Code   RO         2953    .ARM.Collect$$libshutdown$$0000000A  c_w.l(libshutdown2.o)
    0x08000186   0x08000186   0x00000000   Code   RO         2955    .ARM.Collect$$libshutdown$$0000000C  c_w.l(libshutdown2.o)
    0x08000186   0x08000186   0x00000000   Code   RO         2958    .ARM.Collect$$libshutdown$$0000000F  c_w.l(libshutdown2.o)
    0x08000186   0x08000186   0x00000002   Code   RO         2959    .ARM.Collect$$libshutdown$$00000010  c_w.l(libshutdown2.o)
    0x08000188   0x08000188   0x00000000   Code   RO         2720    .ARM.Collect$$rtentry$$00000000  c_w.l(__rtentry.o)
    0x08000188   0x08000188   0x00000000   Code   RO         2746    .ARM.Collect$$rtentry$$00000002  c_w.l(__rtentry2.o)
    0x08000188   0x08000188   0x00000006   Code   RO         2758    .ARM.Collect$$rtentry$$00000004  c_w.l(__rtentry4.o)
    0x0800018e   0x0800018e   0x00000000   Code   RO         2748    .ARM.Collect$$rtentry$$00000009  c_w.l(__rtentry2.o)
    0x0800018e   0x0800018e   0x00000004   Code   RO         2749    .ARM.Collect$$rtentry$$0000000A  c_w.l(__rtentry2.o)
    0x08000192   0x08000192   0x00000000   Code   RO         2751    .ARM.Collect$$rtentry$$0000000C  c_w.l(__rtentry2.o)
    0x08000192   0x08000192   0x00000008   Code   RO         2752    .ARM.Collect$$rtentry$$0000000D  c_w.l(__rtentry2.o)
    0x0800019a   0x0800019a   0x00000002   Code   RO         2960    .ARM.Collect$$rtexit$$00000000  c_w.l(rtexit.o)
    0x0800019c   0x0800019c   0x00000000   Code   RO         3006    .ARM.Collect$$rtexit$$00000002  c_w.l(rtexit2.o)
    0x0800019c   0x0800019c   0x00000004   Code   RO         3007    .ARM.Collect$$rtexit$$00000003  c_w.l(rtexit2.o)
    0x080001a0   0x080001a0   0x00000006   Code   RO         3008    .ARM.Collect$$rtexit$$00000004  c_w.l(rtexit2.o)
    0x080001a6   0x080001a6   0x00000002   PAD
    0x080001a8   0x080001a8   0x00000000   Code   RO         3012    .emb_text           c_w.l(maybetermalloc1.o)
    0x080001a8   0x080001a8   0x00000040   Code   RO         2569  * .text               startup_stm32f10x_md.o
    0x080001e8   0x080001e8   0x00000018   Code   RO         2623    .text               c_w.l(noretval__2printf.o)
    0x08000200   0x08000200   0x00000068   Code   RO         2625    .text               c_w.l(__printf.o)
    0x08000268   0x08000268   0x00000078   Code   RO         2627    .text               c_w.l(_printf_dec.o)
    0x080002e0   0x080002e0   0x00000058   Code   RO         2632    .text               c_w.l(_printf_hex_int.o)
    0x08000338   0x08000338   0x0000004e   Code   RO         2678    .text               c_w.l(rt_memclr_w.o)
    0x08000386   0x08000386   0x00000002   PAD
    0x08000388   0x08000388   0x00000080   Code   RO         2680    .text               c_w.l(strcmpv7m.o)
    0x08000408   0x08000408   0x00000006   Code   RO         2682    .text               c_w.l(heapauxi.o)
    0x0800040e   0x0800040e   0x000000b2   Code   RO         2721    .text               c_w.l(_printf_intcommon.o)
    0x080004c0   0x080004c0   0x00000024   Code   RO         2725    .text               c_w.l(_printf_char_file.o)
    0x080004e4   0x080004e4   0x00000030   Code   RO         2767    .text               c_w.l(_printf_char_common.o)
    0x08000514   0x08000514   0x00000008   Code   RO         2796    .text               c_w.l(ferror.o)
    0x0800051c   0x0800051c   0x00000138   Code   RO         2798    .text               c_w.l(initio.o)
    0x08000654   0x08000654   0x00000008   Code   RO         2811    .text               c_w.l(libspace.o)
    0x0800065c   0x0800065c   0x0000004a   Code   RO         2816    .text               c_w.l(sys_stackheap_outer.o)
    0x080006a6   0x080006a6   0x0000004e   Code   RO         2820    .text               c_w.l(h1_free.o)
    0x080006f4   0x080006f4   0x00000046   Code   RO         2876    .text               c_w.l(setvbuf.o)
    0x0800073a   0x0800073a   0x00000002   PAD
    0x0800073c   0x0800073c   0x000000ec   Code   RO         2879    .text               c_w.l(fopen.o)
    0x08000828   0x08000828   0x0000004c   Code   RO         2881    .text               c_w.l(fclose.o)
    0x08000874   0x08000874   0x00000012   Code   RO         2887    .text               c_w.l(exit.o)
    0x08000886   0x08000886   0x0000000e   Code   RO         2889    .text               c_w.l(defsig_rtred_outer.o)
    0x08000894   0x08000894   0x00000008   Code   RO         2967    .text               c_w.l(rt_heap_descriptor_intlibspace.o)
    0x0800089c   0x0800089c   0x00000004   Code   RO         2969    .text               c_w.l(hguard.o)
    0x080008a0   0x080008a0   0x0000008a   Code   RO         2971    .text               c_w.l(init_alloc.o)
    0x0800092a   0x0800092a   0x0000005e   Code   RO         2977    .text               c_w.l(h1_alloc.o)
    0x08000988   0x08000988   0x000000f8   Code   RO         2991    .text               c_w.l(fseek.o)
    0x08000a80   0x08000a80   0x000000f0   Code   RO         2993    .text               c_w.l(stdio.o)
    0x08000b70   0x08000b70   0x0000000a   Code   RO         2995    .text               c_w.l(defsig_exit.o)
    0x08000b7a   0x08000b7a   0x00000002   PAD
    0x08000b7c   0x08000b7c   0x00000034   Code   RO         2997    .text               c_w.l(defsig_rtred_inner.o)
    0x08000bb0   0x08000bb0   0x0000000c   Code   RO         3003    .text               c_w.l(sys_exit.o)
    0x08000bbc   0x08000bbc   0x0000000e   Code   RO         3014    .text               c_w.l(h1_init.o)
    0x08000bca   0x08000bca   0x00000034   Code   RO         3016    .text               c_w.l(h1_extend.o)
    0x08000bfe   0x08000bfe   0x00000042   Code   RO         3022    .text               c_w.l(ftell.o)
    0x08000c40   0x08000c40   0x00000032   Code   RO         3026    .text               c_w.l(defsig_general.o)
    0x08000c72   0x08000c72   0x0000000e   Code   RO         3028    .text               c_w.l(defsig_rtmem_outer.o)
    0x08000c80   0x08000c80   0x0000000e   Code   RO         3041    .text               c_w.l(sys_wrch.o)
    0x08000c8e   0x08000c8e   0x00000002   Code   RO         3045    .text               c_w.l(use_no_semi.o)
    0x08000c90   0x08000c90   0x00000000   Code   RO         3047    .text               c_w.l(indicate_semi.o)
    0x08000c90   0x08000c90   0x00000008   Code   RO         3051    .text               c_w.l(rt_errno_addr_intlibspace.o)
    0x08000c98   0x08000c98   0x00000050   Code   RO         3057    .text               c_w.l(defsig_rtmem_inner.o)
    0x08000ce8   0x08000ce8   0x00000094   Code   RO          372    i.DGInit            datagram_stm.o
    0x08000d7c   0x08000d7c   0x00000008   Code   RO          376    i.DGSetReceive      datagram_stm.o
    0x08000d84   0x08000d84   0x00000034   Code   RO          381    i.DGclearRoutingTable  datagram_stm.o
    0x08000db8   0x08000db8   0x0000000c   Code   RO          386    i.DGgetThisAddress  datagram_stm.o
    0x08000dc4   0x08000dc4   0x0000000c   Code   RO          407    i.DGsetHeaderFrom   datagram_stm.o
    0x08000dd0   0x08000dd0   0x0000001c   Code   RO          413    i.DGsetThisAddress  datagram_stm.o
    0x08000dec   0x08000dec   0x00000002   Code   RO         2377    i.DMA1_Channel1_Event  dma_stm32f10x.o
    0x08000dee   0x08000dee   0x00000002   PAD
    0x08000df0   0x08000df0   0x0000001c   Code   RO         2378    i.DMA1_Channel1_IRQHandler  dma_stm32f10x.o
    0x08000e0c   0x08000e0c   0x00000002   Code   RO         2379    i.DMA1_Channel2_Event  dma_stm32f10x.o
    0x08000e0e   0x08000e0e   0x00000002   PAD
    0x08000e10   0x08000e10   0x0000001c   Code   RO         2380    i.DMA1_Channel2_IRQHandler  dma_stm32f10x.o
    0x08000e2c   0x08000e2c   0x00000002   Code   RO         2381    i.DMA1_Channel3_Event  dma_stm32f10x.o
    0x08000e2e   0x08000e2e   0x00000002   PAD
    0x08000e30   0x08000e30   0x0000001c   Code   RO         2382    i.DMA1_Channel3_IRQHandler  dma_stm32f10x.o
    0x08000e4c   0x08000e4c   0x00000002   Code   RO         2383    i.DMA1_Channel4_Event  dma_stm32f10x.o
    0x08000e4e   0x08000e4e   0x00000002   PAD
    0x08000e50   0x08000e50   0x0000001c   Code   RO         2384    i.DMA1_Channel4_IRQHandler  dma_stm32f10x.o
    0x08000e6c   0x08000e6c   0x00000002   Code   RO         2385    i.DMA1_Channel5_Event  dma_stm32f10x.o
    0x08000e6e   0x08000e6e   0x00000002   PAD
    0x08000e70   0x08000e70   0x0000001c   Code   RO         2386    i.DMA1_Channel5_IRQHandler  dma_stm32f10x.o
    0x08000e8c   0x08000e8c   0x00000002   Code   RO         2387    i.DMA1_Channel6_Event  dma_stm32f10x.o
    0x08000e8e   0x08000e8e   0x00000002   PAD
    0x08000e90   0x08000e90   0x0000001c   Code   RO         2388    i.DMA1_Channel6_IRQHandler  dma_stm32f10x.o
    0x08000eac   0x08000eac   0x00000002   Code   RO         2389    i.DMA1_Channel7_Event  dma_stm32f10x.o
    0x08000eae   0x08000eae   0x00000002   PAD
    0x08000eb0   0x08000eb0   0x0000001c   Code   RO         2390    i.DMA1_Channel7_IRQHandler  dma_stm32f10x.o
    0x08000ecc   0x08000ecc   0x00000050   Code   RO          828    i.GPIO_Configuration  main.o
    0x08000f1c   0x08000f1c   0x00000116   Code   RO         1035    i.GPIO_Init         stm32f10x_gpio.o
    0x08001032   0x08001032   0x00000012   Code   RO         1039    i.GPIO_ReadInputDataBit  stm32f10x_gpio.o
    0x08001044   0x08001044   0x00000004   Code   RO         1042    i.GPIO_ResetBits    stm32f10x_gpio.o
    0x08001048   0x08001048   0x00000004   Code   RO         1043    i.GPIO_SetBits      stm32f10x_gpio.o
    0x0800104c   0x0800104c   0x00000030   Code   RO          891    i.ITM_SendChar      retarget_io.o
    0x0800107c   0x0800107c   0x00000060   Code   RO          696    i.MyTimerInit       mytimer.o
    0x080010dc   0x080010dc   0x00000024   Code   RO          829    i.NVIC_Configuration  main.o
    0x08001100   0x08001100   0x00000070   Code   RO          981    i.NVIC_Init         misc.o
    0x08001170   0x08001170   0x00000014   Code   RO          982    i.NVIC_PriorityGroupConfig  misc.o
    0x08001184   0x08001184   0x00000084   Code   RO          756    i.PrintfInit        printf.o
    0x08001208   0x08001208   0x00000020   Code   RO         1157    i.RCC_APB1PeriphClockCmd  stm32f10x_rcc.o
    0x08001228   0x08001228   0x00000020   Code   RO         1159    i.RCC_APB2PeriphClockCmd  stm32f10x_rcc.o
    0x08001248   0x08001248   0x0000000c   Code   RO          830    i.RCC_Configuration  main.o
    0x08001254   0x08001254   0x000000d4   Code   RO         1167    i.RCC_GetClocksFreq  stm32f10x_rcc.o
    0x08001328   0x08001328   0x00000018   Code   RO         1474    i.SPI_Cmd           stm32f10x_spi.o
    0x08001340   0x08001340   0x0000003c   Code   RO         1487    i.SPI_Init          stm32f10x_spi.o
    0x0800137c   0x0800137c   0x0000000c   Code   RO          786    i.SPIx_DisableSlave  spi.o
    0x08001388   0x08001388   0x00000094   Code   RO          788    i.SPIx_Init         spi.o
    0x0800141c   0x0800141c   0x0000003c   Code   RO          789    i.SPIx_Transfer     spi.o
    0x08001458   0x08001458   0x00000008   Code   RO         2576    i.SetSysClock       system_stm32f10x.o
    0x08001460   0x08001460   0x000000e0   Code   RO         2577    i.SetSysClockTo72   system_stm32f10x.o
    0x08001540   0x08001540   0x00000010   Code   RO          697    i.SysTick_Handler   mytimer.o
    0x08001550   0x08001550   0x00000060   Code   RO         2579    i.SystemInit        system_stm32f10x.o
    0x080015b0   0x080015b0   0x00000016   Code   RO          698    i.TIM2_IRQHandler   mytimer.o
    0x080015c6   0x080015c6   0x00000006   Code   RO         1636    i.TIM_ClearITPendingBit  stm32f10x_tim.o
    0x080015cc   0x080015cc   0x00000022   Code   RO         1662    i.TIM_GetITStatus   stm32f10x_tim.o
    0x080015ee   0x080015ee   0x00000002   PAD
    0x080015f0   0x080015f0   0x00000050   Code   RO          831    i.USART2_Configuration  main.o
    0x08001640   0x08001640   0x00000180   Code   RO          832    i.USART2_IRQHandler  main.o
    0x080017c0   0x080017c0   0x0000001e   Code   RO         2186    i.USART_ClearITPendingBit  stm32f10x_usart.o
    0x080017de   0x080017de   0x00000018   Code   RO         2189    i.USART_Cmd         stm32f10x_usart.o
    0x080017f6   0x080017f6   0x0000001a   Code   RO         2192    i.USART_GetFlagStatus  stm32f10x_usart.o
    0x08001810   0x08001810   0x00000054   Code   RO         2193    i.USART_GetITStatus  stm32f10x_usart.o
    0x08001864   0x08001864   0x0000004a   Code   RO         2195    i.USART_ITConfig    stm32f10x_usart.o
    0x080018ae   0x080018ae   0x00000002   PAD
    0x080018b0   0x080018b0   0x000000d8   Code   RO         2196    i.USART_Init        stm32f10x_usart.o
    0x08001988   0x08001988   0x0000000a   Code   RO         2203    i.USART_ReceiveData  stm32f10x_usart.o
    0x08001992   0x08001992   0x00000008   Code   RO         2206    i.USART_SendData    stm32f10x_usart.o
    0x0800199a   0x0800199a   0x00000026   Code   RO          892    i._sys_close        retarget_io.o
    0x080019c0   0x080019c0   0x00000024   Code   RO          893    i._sys_flen         retarget_io.o
    0x080019e4   0x080019e4   0x00000024   Code   RO          894    i._sys_istty        retarget_io.o
    0x08001a08   0x08001a08   0x00000068   Code   RO          895    i._sys_open         retarget_io.o
    0x08001a70   0x08001a70   0x0000002c   Code   RO          897    i._sys_seek         retarget_io.o
    0x08001a9c   0x08001a9c   0x00000058   Code   RO          898    i._sys_write        retarget_io.o
    0x08001af4   0x08001af4   0x00000018   Code   RO          699    i.delay             mytimer.o
    0x08001b0c   0x08001b0c   0x00000018   Code   RO            8    i.e_EnableLNA       cc1120.o
    0x08001b24   0x08001b24   0x00000030   Code   RO            9    i.e_GDO_Set         cc1120.o
    0x08001b54   0x08001b54   0x0000009c   Code   RO           10    i.e_Init            cc1120.o
    0x08001bf0   0x08001bf0   0x00000182   Code   RO           15    i.e_RegConfigSettings  cc1120.o
    0x08001d72   0x08001d72   0x00000002   PAD
    0x08001d74   0x08001d74   0x00000078   Code   RO           16    i.e_Reset           cc1120.o
    0x08001dec   0x08001dec   0x000000d0   Code   RO           18    i.e_SetChannel      cc1120.o
    0x08001ebc   0x08001ebc   0x00000042   Code   RO           19    i.e_SetReceive      cc1120.o
    0x08001efe   0x08001efe   0x00000002   PAD
    0x08001f00   0x08001f00   0x0000006c   Code   RO           20    i.e_SpiInit         cc1120.o
    0x08001f6c   0x08001f6c   0x00000034   Code   RO           24    i.e_SpiStrobe       cc1120.o
    0x08001fa0   0x08001fa0   0x0000007c   Code   RO           26    i.e_SpiWriteReg     cc1120.o
    0x0800201c   0x0800201c   0x0000000c   Code   RO           39    i.e_setHeaderFrom   cc1120.o
    0x08002028   0x08002028   0x0000000c   Code   RO           46    i.e_setThisAddress  cc1120.o
    0x08002034   0x08002034   0x00000024   Code   RO          757    i.fputc             printf.o
    0x08002058   0x08002058   0x00000038   Code   RO          833    i.main              main.o
    0x08002090   0x08002090   0x0000000c   Code   RO          701    i.millis            mytimer.o
    0x0800209c   0x0800209c   0x0000000c   Code   RO          899    i.stderr_putchar    retarget_io.o
    0x080020a8   0x080020a8   0x0000000c   Code   RO          901    i.stdout_putchar    retarget_io.o
    0x080020b4   0x080020b4   0x00000062   Code   RO         2686    x$fpl$d2f           fz_ws.l(d2f.o)
    0x08002116   0x08002116   0x00000002   PAD
    0x08002118   0x08002118   0x00000150   Code   RO         2688    x$fpl$dadd          fz_ws.l(daddsub_clz.o)
    0x08002268   0x08002268   0x0000002e   Code   RO         2695    x$fpl$dflt          fz_ws.l(dflt_clz.o)
    0x08002296   0x08002296   0x00000002   PAD
    0x08002298   0x08002298   0x00000154   Code   RO         2702    x$fpl$dmul          fz_ws.l(dmul.o)
    0x080023ec   0x080023ec   0x0000009c   Code   RO         2736    x$fpl$dnaninf       fz_ws.l(dnaninf.o)
    0x08002488   0x08002488   0x0000000c   Code   RO         2738    x$fpl$dretinf       fz_ws.l(dretinf.o)
    0x08002494   0x08002494   0x000001d4   Code   RO         2690    x$fpl$dsub          fz_ws.l(daddsub_clz.o)
    0x08002668   0x08002668   0x00000056   Code   RO         2706    x$fpl$f2d           fz_ws.l(f2d.o)
    0x080026be   0x080026be   0x00000002   PAD
    0x080026c0   0x080026c0   0x00000184   Code   RO         2709    x$fpl$fdiv          fz_ws.l(fdiv.o)
    0x08002844   0x08002844   0x00000036   Code   RO         2712    x$fpl$ffix          fz_ws.l(ffix.o)
    0x0800287a   0x0800287a   0x00000002   PAD
    0x0800287c   0x0800287c   0x00000102   Code   RO         2716    x$fpl$fmul          fz_ws.l(fmul.o)
    0x0800297e   0x0800297e   0x0000008c   Code   RO         2740    x$fpl$fnaninf       fz_ws.l(fnaninf.o)
    0x08002a0a   0x08002a0a   0x0000000a   Code   RO         2742    x$fpl$fretinf       fz_ws.l(fretinf.o)
    0x08002a14   0x08002a14   0x00000000   Code   RO         2744    x$fpl$usenofp       fz_ws.l(usenofp.o)
    0x08002a14   0x08002a14   0x00000017   Data   RO          902    .constdata          retarget_io.o
    0x08002a2b   0x08002a2b   0x00000028   Data   RO         2633    .constdata          c_w.l(_printf_hex_int.o)
    0x08002a53   0x08002a53   0x00000001   PAD
    0x08002a54   0x08002a54   0x00000020   Data   RO         3082    Region$$Table       anon$$obj.o


    Execution Region ER_RW (Exec base: 0x20000000, Load base: 0x08002a74, Size: 0x000000e4, Max: 0xffffffff, ABSOLUTE)

    Exec Addr    Load Addr    Size         Type   Attr      Idx    E Section Name        Object

    0x20000000   0x08002a74   0x00000017   Data   RW           50    .data               cc1120.o
    0x20000017   0x08002a8b   0x00000001   PAD
    0x20000018   0x08002a8c   0x00000034   Data   RW          415    .data               datagram_stm.o
    0x2000004c   0x08002ac0   0x00000004   Data   RW          702    .data               mytimer.o
    0x20000050   0x08002ac4   0x0000005d   Data   RW          835    .data               main.o
    0x200000ad   0x08002b21   0x00000014   Data   RW         1187    .data               stm32f10x_rcc.o
    0x200000c1   0x08002b35   0x00000003   PAD
    0x200000c4   0x08002b38   0x00000014   Data   RW         2580    .data               system_stm32f10x.o
    0x200000d8   0x08002b4c   0x00000004   Data   RW         2731    .data               c_w.l(stdio_streams.o)
    0x200000dc   0x08002b50   0x00000004   Data   RW         2732    .data               c_w.l(stdio_streams.o)
    0x200000e0   0x08002b54   0x00000004   Data   RW         2733    .data               c_w.l(stdio_streams.o)


    Execution Region ER_ZI (Exec base: 0x200000e4, Load base: 0x08002b58, Size: 0x00000d4c, Max: 0xffffffff, ABSOLUTE)

    Exec Addr    Load Addr    Size         Type   Attr      Idx    E Section Name        Object

    0x200000e4        -       0x000005f0   Zero   RW          834    .bss                main.o
    0x200006d4        -       0x00000054   Zero   RW         2728    .bss                c_w.l(stdio_streams.o)
    0x20000728        -       0x00000054   Zero   RW         2729    .bss                c_w.l(stdio_streams.o)
    0x2000077c        -       0x00000054   Zero   RW         2730    .bss                c_w.l(stdio_streams.o)
    0x200007d0        -       0x00000060   Zero   RW         2812    .bss                c_w.l(libspace.o)
    0x20000830        -       0x00000200   Zero   RW         2567    HEAP                startup_stm32f10x_md.o
    0x20000a30        -       0x00000400   Zero   RW         2566    STACK               startup_stm32f10x_md.o


==============================================================================

Image component sizes


      Code (inc. data)   RO Data    RW Data    ZI Data      Debug   Object Name

      1316        142          0         23          0     273969   cc1120.o
       260         64          0         52          0       7591   datagram_stm.o
       210         30          0          0          0       7259   dma_stm32f10x.o
       648         66          0         93       1520      15075   main.o
       132         22          0          0          0       1691   misc.o
       170         24          0          4          0      27630   mytimer.o
       168         12          0          0          0       1165   printf.o
       418         30         23          0          0       6946   retarget_io.o
       220         18          0          0          0       1544   spi.o
        64         26        236          0       1536        856   startup_stm32f10x_md.o
       304          0          0          0          0       3876   stm32f10x_gpio.o
       276         32          0         20          0       4606   stm32f10x_rcc.o
        84          0          0          0          0       2285   stm32f10x_spi.o
        40          0          0          0          0       1902   stm32f10x_tim.o
       472          6          0          0          0       7159   stm32f10x_usart.o
       328         28          0         20          0       2465   system_stm32f10x.o

    ----------------------------------------------------------------------
      5132        500        291        216       3056     366019   Object Totals
         0          0         32          0          0          0   (incl. Generated)
        22          0          0          4          0          0   (incl. Padding)

    ----------------------------------------------------------------------

      Code (inc. data)   RO Data    RW Data    ZI Data      Debug   Library Member Name

         8          0          0          0          0         68   __main.o
       104          0          0          0          0         84   __printf.o
         0          0          0          0          0          0   __rtentry.o
        12          0          0          0          0          0   __rtentry2.o
         6          0          0          0          0          0   __rtentry4.o
        52          8          0          0          0          0   __scatter.o
        26          0          0          0          0          0   __scatter_copy.o
        28          0          0          0          0          0   __scatter_zi.o
        48          6          0          0          0         96   _printf_char_common.o
        36          4          0          0          0         80   _printf_char_file.o
         6          0          0          0          0          0   _printf_d.o
       120         16          0          0          0         92   _printf_dec.o
        88          4         40          0          0         88   _printf_hex_int.o
       178          0          0          0          0         88   _printf_intcommon.o
         0          0          0          0          0          0   _printf_percent.o
         4          0          0          0          0          0   _printf_percent_end.o
         6          0          0          0          0          0   _printf_x.o
        10          0          0          0          0         68   defsig_exit.o
        50          0          0          0          0         88   defsig_general.o
        80         58          0          0          0         76   defsig_rtmem_inner.o
        14          0          0          0          0         80   defsig_rtmem_outer.o
        52         38          0          0          0         76   defsig_rtred_inner.o
        14          0          0          0          0         80   defsig_rtred_outer.o
        18          0          0          0          0         80   exit.o
        76          0          0          0          0         88   fclose.o
         8          0          0          0          0         68   ferror.o
       236          4          0          0          0        128   fopen.o
       248          6          0          0          0         84   fseek.o
        66          0          0          0          0         76   ftell.o
        94          0          0          0          0         80   h1_alloc.o
        52          0          0          0          0         68   h1_extend.o
        78          0          0          0          0         80   h1_free.o
        14          0          0          0          0         84   h1_init.o
         6          0          0          0          0        152   heapauxi.o
         4          0          0          0          0        136   hguard.o
         0          0          0          0          0          0   indicate_semi.o
       138          0          0          0          0        168   init_alloc.o
       312         46          0          0          0        112   initio.o
         2          0          0          0          0          0   libinit.o
        14          0          0          0          0          0   libinit2.o
         2          0          0          0          0          0   libshutdown.o
         6          0          0          0          0          0   libshutdown2.o
         8          4          0          0         96         68   libspace.o
         0          0          0          0          0          0   maybetermalloc1.o
        24          4          0          0          0         84   noretval__2printf.o
         8          4          0          0          0         68   rt_errno_addr_intlibspace.o
         8          4          0          0          0         68   rt_heap_descriptor_intlibspace.o
        78          0          0          0          0         80   rt_memclr_w.o
         2          0          0          0          0          0   rtexit.o
        10          0          0          0          0          0   rtexit2.o
        70          0          0          0          0         80   setvbuf.o
       240          6          0          0          0        156   stdio.o
         0          0          0         12        252          0   stdio_streams.o
       128          0          0          0          0         68   strcmpv7m.o
        12          4          0          0          0         68   sys_exit.o
        74          0          0          0          0         80   sys_stackheap_outer.o
        14          0          0          0          0         76   sys_wrch.o
         2          0          0          0          0         68   use_no_semi.o
        98          4          0          0          0         92   d2f.o
       804         16          0          0          0        272   daddsub_clz.o
        46          0          0          0          0         68   dflt_clz.o
       340         12          0          0          0        104   dmul.o
       156          4          0          0          0         92   dnaninf.o
        12          0          0          0          0         68   dretinf.o
        86          4          0          0          0         84   f2d.o
       388         76          0          0          0         96   fdiv.o
        54          4          0          0          0         84   ffix.o
       258          4          0          0          0         84   fmul.o
       140          4          0          0          0         84   fnaninf.o
        10          0          0          0          0         68   fretinf.o
         0          0          0          0          0          0   usenofp.o

    ----------------------------------------------------------------------
      5404        344         41         12        348       4628   Library Totals
        18          0          1          0          0          0   (incl. Padding)

    ----------------------------------------------------------------------

      Code (inc. data)   RO Data    RW Data    ZI Data      Debug   Library Name

      2994        216         40         12        348       3432   c_w.l
      2392        128          0          0          0       1196   fz_ws.l

    ----------------------------------------------------------------------
      5404        344         41         12        348       4628   Library Totals

    ----------------------------------------------------------------------

==============================================================================


      Code (inc. data)   RO Data    RW Data    ZI Data      Debug   

     10536        844        332        228       3404     364091   Grand Totals
     10536        844        332        228       3404     364091   ELF Image Totals
     10536        844        332        228          0          0   ROM Totals

==============================================================================

    Total RO  Size (Code + RO Data)                10868 (  10.61kB)
    Total RW  Size (RW Data + ZI Data)              3632 (   3.55kB)
    Total ROM Size (Code + RO Data + RW Data)      11096 (  10.84kB)

==============================================================================

