Component: ARM Compiler 5.06 update 5 (build 528) Tool: armlink [4d35e2]

==============================================================================

Section Cross References

    cc1120.o(i.CRCC) refers to cc1120.o(i.culCalcCRC) for culCalcCRC
    cc1120.o(i.e_CheckReceiveFlag) refers to cc1120.o(i.e_SpiStrobe) for e_SpiStrobe
    cc1120.o(i.e_CheckReceiveFlag) refers to stm32f10x_gpio.o(i.GPIO_ReadInputDataBit) for GPIO_ReadInputDataBit
    cc1120.o(i.e_DisableLNA) refers to stm32f10x_gpio.o(i.GPIO_ResetBits) for GPIO_ResetBits
    cc1120.o(i.e_EnableLNA) refers to stm32f10x_gpio.o(i.GPIO_ResetBits) for GPIO_ResetBits
    cc1120.o(i.e_EnableLNA) refers to stm32f10x_gpio.o(i.GPIO_SetBits) for GPIO_SetBits
    cc1120.o(i.e_GDO_Set) refers to stm32f10x_gpio.o(i.GPIO_Init) for GPIO_Init
    cc1120.o(i.e_GDO_Set) refers to stm32f10x_gpio.o(i.GPIO_SetBits) for GPIO_SetBits
    cc1120.o(i.e_Init) refers to printf.o(i.PrintfInit) for PrintfInit
    cc1120.o(i.e_Init) refers to mytimer.o(i.MyTimerInit) for MyTimerInit
    cc1120.o(i.e_Init) refers to cc1120.o(i.e_SpiInit) for e_SpiInit
    cc1120.o(i.e_Init) refers to cc1120.o(i.e_GDO_Set) for e_GDO_Set
    cc1120.o(i.e_Init) refers to stm32f10x_gpio.o(i.GPIO_SetBits) for GPIO_SetBits
    cc1120.o(i.e_Init) refers to stm32f10x_gpio.o(i.GPIO_ResetBits) for GPIO_ResetBits
    cc1120.o(i.e_Init) refers to cc1120.o(i.e_EnableLNA) for e_EnableLNA
    cc1120.o(i.e_Init) refers to cc1120.o(i.e_Reset) for e_Reset
    cc1120.o(i.e_Init) refers to cc1120.o(i.e_RegConfigSettings) for e_RegConfigSettings
    cc1120.o(i.e_Init) refers to cc1120.o(.data) for e_thisAddress
    cc1120.o(i.e_ManualCalibration) refers to cc1120.o(i.e_SpiWriteReg) for e_SpiWriteReg
    cc1120.o(i.e_ManualCalibration) refers to cc1120.o(i.e_SpiReadReg) for e_SpiReadReg
    cc1120.o(i.e_ManualCalibration) refers to cc1120.o(i.e_SpiStrobe) for e_SpiStrobe
    cc1120.o(i.e_PrintChannel) refers to _printf_percent.o(.ARM.Collect$$_printf_percent$$00000000) for _printf_percent
    cc1120.o(i.e_PrintChannel) refers to _printf_d.o(.ARM.Collect$$_printf_percent$$00000009) for _printf_d
    cc1120.o(i.e_PrintChannel) refers to _printf_dec.o(.text) for _printf_int_dec
    cc1120.o(i.e_PrintChannel) refers to _printf_x.o(.ARM.Collect$$_printf_percent$$0000000C) for _printf_x
    cc1120.o(i.e_PrintChannel) refers to _printf_hex_int.o(.text) for _printf_longlong_hex
    cc1120.o(i.e_PrintChannel) refers to dflt_clz.o(x$fpl$dflt) for __aeabi_i2d
    cc1120.o(i.e_PrintChannel) refers to dmul.o(x$fpl$dmul) for __aeabi_dmul
    cc1120.o(i.e_PrintChannel) refers to f2d.o(x$fpl$f2d) for __aeabi_f2d
    cc1120.o(i.e_PrintChannel) refers to daddsub_clz.o(x$fpl$dadd) for __aeabi_dadd
    cc1120.o(i.e_PrintChannel) refers to d2f.o(x$fpl$d2f) for __aeabi_d2f
    cc1120.o(i.e_PrintChannel) refers to fmul.o(x$fpl$fmul) for __aeabi_fmul
    cc1120.o(i.e_PrintChannel) refers to fdiv.o(x$fpl$fdiv) for __aeabi_fdiv
    cc1120.o(i.e_PrintChannel) refers to ffix.o(x$fpl$ffix) for __aeabi_f2iz
    cc1120.o(i.e_PrintChannel) refers to noretval__2printf.o(.text) for __2printf
    cc1120.o(i.e_Read8BitRssi) refers to cc1120.o(i.e_SpiReadReg) for e_SpiReadReg
    cc1120.o(i.e_ReceiveData) refers to _printf_percent.o(.ARM.Collect$$_printf_percent$$00000000) for _printf_percent
    cc1120.o(i.e_ReceiveData) refers to _printf_d.o(.ARM.Collect$$_printf_percent$$00000009) for _printf_d
    cc1120.o(i.e_ReceiveData) refers to _printf_dec.o(.text) for _printf_int_dec
    cc1120.o(i.e_ReceiveData) refers to noretval__2printf.o(.text) for __2printf
    cc1120.o(i.e_ReceiveData) refers to cc1120.o(i.e_SpiReadReg) for e_SpiReadReg
    cc1120.o(i.e_ReceiveData) refers to mytimer.o(i.delay) for delay
    cc1120.o(i.e_ReceiveData) refers to cc1120.o(i.e_SpiStrobe) for e_SpiStrobe
    cc1120.o(i.e_ReceiveData) refers to cc1120.o(i.e_SpiReadBurstReg) for e_SpiReadBurstReg
    cc1120.o(i.e_ReceiveData) refers to cc1120.o(i.rssi_dbm) for rssi_dbm
    cc1120.o(i.e_ReceiveData) refers to cc1120.o(i.e_Read8BitRssi) for e_Read8BitRssi
    cc1120.o(i.e_ReceiveData) refers to mytimer.o(i.millis) for millis
    cc1120.o(i.e_ReceiveData) refers to rt_memcpy_v6.o(.text) for __aeabi_memcpy
    cc1120.o(i.e_ReceiveData) refers to main.o(.data) for e_rssi
    cc1120.o(i.e_ReceiveData) refers to cc1120.o(.conststring) for .conststring
    cc1120.o(i.e_ReceiveData) refers to cc1120.o(.data) for e_rxHeaderFrom
    cc1120.o(i.e_RegConfigSettings) refers to cc1120.o(i.e_SpiWriteReg) for e_SpiWriteReg
    cc1120.o(i.e_RegConfigSettings) refers to cc1120.o(i.e_SetChannel) for e_SetChannel
    cc1120.o(i.e_Reset) refers to stm32f10x_gpio.o(i.GPIO_ResetBits) for GPIO_ResetBits
    cc1120.o(i.e_Reset) refers to mytimer.o(i.delay) for delay
    cc1120.o(i.e_Reset) refers to stm32f10x_gpio.o(i.GPIO_SetBits) for GPIO_SetBits
    cc1120.o(i.e_Reset) refers to noretval__2printf.o(.text) for __2printf
[...]
    e_rxHeaderSource                         0x20000007   Data           1  cc1120.o(.data)
    e_rxHeaderDestination                    0x20000008   Data           1  cc1120.o(.data)
    e_rxHeaderType                           0x20000009   Data           1  cc1120.o(.data)
    e_rxHeaderData                           0x2000000a   Data           1  cc1120.o(.data)
    e_rxHeaderFlags                          0x2000000b   Data           1  cc1120.o(.data)
    e_rxHeaderSeqNum                         0x2000000c   Data           1  cc1120.o(.data)
    e_rxHeaderHop                            0x2000000d   Data           1  cc1120.o(.data)
    e_txHeaderFrom                           0x2000000e   Data           1  cc1120.o(.data)
    e_txHeaderTo                             0x2000000f   Data           1  cc1120.o(.data)
    e_txHeaderSource                         0x20000010   Data           1  cc1120.o(.data)
    e_txHeaderDestination                    0x20000011   Data           1  cc1120.o(.data)
    e_txHeaderType                           0x20000012   Data           1  cc1120.o(.data)
    e_txHeaderData                           0x20000013   Data           1  cc1120.o(.data)
    e_txHeaderFlags                          0x20000014   Data           1  cc1120.o(.data)
    e_txHeaderSeqNum                         0x20000015   Data           1  cc1120.o(.data)
    e_txHeaderHop                            0x20000016   Data           1  cc1120.o(.data)
    .data                                    0x20000018   Section       52  datagram_stm.o(.data)
    curTime                                  0x20000018   Data           4  datagram_stm.o(.data)
    e_thisAddress                            0x2000001c   Data           1  datagram_stm.o(.data)
    e_rxHeaderFrom                           0x2000001d   Data           1  datagram_stm.o(.data)
    e_rxHeaderTo                             0x2000001e   Data           1  datagram_stm.o(.data)
    e_rxHeaderSource                         0x2000001f   Data           1  datagram_stm.o(.data)
    e_rxHeaderDestination                    0x20000020   Data           1  datagram_stm.o(.data)
    e_rxHeaderType                           0x20000021   Data           1  datagram_stm.o(.data)
    e_rxHeaderData                           0x20000022   Data           1  datagram_stm.o(.data)
    e_rxHeaderFlags                          0x20000023   Data           1  datagram_stm.o(.data)
    e_rxHeaderSeqNum                         0x20000024   Data           1  datagram_stm.o(.data)
    e_rxHeaderHop                            0x20000025   Data           1  datagram_stm.o(.data)
    e_txHeaderFrom                           0x20000026   Data           1  datagram_stm.o(.data)
    e_txHeaderTo                             0x20000027   Data           1  datagram_stm.o(.data)
    e_txHeaderSource                         0x20000028   Data           1  datagram_stm.o(.data)
    e_txHeaderDestination                    0x20000029   Data           1  datagram_stm.o(.data)
    e_txHeaderType                           0x2000002a   Data           1  datagram_stm.o(.data)
    e_txHeaderData                           0x2000002b   Data           1  datagram_stm.o(.data)
    e_txHeaderFlags                          0x2000002c   Data           1  datagram_stm.o(.data)
    e_txHeaderSeqNum                         0x2000002d   Data           1  datagram_stm.o(.data)
    e_txHeaderHop                            0x2000002e   Data           1  datagram_stm.o(.data)
    DG_thisAddress                           0x2000002f   Data           1  datagram_stm.o(.data)
    DG_rxHeaderTo                            0x20000030   Data           1  datagram_stm.o(.data)
    DG_rxHeaderFrom                          0x20000031   Data           1  datagram_stm.o(.data)
    DG_rxHeaderSource                        0x20000032   Data           1  datagram_stm.o(.data)
    DG_rxHeaderDestination                   0x20000033   Data           1  datagram_stm.o(.data)
    DG_rxHeaderType                          0x20000034   Data           1  datagram_stm.o(.data)
    DG_rxHeaderData                          0x20000035   Data           1  datagram_stm.o(.data)
    DG_rxHeaderFlags                         0x20000036   Data           1  datagram_stm.o(.data)
    DG_rxHeaderSeqNum                        0x20000037   Data           1  datagram_stm.o(.data)
    DG_rxHeaderHop                           0x20000038   Data           1  datagram_stm.o(.data)
    DGcandidateAddress                       0x20000039   Data           1  datagram_stm.o(.data)
    DGcandidateRSSI                          0x2000003a   Data           1  datagram_stm.o(.data)
    DGreceivedType                           0x2000003b   Data           1  datagram_stm.o(.data)
    DGstartTime                              0x2000003c   Data           4  datagram_stm.o(.data)
    DGresetTime                              0x20000040   Data           4  datagram_stm.o(.data)
    DGmasterBroadcastAddress                 0x20000044   Data           1  datagram_stm.o(.data)
    DGgatewayNumber                          0x20000045   Data           1  datagram_stm.o(.data)
    DGsendingTime                            0x20000048   Data           4  datagram_stm.o(.data)
    .data                                    0x2000004c   Section       97  main.o(.data)
    curTime                                  0x2000004c   Data           4  main.o(.data)
    e_thisAddress                            0x20000050   Data           1  main.o(.data)
    e_rxHeaderFrom                           0x20000051   Data           1  main.o(.data)
    e_rxHeaderTo                             0x20000052   Data           1  main.o(.data)
    e_rxHeaderSource                         0x20000053   Data           1  main.o(.data)
    e_rxHeaderDestination                    0x20000054   Data           1  main.o(.data)
    e_rxHeaderType                           0x20000055   Data           1  main.o(.data)
    e_rxHeaderData                           0x20000056   Data           1  main.o(.data)
    e_rxHeaderFlags                          0x20000057   Data           1  main.o(.data)
    e_rxHeaderSeqNum                         0x20000058   Data           1  main.o(.data)
    e_rxHeaderHop                            0x20000059   Data           1  main.o(.data)
    e_txHeaderFrom                           0x2000005a   Data           1  main.o(.data)
    e_txHeaderTo                             0x2000005b   Data           1  main.o(.data)
    e_txHeaderSource                         0x2000005c   Data           1  main.o(.data)
    e_txHeaderDestination                    0x2000005d   Data           1  main.o(.data)
    e_txHeaderType                           0x2000005e   Data           1  main.o(.data)
    e_txHeaderData                           0x2000005f   Data           1  main.o(.data)
    e_txHeaderFlags                          0x20000060   Data           1  main.o(.data)
    e_txHeaderSeqNum                         0x20000061   Data           1  main.o(.data)
    e_txHeaderHop                            0x20000062   Data           1  main.o(.data)
    DG_thisAddress                           0x20000063   Data           1  main.o(.data)
    DG_rxHeaderTo                            0x20000064   Data           1  main.o(.data)
    DG_rxHeaderFrom                          0x20000065   Data           1  main.o(.data)
    DG_rxHeaderSource                        0x20000066   Data           1  main.o(.data)
    DG_rxHeaderDestination                   0x20000067   Data           1  main.o(.data)
    DG_rxHeaderType                          0x20000068   Data           1  main.o(.data)
    DG_rxHeaderData                          0x20000069   Data           1  main.o(.data)
    DG_rxHeaderFlags                         0x2000006a   Data           1  main.o(.data)
    DG_rxHeaderSeqNum                        0x2000006b   Data           1  main.o(.data)
    DG_rxHeaderHop                           0x2000006c   Data           1  main.o(.data)
    DGcandidateAddress                       0x2000006d   Data           1  main.o(.data)
    DGcandidateRSSI                          0x2000006e   Data           1  main.o(.data)
    DGreceivedType                           0x2000006f   Data           1  main.o(.data)
    DGstartTime                              0x20000070   Data           4  main.o(.data)
    DGresetTime                              0x20000074   Data           4  main.o(.data)
    DGmasterBroadcastAddress                 0x20000078   Data           1  main.o(.data)
    DGgatewayNumber                          0x20000079   Data           1  main.o(.data)
    DGsendingTime                            0x2000007c   Data           4  main.o(.data)
    .data                                    0x200000b0   Section        4  mytimer.o(.data)
    curTime                                  0x200000b0   Data           4  mytimer.o(.data)
    .data                                    0x200000b4   Section       20  stm32f10x_rcc.o(.data)
    APBAHBPrescTable                         0x200000b4   Data          16  stm32f10x_rcc.o(.data)
    ADCPrescTable                            0x200000c4   Data           4  stm32f10x_rcc.o(.data)
    .data                                    0x200000c8   Section       20  system_stm32f10x.o(.data)
    .data                                    0x200000dc   Section        4  stdio_streams.o(.data)
    .data                                    0x200000e0   Section        4  stdio_streams.o(.data)
    .data                                    0x200000e4   Section        4  stdio_streams.o(.data)
    .bss                                     0x200000e8   Section      444  main.o(.bss)
    .bss                                     0x200002a4   Section       84  stdio_streams.o(.bss)
    .bss                                     0x200002f8   Section       84  stdio_streams.o(.bss)
    .bss                                     0x2000034c   Section       84  stdio_streams.o(.bss)
    .bss                                     0x200003a0   Section       96  libspace.o(.bss)
    HEAP                                     0x20000400   Section      512  startup_stm32f10x_md.o(HEAP)
    Heap_Mem                                 0x20000400   Data         512  startup_stm32f10x_md.o(HEAP)
    STACK                                    0x20000600   Section     1024  startup_stm32f10x_md.o(STACK)
    Stack_Mem                                0x20000600   Data        1024  startup_stm32f10x_md.o(STACK)
    __initial_sp                             0x20000a00   Data           0  startup_stm32f10x_md.o(STACK)

    Global Symbols

    Symbol Name                              Value     Ov Type        Size  Object(Section)

    BuildAttributes$$THM_ISAv4$P$D$K$B$S$PE$A:L22UL41UL21$X:L11$S22US41US21$IEEE1$IW$USESV6$~STKCKD$USESV7$~SHL$OTIME$ROPI$IEEEJ$EBA8$UX$STANDARDLIB$REQ8$PRES8$EABIv2 0x00000000   Number         0  anon$$obj.o ABSOLUTE
    __ARM_use_no_argv                        0x00000000   Number         0  main.o ABSOLUTE
    __ARM_exceptions_init                     - Undefined Weak Reference
    __alloca_initialize                       - Undefined Weak Reference
    __arm_preinit_                            - Undefined Weak Reference
    __cpp_initialize__aeabi_                  - Undefined Weak Reference
    __cxa_finalize                            - Undefined Weak Reference
    __sigvec_lookup                           - Undefined Weak Reference
    __user_heap_extent                        - Undefined Weak Reference
    _atexit_init                              - Undefined Weak Reference
    _call_atexit_fns                          - Undefined Weak Reference
    _clock_init                               - Undefined Weak Reference
    _fp_trap_init                             - Undefined Weak Reference
    _fp_trap_shutdown                         - Undefined Weak Reference
    _get_lc_collate                           - Undefined Weak Reference
    _get_lc_ctype                             - Undefined Weak Reference
    _get_lc_monetary                          - Undefined Weak Reference
    _get_lc_time                              - Undefined Weak Reference
    _getenv_init                              - Undefined Weak Reference
    _handle_redirection                       - Undefined Weak Reference
    _mutex_acquire                            - Undefined Weak Reference
    _mutex_free                               - Undefined Weak Reference
    _mutex_release                            - Undefined Weak Reference
    _printf_post_padding                      - Undefined Weak Reference
    _printf_pre_padding                       - Undefined Weak Reference
    _printf_truncate_signed                   - Undefined Weak Reference
    _printf_truncate_unsigned                 - Undefined Weak Reference
    _rand_init                                - Undefined Weak Reference
    _signal_finish                            - Undefined Weak Reference
    _signal_init                              - Undefined Weak Reference
    __Vectors_Size                           0x000000ec   Number         0  startup_stm32f10x_md.o ABSOLUTE
    __Vectors                                0x08000000   Data           4  startup_stm32f10x_md.o(RESET)
    __Vectors_End                            0x080000ec   Data           0  startup_stm32f10x_md.o(RESET)
    __main                                   0x080000ed   Thumb Code     8  __main.o(!!!main)
    __scatterload                            0x080000f5   Thumb Code     0  __scatter.o(!!!scatter)
    __scatterload_rt2                        0x080000f5   Thumb Code    44  __scatter.o(!!!scatter)
    __scatterload_rt2_thumb_only             0x080000f5   Thumb Code     0  __scatter.o(!!!scatter)
    __scatterload_null                       0x08000103   Thumb Code     0  __scatter.o(!!!scatter)
    __scatterload_copy                       0x08000129   Thumb Code    26  __scatter_copy.o(!!handler_copy)
    __scatterload_zeroinit                   0x08000145   Thumb Code    28  __scatter_zi.o(!!handler_zi)
    _printf_d                                0x08000161   Thumb Code     0  _printf_d.o(.ARM.Collect$$_printf_percent$$00000009)
    _printf_percent                          0x08000161   Thumb Code     0  _printf_percent.o(.ARM.Collect$$_printf_percent$$00000000)
    _printf_x                                0x08000167   Thumb Code     0  _printf_x.o(.ARM.Collect$$_printf_percent$$0000000C)
    _printf_percent_end                      0x0800016d   Thumb Code     0  _printf_percent_end.o(.ARM.Collect$$_printf_percent$$00000017)
    __rt_lib_init                            0x08000171   Thumb Code     0  libinit.o(.ARM.Collect$$libinit$$00000000)
    __rt_lib_init_fp_1                       0x08000173   Thumb Code     0  libinit2.o(.ARM.Collect$$libinit$$00000002)
    __rt_lib_init_heap_2                     0x08000173   Thumb Code     0  libinit2.o(.ARM.Collect$$libinit$$00000005)
    __rt_lib_init_preinit_1                  0x08000173   Thumb Code     0  libinit2.o(.ARM.Collect$$libinit$$00000004)
    __rt_lib_init_atexit_1                   0x0800017b   Thumb Code     0  libinit2.o(.ARM.Collect$$libinit$$0000001B)
    __rt_lib_init_clock_1                    0x0800017b   Thumb Code     0  libinit2.o(.ARM.Collect$$libinit$$00000021)
    __rt_lib_init_fp_trap_1                  0x0800017b   Thumb Code     0  libinit2.o(.ARM.Collect$$libinit$$0000001F)
    __rt_lib_init_getenv_1                   0x0800017b   Thumb Code     0  libinit2.o(.ARM.Collect$$libinit$$00000023)
    __rt_lib_init_heap_1                     0x0800017b   Thumb Code     0  libinit2.o(.ARM.Collect$$libinit$$0000000A)
    __rt_lib_init_lc_collate_1               0x0800017b   Thumb Code     0  libinit2.o(.ARM.Collect$$libinit$$00000011)
    __rt_lib_init_lc_ctype_1                 0x0800017b   Thumb Code     0  libinit2.o(.ARM.Collect$$libinit$$00000013)
    __rt_lib_init_lc_monetary_1              0x0800017b   Thumb Code     0  libinit2.o(.ARM.Collect$$libinit$$00000015)
    __rt_lib_init_lc_numeric_1               0x0800017b   Thumb Code     0  libinit2.o(.ARM.Collect$$libinit$$00000017)
    __rt_lib_init_lc_time_1                  0x0800017b   Thumb Code     0  libinit2.o(.ARM.Collect$$libinit$$00000019)
    __rt_lib_init_rand_1                     0x0800017b   Thumb Code     0  libinit2.o(.ARM.Collect$$libinit$$0000000E)
    __rt_lib_init_signal_1                   0x0800017b   Thumb Code     0  libinit2.o(.ARM.Collect$$libinit$$0000001D)
    __rt_lib_init_stdio_2                    0x0800017b   Thumb Code     0  libinit2.o(.ARM.Collect$$libinit$$00000024)
    __rt_lib_init_user_alloc_1               0x0800017b   Thumb Code     0  libinit2.o(.ARM.Collect$$libinit$$0000000C)
    __rt_lib_init_alloca_1                   0x0800017f   Thumb Code     0  libinit2.o(.ARM.Collect$$libinit$$0000002E)
    __rt_lib_init_argv_1                     0x0800017f   Thumb Code     0  libinit2.o(.ARM.Collect$$libinit$$0000002C)
    __rt_lib_init_cpp_1                      0x0800017f   Thumb Code     0  libinit2.o(.ARM.Collect$$libinit$$00000032)
    __rt_lib_init_exceptions_1               0x0800017f   Thumb Code     0  libinit2.o(.ARM.Collect$$libinit$$00000030)
    __rt_lib_init_return                     0x0800017f   Thumb Code     0  libinit2.o(.ARM.Collect$$libinit$$00000033)
    __rt_lib_init_stdio_1                    0x0800017f   Thumb Code     0  libinit2.o(.ARM.Collect$$libinit$$00000025)
    __rt_lib_shutdown                        0x08000181   Thumb Code     0  libshutdown.o(.ARM.Collect$$libshutdown$$00000000)
    __rt_lib_shutdown_cpp_1                  0x08000183   Thumb Code     0  libshutdown2.o(.ARM.Collect$$libshutdown$$00000002)
    __rt_lib_shutdown_stdio_2                0x08000183   Thumb Code     0  libshutdown2.o(.ARM.Collect$$libshutdown$$00000003)
    __rt_lib_shutdown_fp_trap_1              0x08000187   Thumb Code     0  libshutdown2.o(.ARM.Collect$$libshutdown$$00000007)
    __rt_lib_shutdown_heap_1                 0x08000187   Thumb Code     0  libshutdown2.o(.ARM.Collect$$libshutdown$$0000000F)
    __rt_lib_shutdown_return                 0x08000187   Thumb Code     0  libshutdown2.o(.ARM.Collect$$libshutdown$$00000010)
    __rt_lib_shutdown_signal_1               0x08000187   Thumb Code     0  libshutdown2.o(.ARM.Collect$$libshutdown$$0000000A)
    __rt_lib_shutdown_stdio_1                0x08000187   Thumb Code     0  libshutdown2.o(.ARM.Collect$$libshutdown$$00000004)
    __rt_lib_shutdown_user_alloc_1           0x08000187   Thumb Code     0  libshutdown2.o(.ARM.Collect$$libshutdown$$0000000C)
    __rt_entry                               0x08000189   Thumb Code     0  __rtentry.o(.ARM.Collect$$rtentry$$00000000)
    __rt_entry_presh_1                       0x08000189   Thumb Code     0  __rtentry2.o(.ARM.Collect$$rtentry$$00000002)
    __rt_entry_sh                            0x08000189   Thumb Code     0  __rtentry4.o(.ARM.Collect$$rtentry$$00000004)
    __rt_entry_li                            0x0800018f   Thumb Code     0  __rtentry2.o(.ARM.Collect$$rtentry$$0000000A)
    __rt_entry_postsh_1                      0x0800018f   Thumb Code     0  __rtentry2.o(.ARM.Collect$$rtentry$$00000009)
    __rt_entry_main                          0x08000193   Thumb Code     0  __rtentry2.o(.ARM.Collect$$rtentry$$0000000D)
    __rt_entry_postli_1                      0x08000193   Thumb Code     0  __rtentry2.o(.ARM.Collect$$rtentry$$0000000C)
    __rt_exit                                0x0800019b   Thumb Code     0  rtexit.o(.ARM.Collect$$rtexit$$00000000)
    __rt_exit_ls                             0x0800019d   Thumb Code     0  rtexit2.o(.ARM.Collect$$rtexit$$00000003)
    __rt_exit_prels_1                        0x0800019d   Thumb Code     0  rtexit2.o(.ARM.Collect$$rtexit$$00000002)
    __rt_exit_exit                           0x080001a1   Thumb Code     0  rtexit2.o(.ARM.Collect$$rtexit$$00000004)
    Reset_Handler                            0x080001a9   Thumb Code     8  startup_stm32f10x_md.o(.text)
    _maybe_terminate_alloc                   0x080001a9   Thumb Code     0  maybetermalloc1.o(.emb_text)
    NMI_Handler                              0x080001b1   Thumb Code     2  startup_stm32f10x_md.o(.text)
    HardFault_Handler                        0x080001b3   Thumb Code     2  startup_stm32f10x_md.o(.text)
    MemManage_Handler                        0x080001b5   Thumb Code     2  startup_stm32f10x_md.o(.text)
    BusFault_Handler                         0x080001b7   Thumb Code     2  startup_stm32f10x_md.o(.text)
    UsageFault_Handler                       0x080001b9   Thumb Code     2  startup_stm32f10x_md.o(.text)
    SVC_Handler                              0x080001bb   Thumb Code     2  startup_stm32f10x_md.o(.text)
    DebugMon_Handler                         0x080001bd   Thumb Code     2  startup_stm32f10x_md.o(.text)
    PendSV_Handler                           0x080001bf   Thumb Code     2  startup_stm32f10x_md.o(.text)
    ADC1_2_IRQHandler                        0x080001c3   Thumb Code     0  startup_stm32f10x_md.o(.text)
    CAN1_RX1_IRQHandler                      0x080001c3   Thumb Code     0  startup_stm32f10x_md.o(.text)
    CAN1_SCE_IRQHandler                      0x080001c3   Thumb Code     0  startup_stm32f10x_md.o(.text)
    EXTI0_IRQHandler                         0x080001c3   Thumb Code     0  startup_stm32f10x_md.o(.text)
    EXTI15_10_IRQHandler                     0x080001c3   Thumb Code     0  startup_stm32f10x_md.o(.text)
    EXTI1_IRQHandler                         0x080001c3   Thumb Code     0  startup_stm32f10x_md.o(.text)
    EXTI2_IRQHandler                         0x080001c3   Thumb Code     0  startup_stm32f10x_md.o(.text)
    EXTI3_IRQHandler                         0x080001c3   Thumb Code     0  startup_stm32f10x_md.o(.text)
    EXTI4_IRQHandler                         0x080001c3   Thumb Code     0  startup_stm32f10x_md.o(.text)
    EXTI9_5_IRQHandler                       0x080001c3   Thumb Code     0  startup_stm32f10x_md.o(.text)
    FLASH_IRQHandler                         0x080001c3   Thumb Code     0  startup_stm32f10x_md.o(.text)
    I2C1_ER_IRQHandler                       0x080001c3   Thumb Code     0  startup_stm32f10x_md.o(.text)
    I2C1_EV_IRQHandler                       0x080001c3   Thumb Code     0  startup_stm32f10x_md.o(.text)
    I2C2_ER_IRQHandler                       0x080001c3   Thumb Code     0  startup_stm32f10x_md.o(.text)
    I2C2_EV_IRQHandler                       0x080001c3   Thumb Code     0  startup_stm32f10x_md.o(.text)
    PVD_IRQHandler                           0x080001c3   Thumb Code     0  startup_stm32f10x_md.o(.text)
    RCC_IRQHandler                           0x080001c3   Thumb Code     0  startup_stm32f10x_md.o(.text)
    RTCAlarm_IRQHandler                      0x080001c3   Thumb Code     0  startup_stm32f10x_md.o(.text)
    RTC_IRQHandler                           0x080001c3   Thumb Code     0  startup_stm32f10x_md.o(.text)
    SPI1_IRQHandler                          0x080001c3   Thumb Code     0  startup_stm32f10x_md.o(.text)
    SPI2_IRQHandler                          0x080001c3   Thumb Code     0  startup_stm32f10x_md.o(.text)
    TAMPER_IRQHandler                        0x080001c3   Thumb Code     0  startup_stm32f10x_md.o(.text)
    TIM1_BRK_IRQHandler                      0x080001c3   Thumb Code     0  startup_stm32f10x_md.o(.text)
    TIM1_CC_IRQHandler                       0x080001c3   Thumb Code     0  startup_stm32f10x_md.o(.text)
    TIM1_TRG_COM_IRQHandler                  0x080001c3   Thumb Code     0  startup_stm32f10x_md.o(.text)
    TIM1_UP_IRQHandler                       0x080001c3   Thumb Code     0  startup_stm32f10x_md.o(.text)
    TIM3_IRQHandler                          0x080001c3   Thumb Code     0  startup_stm32f10x_md.o(.text)
    TIM4_IRQHandler                          0x080001c3   Thumb Code     0  startup_stm32f10x_md.o(.text)
    USART1_IRQHandler                        0x080001c3   Thumb Code     0  startup_stm32f10x_md.o(.text)
    USART2_IRQHandler                        0x080001c3   Thumb Code     0  startup_stm32f10x_md.o(.text)
    USBWakeUp_IRQHandler                     0x080001c3   Thumb Code     0  startup_stm32f10x_md.o(.text)
    USB_HP_CAN1_TX_IRQHandler                0x080001c3   Thumb Code     0  startup_stm32f10x_md.o(.text)
    USB_LP_CAN1_RX0_IRQHandler               0x080001c3   Thumb Code     0  startup_stm32f10x_md.o(.text)
    WWDG_IRQHandler                          0x080001c3   Thumb Code     0  startup_stm32f10x_md.o(.text)
    __user_initial_stackheap                 0x080001c5   Thumb Code     0  startup_stm32f10x_md.o(.text)
    __2printf                                0x080001e9   Thumb Code    20  noretval__2printf.o(.text)
    __printf                                 0x08000201   Thumb Code   104  __printf.o(.text)
    _printf_int_dec                          0x08000269   Thumb Code   104  _printf_dec.o(.text)
    _printf_int_hex                          0x080002e1   Thumb Code    84  _printf_hex_int.o(.text)
    _printf_longlong_hex                     0x080002e1   Thumb Code     0  _printf_hex_int.o(.text)
    __aeabi_memcpy                           0x08000339   Thumb Code     0  rt_memcpy_v6.o(.text)
    __rt_memcpy                              0x08000339   Thumb Code   138  rt_memcpy_v6.o(.text)
    _memcpy_lastbytes                        0x0800039f   Thumb Code     0  rt_memcpy_v6.o(.text)
    __aeabi_memcpy4                          0x080003c3   Thumb Code     0  rt_memcpy_w.o(.text)
    __aeabi_memcpy8                          0x080003c3   Thumb Code     0  rt_memcpy_w.o(.text)
    __rt_memcpy_w                            0x080003c3   Thumb Code   100  rt_memcpy_w.o(.text)
    _memcpy_lastbytes_aligned                0x0800040b   Thumb Code     0  rt_memcpy_w.o(.text)
    __aeabi_memclr4                          0x08000427   Thumb Code     0  rt_memclr_w.o(.text)
    __aeabi_memclr8                          0x08000427   Thumb Code     0  rt_memclr_w.o(.text)
    __rt_memclr_w                            0x08000427   Thumb Code    78  rt_memclr_w.o(.text)
    _memset_w                                0x0800042b   Thumb Code     0  rt_memclr_w.o(.text)
    strcmp                                   0x08000475   Thumb Code   128  strcmpv7m.o(.text)
    __use_two_region_memory                  0x080004f5   Thumb Code     2  heapauxi.o(.text)
    __rt_heap_escrow                         0x080004f7   Thumb Code     2  heapauxi.o(.text)
    __rt_heap_expand                         0x080004f9   Thumb Code     2  heapauxi.o(.text)
    _printf_int_common                       0x080004fb   Thumb Code   178  _printf_intcommon.o(.text)
    _printf_char_file                        0x080005ad   Thumb Code    32  _printf_char_file.o(.text)
    _printf_char_common                      0x080005db   Thumb Code    32  _printf_char_common.o(.text)
    ferror                                   0x08000601   Thumb Code     8  ferror.o(.text)
    _initio                                  0x08000609   Thumb Code   210  initio.o(.text)
    _terminateio                             0x080006db   Thumb Code    56  initio.o(.text)
    __user_libspace                          0x08000741   Thumb Code     8  libspace.o(.text)
    __user_perproc_libspace                  0x08000741   Thumb Code     0  libspace.o(.text)
    __user_perthread_libspace                0x08000741   Thumb Code     0  libspace.o(.text)
    __user_setup_stackheap                   0x08000749   Thumb Code    74  sys_stackheap_outer.o(.text)
    free                                     0x08000793   Thumb Code    78  h1_free.o(.text)
    setvbuf                                  0x080007e1   Thumb Code    70  setvbuf.o(.text)
    freopen                                  0x08000829   Thumb Code   158  fopen.o(.text)
    fopen                                    0x080008c7   Thumb Code    74  fopen.o(.text)
    _fclose_internal                         0x08000915   Thumb Code    76  fclose.o(.text)
    fclose                                   0x08000915   Thumb Code     0  fclose.o(.text)
    exit                                     0x08000961   Thumb Code    18  exit.o(.text)
    __rt_SIGRTRED                            0x08000973   Thumb Code    14  defsig_rtred_outer.o(.text)
    __rt_heap_descriptor                     0x08000981   Thumb Code     8  rt_heap_descriptor_intlibspace.o(.text)
    __use_no_heap                            0x08000989   Thumb Code     2  hguard.o(.text)
    __heap$guard                             0x0800098b   Thumb Code     2  hguard.o(.text)
    _terminate_user_alloc                    0x0800098d   Thumb Code     2  init_alloc.o(.text)
    _init_user_alloc                         0x0800098f   Thumb Code     2  init_alloc.o(.text)
    __Heap_Full                              0x08000991   Thumb Code    34  init_alloc.o(.text)
    __Heap_Broken                            0x080009b3   Thumb Code     6  init_alloc.o(.text)
    _init_alloc                              0x080009b9   Thumb Code    94  init_alloc.o(.text)
    malloc                                   0x08000a17   Thumb Code    94  h1_alloc.o(.text)
    _fseek                                   0x08000a75   Thumb Code   242  fseek.o(.text)
    fseek                                    0x08000a75   Thumb Code     0  fseek.o(.text)
    _seterr                                  0x08000b6d   Thumb Code    20  stdio.o(.text)
    _writebuf                                0x08000b81   Thumb Code    84  stdio.o(.text)
    _fflush                                  0x08000bd5   Thumb Code    70  stdio.o(.text)
    _deferredlazyseek                        0x08000c1b   Thumb Code    60  stdio.o(.text)
    __sig_exit                               0x08000c5d   Thumb Code    10  defsig_exit.o(.text)
    __rt_SIGRTRED_inner                      0x08000c69   Thumb Code    14  defsig_rtred_inner.o(.text)
    _sys_exit                                0x08000c9d   Thumb Code     8  sys_exit.o(.text)
    __Heap_Initialize                        0x08000ca9   Thumb Code    10  h1_init.o(.text)
    __Heap_DescSize                          0x08000cb3   Thumb Code     4  h1_init.o(.text)
    __Heap_ProvideMemory                     0x08000cb7   Thumb Code    52  h1_extend.o(.text)
    _ftell_internal                          0x08000ceb   Thumb Code    66  ftell.o(.text)
    ftell                                    0x08000ceb   Thumb Code     0  ftell.o(.text)
    __default_signal_display                 0x08000d2d   Thumb Code    50  defsig_general.o(.text)
    __rt_SIGRTMEM                            0x08000d5f   Thumb Code    14  defsig_rtmem_outer.o(.text)
    _ttywrch                                 0x08000d6d   Thumb Code    14  sys_wrch.o(.text)
    __I$use$semihosting                      0x08000d7b   Thumb Code     0  use_no_semi.o(.text)
    __use_no_semihosting_swi                 0x08000d7b   Thumb Code     2  use_no_semi.o(.text)
    __aeabi_errno_addr                       0x08000d7d   Thumb Code     8  rt_errno_addr_intlibspace.o(.text)
    __errno$intlibspace                      0x08000d7d   Thumb Code     0  rt_errno_addr_intlibspace.o(.text)
    __rt_errno_addr$intlibspace              0x08000d7d   Thumb Code     0  rt_errno_addr_intlibspace.o(.text)
    __semihosting_library_function           0x08000d7d   Thumb Code     0  indicate_semi.o(.text)
    __rt_SIGRTMEM_inner                      0x08000d85   Thumb Code    22  defsig_rtmem_inner.o(.text)
    DGInit                                   0x08000dd5   Thumb Code   100  datagram_stm.o(i.DGInit)
    DGM_find2ndRowMasters                    0x08000e69   Thumb Code   370  datagram_stm.o(i.DGM_find2ndRowMasters)
    DGM_findCandidateParents                 0x08001051   Thumb Code   106  datagram_stm.o(i.DGM_findCandidateParents)
    DGM_masterSendRoutingReply               0x080010d5   Thumb Code   146  datagram_stm.o(i.DGM_masterSendRoutingReply)
    DGSetReceive                             0x08001185   Thumb Code     8  datagram_stm.o(i.DGSetReceive)
    DGaddRouteTo                             0x0800118d   Thumb Code   246  datagram_stm.o(i.DGaddRouteTo)
    DGavailable                              0x08001289   Thumb Code    16  datagram_stm.o(i.DGavailable)
    DGcheckRoutingTable                      0x08001299   Thumb Code    74  datagram_stm.o(i.DGcheckRoutingTable)
    DGclearRoutingTable                      0x0800130d   Thumb Code    48  datagram_stm.o(i.DGclearRoutingTable)
    DGdeleteRoute                            0x08001341   Thumb Code    38  datagram_stm.o(i.DGdeleteRoute)
    DGfind_child_node                        0x0800136d   Thumb Code    58  datagram_stm.o(i.DGfind_child_node)
    DGgetRouteTo                             0x080013ad   Thumb Code    64  datagram_stm.o(i.DGgetRouteTo)
    DGgetThisAddress                         0x080013f1   Thumb Code     6  datagram_stm.o(i.DGgetThisAddress)
    DGheaderData                             0x080013fd   Thumb Code     8  datagram_stm.o(i.DGheaderData)
    DGheaderDestination                      0x08001405   Thumb Code     8  datagram_stm.o(i.DGheaderDestination)
    DGheaderFlags                            0x0800140d   Thumb Code     8  datagram_stm.o(i.DGheaderFlags)
    DGheaderFrom                             0x08001415   Thumb Code     8  datagram_stm.o(i.DGheaderFrom)
    DGheaderHop                              0x0800141d   Thumb Code     8  datagram_stm.o(i.DGheaderHop)
    DGheaderSeqNum                           0x08001425   Thumb Code     8  datagram_stm.o(i.DGheaderSeqNum)
    DGheaderSource                           0x0800142d   Thumb Code     8  datagram_stm.o(i.DGheaderSource)
    DGheaderTo                               0x08001435   Thumb Code     8  datagram_stm.o(i.DGheaderTo)
    DGheaderType                             0x0800143d   Thumb Code     8  datagram_stm.o(i.DGheaderType)
    DGprintRecvPacketHeader                  0x08001445   Thumb Code   100  datagram_stm.o(i.DGprintRecvPacketHeader)
    DGprintRoutingTable                      0x080015b9   Thumb Code    78  datagram_stm.o(i.DGprintRoutingTable)
    DGrecvData                               0x08001649   Thumb Code    98  datagram_stm.o(i.DGrecvData)
    DGsend                                   0x080016d1   Thumb Code   126  datagram_stm.o(i.DGsend)
    DGsendToWaitAck                          0x08001755   Thumb Code   254  datagram_stm.o(i.DGsendToWaitAck)
    DGsetHeaderData                          0x08001879   Thumb Code    12  datagram_stm.o(i.DGsetHeaderData)
    DGsetHeaderDestination                   0x08001885   Thumb Code    12  datagram_stm.o(i.DGsetHeaderDestination)
    DGsetHeaderFlags                         0x08001891   Thumb Code    12  datagram_stm.o(i.DGsetHeaderFlags)
    DGsetHeaderFrom                          0x0800189d   Thumb Code    12  datagram_stm.o(i.DGsetHeaderFrom)
    DGsetHeaderHop                           0x080018a9   Thumb Code    12  datagram_stm.o(i.DGsetHeaderHop)
    DGsetHeaderSeqNum                        0x080018b5   Thumb Code    12  datagram_stm.o(i.DGsetHeaderSeqNum)
    DGsetHeaderSource                        0x080018c1   Thumb Code    12  datagram_stm.o(i.DGsetHeaderSource)
    DGsetHeaderTo                            0x080018cd   Thumb Code    12  datagram_stm.o(i.DGsetHeaderTo)
    DGsetHeaderType                          0x080018d9   Thumb Code    12  datagram_stm.o(i.DGsetHeaderType)
    DGsetThisAddress                         0x080018e5   Thumb Code    22  datagram_stm.o(i.DGsetThisAddress)
    DMA1_Channel1_Event                      0x08001901   Thumb Code     2  dma_stm32f10x.o(i.DMA1_Channel1_Event)
    DMA1_Channel1_IRQHandler                 0x08001905   Thumb Code    22  dma_stm32f10x.o(i.DMA1_Channel1_IRQHandler)
    DMA1_Channel2_Event                      0x08001921   Thumb Code     2  dma_stm32f10x.o(i.DMA1_Channel2_Event)
    DMA1_Channel2_IRQHandler                 0x08001925   Thumb Code    24  dma_stm32f10x.o(i.DMA1_Channel2_IRQHandler)
    DMA1_Channel3_Event                      0x08001941   Thumb Code     2  dma_stm32f10x.o(i.DMA1_Channel3_Event)
    DMA1_Channel3_IRQHandler                 0x08001945   Thumb Code    24  dma_stm32f10x.o(i.DMA1_Channel3_IRQHandler)
    DMA1_Channel4_Event                      0x08001961   Thumb Code     2  dma_stm32f10x.o(i.DMA1_Channel4_Event)
    DMA1_Channel4_IRQHandler                 0x08001965   Thumb Code    24  dma_stm32f10x.o(i.DMA1_Channel4_IRQHandler)
    DMA1_Channel5_Event                      0x08001981   Thumb Code     2  dma_stm32f10x.o(i.DMA1_Channel5_Event)
    DMA1_Channel5_IRQHandler                 0x08001985   Thumb Code    24  dma_stm32f10x.o(i.DMA1_Channel5_IRQHandler)
    DMA1_Channel6_Event                      0x080019a1   Thumb Code     2  dma_stm32f10x.o(i.DMA1_Channel6_Event)
    DMA1_Channel6_IRQHandler                 0x080019a5   Thumb Code    24  dma_stm32f10x.o(i.DMA1_Channel6_IRQHandler)
    DMA1_Channel7_Event                      0x080019c1   Thumb Code     2  dma_stm32f10x.o(i.DMA1_Channel7_Event)
    DMA1_Channel7_IRQHandler                 0x080019c5   Thumb Code    24  dma_stm32f10x.o(i.DMA1_Channel7_IRQHandler)
    GPIO_Configuration                       0x080019e1   Thumb Code   126  main.o(i.GPIO_Configuration)
    GPIO_Init                                0x08001a69   Thumb Code   278  stm32f10x_gpio.o(i.GPIO_Init)
    GPIO_ReadInputDataBit                    0x08001b7f   Thumb Code    18  stm32f10x_gpio.o(i.GPIO_ReadInputDataBit)
    GPIO_ResetBits                           0x08001b91   Thumb Code     4  stm32f10x_gpio.o(i.GPIO_ResetBits)
    GPIO_SetBits                             0x08001b95   Thumb Code     4  stm32f10x_gpio.o(i.GPIO_SetBits)
    ITM_SendChar                             0x08001b99   Thumb Code    42  retarget_io.o(i.ITM_SendChar)
    MyTimerInit                              0x08001bc9   Thumb Code    82  mytimer.o(i.MyTimerInit)
    PrintfInit                               0x08001c29   Thumb Code   124  printf.o(i.PrintfInit)
    RCC_APB1PeriphClockCmd                   0x08001cad   Thumb Code    26  stm32f10x_rcc.o(i.RCC_APB1PeriphClockCmd)
    RCC_APB2PeriphClockCmd                   0x08001ccd   Thumb Code    26  stm32f10x_rcc.o(i.RCC_APB2PeriphClockCmd)
    RCC_Configuration                        0x08001ced   Thumb Code    14  main.o(i.RCC_Configuration)
    RCC_GetClocksFreq                        0x08001cfd   Thumb Code   192  stm32f10x_rcc.o(i.RCC_GetClocksFreq)
    RS485_Write_Read                         0x08001dd1   Thumb Code   224  main.o(i.RS485_Write_Read)
    SPI_Cmd                                  0x08001ee1   Thumb Code    24  stm32f10x_spi.o(i.SPI_Cmd)
    SPI_Init                                 0x08001ef9   Thumb Code    60  stm32f10x_spi.o(i.SPI_Init)
    SPIx_DisableSlave                        0x08001f35   Thumb Code     8  spi.o(i.SPIx_DisableSlave)
    SPIx_Init                                0x08001f41   Thumb Code   138  spi.o(i.SPIx_Init)
    SPIx_Transfer                            0x08001fd5   Thumb Code    56  spi.o(i.SPIx_Transfer)
    SysTick_Handler                          0x080020f9   Thumb Code    12  mytimer.o(i.SysTick_Handler)
    SystemInit                               0x08002109   Thumb Code    78  system_stm32f10x.o(i.SystemInit)
    TIM2_IRQHandler                          0x08002169   Thumb Code    22  mytimer.o(i.TIM2_IRQHandler)
    TIM_ClearITPendingBit                    0x0800217f   Thumb Code     6  stm32f10x_tim.o(i.TIM_ClearITPendingBit)
    TIM_GetITStatus                          0x08002185   Thumb Code    34  stm32f10x_tim.o(i.TIM_GetITStatus)
    USART2_Configuration                     0x080021a9   Thumb Code    58  main.o(i.USART2_Configuration)
    USART3_Configuration                     0x080021ed   Thumb Code    62  main.o(i.USART3_Configuration)
    USART3_IRQHandler                        0x08002231   Thumb Code    46  main.o(i.USART3_IRQHandler)
    USART_ClearITPendingBit                  0x08002269   Thumb Code    30  stm32f10x_usart.o(i.USART_ClearITPendingBit)
    USART_Cmd                                0x08002287   Thumb Code    24  stm32f10x_usart.o(i.USART_Cmd)
    USART_GetFlagStatus                      0x0800229f   Thumb Code    26  stm32f10x_usart.o(i.USART_GetFlagStatus)
    USART_GetITStatus                        0x080022b9   Thumb Code    84  stm32f10x_usart.o(i.USART_GetITStatus)
    USART_ITConfig                           0x0800230d   Thumb Code    74  stm32f10x_usart.o(i.USART_ITConfig)
    USART_Init                               0x08002359   Thumb Code   210  stm32f10x_usart.o(i.USART_Init)
    USART_ReceiveData                        0x08002431   Thumb Code    10  stm32f10x_usart.o(i.USART_ReceiveData)
    USART_SendData                           0x0800243b   Thumb Code     8  stm32f10x_usart.o(i.USART_SendData)
    _sys_close                               0x08002443   Thumb Code    38  retarget_io.o(i._sys_close)
    _sys_flen                                0x08002469   Thumb Code    36  retarget_io.o(i._sys_flen)
    _sys_istty                               0x0800248d   Thumb Code    36  retarget_io.o(i._sys_istty)
    _sys_open                                0x080024b1   Thumb Code    80  retarget_io.o(i._sys_open)
    _sys_seek                                0x08002519   Thumb Code    44  retarget_io.o(i._sys_seek)
    _sys_write                               0x08002545   Thumb Code    88  retarget_io.o(i._sys_write)
    delay                                    0x0800259d   Thumb Code    24  mytimer.o(i.delay)
    e_CheckReceiveFlag                       0x080025b5   Thumb Code    46  cc1120.o(i.e_CheckReceiveFlag)
    e_DisableLNA                             0x080025e9   Thumb Code    20  cc1120.o(i.e_DisableLNA)
    e_EnableLNA                              0x08002601   Thumb Code    20  cc1120.o(i.e_EnableLNA)
    e_GDO_Set                                0x08002619   Thumb Code    44  cc1120.o(i.e_GDO_Set)
    e_Init                                   0x08002649   Thumb Code   114  cc1120.o(i.e_Init)
    e_Read8BitRssi                           0x080026e5   Thumb Code    46  cc1120.o(i.e_Read8BitRssi)
    e_ReceiveData                            0x08002715   Thumb Code   458  cc1120.o(i.e_ReceiveData)
    e_RegConfigSettings                      0x080029c1   Thumb Code   386  cc1120.o(i.e_RegConfigSettings)
    e_Reset                                  0x08002b45   Thumb Code    94  cc1120.o(i.e_Reset)
    e_SendData                               0x08002bbd   Thumb Code   308  cc1120.o(i.e_SendData)
    e_SetChannel                             0x08002d45   Thumb Code   196  cc1120.o(i.e_SetChannel)
    e_SetReceive                             0x08002e15   Thumb Code    66  cc1120.o(i.e_SetReceive)
    e_SpiInit                                0x08002e59   Thumb Code    76  cc1120.o(i.e_SpiInit)
    e_SpiReadBurstReg                        0x08002ec5   Thumb Code   162  cc1120.o(i.e_SpiReadBurstReg)
    e_SpiReadReg                             0x08002f6d   Thumb Code   132  cc1120.o(i.e_SpiReadReg)
    e_SpiStrobe                              0x08002ff5   Thumb Code    46  cc1120.o(i.e_SpiStrobe)
    e_SpiWriteBurstReg                       0x08003029   Thumb Code    72  cc1120.o(i.e_SpiWriteBurstReg)
    e_SpiWriteReg                            0x08003075   Thumb Code   120  cc1120.o(i.e_SpiWriteReg)
    e_headerData                             0x080030f1   Thumb Code     6  cc1120.o(i.e_headerData)
    e_headerDestination                      0x080030fd   Thumb Code     6  cc1120.o(i.e_headerDestination)
    e_headerFlags                            0x08003109   Thumb Code     6  cc1120.o(i.e_headerFlags)
    e_headerFrom                             0x08003115   Thumb Code     6  cc1120.o(i.e_headerFrom)
    e_headerHop                              0x08003121   Thumb Code     6  cc1120.o(i.e_headerHop)
    e_headerSeqNum                           0x0800312d   Thumb Code     6  cc1120.o(i.e_headerSeqNum)
    e_headerSource                           0x08003139   Thumb Code     6  cc1120.o(i.e_headerSource)
    e_headerTo                               0x08003145   Thumb Code     6  cc1120.o(i.e_headerTo)
    e_headerType                             0x08003151   Thumb Code     6  cc1120.o(i.e_headerType)
    e_setHeaderData                          0x0800315d   Thumb Code     6  cc1120.o(i.e_setHeaderData)
    e_setHeaderDestination                   0x08003169   Thumb Code     6  cc1120.o(i.e_setHeaderDestination)
    e_setHeaderFlags                         0x08003175   Thumb Code     6  cc1120.o(i.e_setHeaderFlags)
    e_setHeaderFrom                          0x08003181   Thumb Code     6  cc1120.o(i.e_setHeaderFrom)
    e_setHeaderHop                           0x0800318d   Thumb Code     6  cc1120.o(i.e_setHeaderHop)
    e_setHeaderSeqNum                        0x08003199   Thumb Code     6  cc1120.o(i.e_setHeaderSeqNum)
    e_setHeaderSource                        0x080031a5   Thumb Code     6  cc1120.o(i.e_setHeaderSource)
    e_setHeaderTo                            0x080031b1   Thumb Code     6  cc1120.o(i.e_setHeaderTo)
    e_setHeaderType                          0x080031bd   Thumb Code     6  cc1120.o(i.e_setHeaderType)
    e_setThisAddress                         0x080031c9   Thumb Code     6  cc1120.o(i.e_setThisAddress)
    fputc                                    0x080031d5   Thumb Code    32  printf.o(i.fputc)
    main                                     0x080031f9   Thumb Code  4054  main.o(i.main)
    millis                                   0x08004241   Thumb Code     6  mytimer.o(i.millis)
    __aeabi_d2f                              0x0800428d   Thumb Code     0  d2f.o(x$fpl$d2f)
    _d2f                                     0x0800428d   Thumb Code    98  d2f.o(x$fpl$d2f)
    __aeabi_dadd                             0x080042f1   Thumb Code     0  daddsub_clz.o(x$fpl$dadd)
    _dadd                                    0x080042f1   Thumb Code   332  daddsub_clz.o(x$fpl$dadd)
    __fpl_dcmp_Inf                           0x08004441   Thumb Code    24  dcmpi.o(x$fpl$dcmpinf)
    __aeabi_i2d                              0x08004459   Thumb Code     0  dflt_clz.o(x$fpl$dflt)
    _dflt                                    0x08004459   Thumb Code    46  dflt_clz.o(x$fpl$dflt)
    __aeabi_ui2d                             0x08004487   Thumb Code     0  dflt_clz.o(x$fpl$dfltu)
    _dfltu                                   0x08004487   Thumb Code    38  dflt_clz.o(x$fpl$dfltu)
    __aeabi_cdcmple                          0x080044ad   Thumb Code     0  dleqf.o(x$fpl$dleqf)
    _dcmple                                  0x080044ad   Thumb Code   120  dleqf.o(x$fpl$dleqf)
    __fpl_dcmple_InfNaN                      0x0800450f   Thumb Code     0  dleqf.o(x$fpl$dleqf)
    __aeabi_dmul                             0x08004525   Thumb Code     0  dmul.o(x$fpl$dmul)
    _dmul                                    0x08004525   Thumb Code   332  dmul.o(x$fpl$dmul)
    __fpl_dnaninf                            0x08004679   Thumb Code   156  dnaninf.o(x$fpl$dnaninf)
    __fpl_dretinf                            0x08004715   Thumb Code    12  dretinf.o(x$fpl$dretinf)
    __aeabi_cdrcmple                         0x08004721   Thumb Code     0  drleqf.o(x$fpl$drleqf)
    _drcmple                                 0x08004721   Thumb Code   108  drleqf.o(x$fpl$drleqf)
    __aeabi_dsub                             0x0800478d   Thumb Code     0  daddsub_clz.o(x$fpl$dsub)
    _dsub                                    0x0800478d   Thumb Code   464  daddsub_clz.o(x$fpl$dsub)
    __aeabi_f2d                              0x08004961   Thumb Code     0  f2d.o(x$fpl$f2d)
    _f2d                                     0x08004961   Thumb Code    86  f2d.o(x$fpl$f2d)
    __aeabi_fdiv                             0x080049b9   Thumb Code     0  fdiv.o(x$fpl$fdiv)
    _fdiv                                    0x080049b9   Thumb Code   384  fdiv.o(x$fpl$fdiv)
    __aeabi_f2iz                             0x08004b3d   Thumb Code     0  ffix.o(x$fpl$ffix)
    _ffix                                    0x08004b3d   Thumb Code    54  ffix.o(x$fpl$ffix)
    __aeabi_fmul                             0x08004b75   Thumb Code     0  fmul.o(x$fpl$fmul)
    _fmul                                    0x08004b75   Thumb Code   258  fmul.o(x$fpl$fmul)
    __fpl_fnaninf                            0x08004c77   Thumb Code   140  fnaninf.o(x$fpl$fnaninf)
    __fpl_fretinf                            0x08004d03   Thumb Code    10  fretinf.o(x$fpl$fretinf)
    __I$use$fp                               0x08004d0c   Number         0  usenofp.o(x$fpl$usenofp)
    __stdin_name                             0x08004d0c   Data           7  retarget_io.o(.constdata)
    __stdout_name                            0x08004d13   Data           8  retarget_io.o(.constdata)
    __stderr_name                            0x08004d1b   Data           8  retarget_io.o(.constdata)
    Region$$Table$$Base                      0x08004e28   Number         0  anon$$obj.o(Region$$Table)
    Region$$Table$$Limit                     0x08004e48   Number         0  anon$$obj.o(Region$$Table)
    receivedRequestNum                       0x20000080   Data           1  main.o(.data)
    receivedOverhearNum                      0x20000081   Data           1  main.o(.data)
    priorPacketFrom                          0x20000082   Data           1  main.o(.data)
    priorPacketType                          0x20000083   Data           1  main.o(.data)
    newNode                                  0x20000084   Data           1  main.o(.data)
    rerouting                                0x20000085   Data           1  main.o(.data)
    scanFinish                               0x20000086   Data           1  main.o(.data)
    rerouting_candidate                      0x20000087   Data           1  main.o(.data)
    check_cnt                                0x20000088   Data           1  main.o(.data)
    check_table_time                         0x2000008c   Data           4  main.o(.data)
    check_rerouting_time                     0x20000090   Data           4  main.o(.data)
    rs485_loop_time                          0x20000094   Data           4  main.o(.data)
    _thisAddress                             0x20000098   Data           1  main.o(.data)
    _rxHeaderTo                              0x20000099   Data           1  main.o(.data)
    _rxHeaderFrom                            0x2000009a   Data           1  main.o(.data)
    _rxHeaderSource                          0x2000009b   Data           1  main.o(.data)
    _rxHeaderDestination                     0x2000009c   Data           1  main.o(.data)
    _rxHeaderType                            0x2000009d   Data           1  main.o(.data)
    _rxHeaderData                            0x2000009e   Data           1  main.o(.data)
    _rxHeaderFlags                           0x2000009f   Data           1  main.o(.data)
    _rxHeaderSeqNum                          0x200000a0   Data           1  main.o(.data)
    _rxHeaderHop                             0x200000a1   Data           1  main.o(.data)
    masterBroadcastAddress                   0x200000a2   Data           1  main.o(.data)
    receivedFromInMaster                     0x200000a3   Data           1  main.o(.data)
    timeout                                  0x200000a4   Data           1  main.o(.data)
    receiveFromInMaster                      0x200000a5   Data           1  main.o(.data)
    routing_complete                         0x200000a6   Data           1  main.o(.data)
    DGmaster_num                             0x200000a8   Data           4  main.o(.data)
    e_rssi                                   0x200000ac   Data           1  main.o(.data)
    SystemCoreClock                          0x200000c8   Data           4  system_stm32f10x.o(.data)
    AHBPrescTable                            0x200000cc   Data          16  system_stm32f10x.o(.data)
    __aeabi_stdin                            0x200000dc   Data           4  stdio_streams.o(.data)
    __aeabi_stdout                           0x200000e0   Data           4  stdio_streams.o(.data)
    __aeabi_stderr                           0x200000e4   Data           4  stdio_streams.o(.data)
    receivedNum                              0x200000e8   Data          34  main.o(.bss)
    inputData                                0x2000010a   Data          10  main.o(.bss)
    outputData                               0x20000114   Data          10  main.o(.bss)
    DGcheckReceive                           0x2000011e   Data          34  main.o(.bss)
    _routes                                  0x20000140   Data         248  main.o(.bss)
    DGparentMaster                           0x20000238   Data          34  main.o(.bss)
    DGunRecvCnt                              0x2000025a   Data          34  main.o(.bss)
    DGtemp_buf                               0x2000027c   Data          20  main.o(.bss)
    DGbuffer                                 0x20000290   Data          20  main.o(.bss)
    __stdin                                  0x200002a4   Data          84  stdio_streams.o(.bss)
    __stdout                                 0x200002f8   Data          84  stdio_streams.o(.bss)
    __stderr                                 0x2000034c   Data          84  stdio_streams.o(.bss)
    __libspace_start                         0x200003a0   Data          96  libspace.o(.bss)
    __temporary_stack_top$libspace           0x20000400   Data           0  libspace.o(.bss)



==============================================================================

Memory Map of the image

  Image Entry point : 0x080001a9

  Load Region LR_1 (Base: 0x08000000, Size: 0x00004f30, Max: 0xffffffff, ABSOLUTE)

    Execution Region ER_RO (Exec base: 0x08000000, Load base: 0x08000000, Size: 0x00004e48, Max: 0xffffffff, ABSOLUTE)

    Exec Addr    Load Addr    Size         Type   Attr      Idx    E Section Name        Object

    0x08000000   0x08000000   0x000000ec   Data   RO         2586    RESET               startup_stm32f10x_md.o
    0x080000ec   0x080000ec   0x00000008   Code   RO         2702  * !!!main             c_w.l(__main.o)
    0x080000f4   0x080000f4   0x00000034   Code   RO         3102    !!!scatter          c_w.l(__scatter.o)
    0x08000128   0x08000128   0x0000001a   Code   RO         3104    !!handler_copy      c_w.l(__scatter_copy.o)
    0x08000142   0x08000142   0x00000002   PAD
    0x08000144   0x08000144   0x0000001c   Code   RO         3106    !!handler_zi        c_w.l(__scatter_zi.o)
    0x08000160   0x08000160   0x00000000   Code   RO         2691    .ARM.Collect$$_printf_percent$$00000000  c_w.l(_printf_percent.o)
    0x08000160   0x08000160   0x00000006   Code   RO         2689    .ARM.Collect$$_printf_percent$$00000009  c_w.l(_printf_d.o)
    0x08000166   0x08000166   0x00000006   Code   RO         2688    .ARM.Collect$$_printf_percent$$0000000C  c_w.l(_printf_x.o)
    0x0800016c   0x0800016c   0x00000004   Code   RO         2745    .ARM.Collect$$_printf_percent$$00000017  c_w.l(_printf_percent_end.o)
    0x08000170   0x08000170   0x00000002   Code   RO         2916    .ARM.Collect$$libinit$$00000000  c_w.l(libinit.o)
    0x08000172   0x08000172   0x00000000   Code   RO         2918    .ARM.Collect$$libinit$$00000002  c_w.l(libinit2.o)
    0x08000172   0x08000172   0x00000000   Code   RO         2920    .ARM.Collect$$libinit$$00000004  c_w.l(libinit2.o)
    0x08000172   0x08000172   0x00000008   Code   RO         2921    .ARM.Collect$$libinit$$00000005  c_w.l(libinit2.o)
    0x0800017a   0x0800017a   0x00000000   Code   RO         2923    .ARM.Collect$$libinit$$0000000A  c_w.l(libinit2.o)
    0x0800017a   0x0800017a   0x00000000   Code   RO         2925    .ARM.Collect$$libinit$$0000000C  c_w.l(libinit2.o)
    0x0800017a   0x0800017a   0x00000000   Code   RO         2927    .ARM.Collect$$libinit$$0000000E  c_w.l(libinit2.o)
    0x0800017a   0x0800017a   0x00000000   Code   RO         2930    .ARM.Collect$$libinit$$00000011  c_w.l(libinit2.o)
    0x0800017a   0x0800017a   0x00000000   Code   RO         2932    .ARM.Collect$$libinit$$00000013  c_w.l(libinit2.o)
    0x0800017a   0x0800017a   0x00000000   Code   RO         2934    .ARM.Collect$$libinit$$00000015  c_w.l(libinit2.o)
    0x0800017a   0x0800017a   0x00000000   Code   RO         2936    .ARM.Collect$$libinit$$00000017  c_w.l(libinit2.o)
    0x0800017a   0x0800017a   0x00000000   Code   RO         2938    .ARM.Collect$$libinit$$00000019  c_w.l(libinit2.o)
    0x0800017a   0x0800017a   0x00000000   Code   RO         2940    .ARM.Collect$$libinit$$0000001B  c_w.l(libinit2.o)
    0x0800017a   0x0800017a   0x00000000   Code   RO         2942    .ARM.Collect$$libinit$$0000001D  c_w.l(libinit2.o)
    0x0800017a   0x0800017a   0x00000000   Code   RO         2944    .ARM.Collect$$libinit$$0000001F  c_w.l(libinit2.o)
    0x0800017a   0x0800017a   0x00000000   Code   RO         2946    .ARM.Collect$$libinit$$00000021  c_w.l(libinit2.o)
    0x0800017a   0x0800017a   0x00000000   Code   RO         2948    .ARM.Collect$$libinit$$00000023  c_w.l(libinit2.o)
    0x0800017a   0x0800017a   0x00000004   Code   RO         2949    .ARM.Collect$$libinit$$00000024  c_w.l(libinit2.o)
    0x0800017e   0x0800017e   0x00000000   Code   RO         2950    .ARM.Collect$$libinit$$00000025  c_w.l(libinit2.o)
    0x0800017e   0x0800017e   0x00000000   Code   RO         2954    .ARM.Collect$$libinit$$0000002C  c_w.l(libinit2.o)
    0x0800017e   0x0800017e   0x00000000   Code   RO         2956    .ARM.Collect$$libinit$$0000002E  c_w.l(libinit2.o)
    0x0800017e   0x0800017e   0x00000000   Code   RO         2958    .ARM.Collect$$libinit$$00000030  c_w.l(libinit2.o)
    0x0800017e   0x0800017e   0x00000000   Code   RO         2960    .ARM.Collect$$libinit$$00000032  c_w.l(libinit2.o)
    0x0800017e   0x0800017e   0x00000002   Code   RO         2961    .ARM.Collect$$libinit$$00000033  c_w.l(libinit2.o)
    0x08000180   0x08000180   0x00000002   Code   RO         3081    .ARM.Collect$$libshutdown$$00000000  c_w.l(libshutdown.o)
    0x08000182   0x08000182   0x00000000   Code   RO         2963    .ARM.Collect$$libshutdown$$00000002  c_w.l(libshutdown2.o)
    0x08000182   0x08000182   0x00000004   Code   RO         2964    .ARM.Collect$$libshutdown$$00000003  c_w.l(libshutdown2.o)
    0x08000186   0x08000186   0x00000000   Code   RO         2965    .ARM.Collect$$libshutdown$$00000004  c_w.l(libshutdown2.o)
    0x08000186   0x08000186   0x00000000   Code   RO         2968    .ARM.Collect$$libshutdown$$00000007  c_w.l(libshutdown2.o)
    0x08000186   0x08000186   0x00000000   Code   RO         2971    .ARM.Collect$$libshutdown$$0000000A  c_w.l(libshutdown2.o)
    0x08000186   0x08000186   0x00000000   Code   RO         2973    .ARM.Collect$$libshutdown$$0000000C  c_w.l(libshutdown2.o)
    0x08000186   0x08000186   0x00000000   Code   RO         2976    .ARM.Collect$$libshutdown$$0000000F  c_w.l(libshutdown2.o)
    0x08000186   0x08000186   0x00000002   Code   RO         2977    .ARM.Collect$$libshutdown$$00000010  c_w.l(libshutdown2.o)
    0x08000188   0x08000188   0x00000000   Code   RO         2738    .ARM.Collect$$rtentry$$00000000  c_w.l(__rtentry.o)
    0x08000188   0x08000188   0x00000000   Code   RO         2764    .ARM.Collect$$rtentry$$00000002  c_w.l(__rtentry2.o)
    0x08000188   0x08000188   0x00000006   Code   RO         2776    .ARM.Collect$$rtentry$$00000004  c_w.l(__rtentry4.o)
    0x0800018e   0x0800018e   0x00000000   Code   RO         2766    .ARM.Collect$$rtentry$$00000009  c_w.l(__rtentry2.o)
    0x0800018e   0x0800018e   0x00000004   Code   RO         2767    .ARM.Collect$$rtentry$$0000000A  c_w.l(__rtentry2.o)
    0x08000192   0x08000192   0x00000000   Code   RO         2769    .ARM.Collect$$rtentry$$0000000C  c_w.l(__rtentry2.o)
    0x08000192   0x08000192   0x00000008   Code   RO         2770    .ARM.Collect$$rtentry$$0000000D  c_w.l(__rtentry2.o)
    0x0800019a   0x0800019a   0x00000002   Code   RO         2978    .ARM.Collect$$rtexit$$00000000  c_w.l(rtexit.o)
    0x0800019c   0x0800019c   0x00000000   Code   RO         3024    .ARM.Collect$$rtexit$$00000002  c_w.l(rtexit2.o)
    0x0800019c   0x0800019c   0x00000004   Code   RO         3025    .ARM.Collect$$rtexit$$00000003  c_w.l(rtexit2.o)
    0x080001a0   0x080001a0   0x00000006   Code   RO         3026    .ARM.Collect$$rtexit$$00000004  c_w.l(rtexit2.o)
    0x080001a6   0x080001a6   0x00000002   PAD
    0x080001a8   0x080001a8   0x00000000   Code   RO         3030    .emb_text           c_w.l(maybetermalloc1.o)
    0x080001a8   0x080001a8   0x00000040   Code   RO         2587  * .text               startup_stm32f10x_md.o
    0x080001e8   0x080001e8   0x00000018   Code   RO         2641    .text               c_w.l(noretval__2printf.o)
    0x08000200   0x08000200   0x00000068   Code   RO         2643    .text               c_w.l(__printf.o)
    0x08000268   0x08000268   0x00000078   Code   RO         2645    .text               c_w.l(_printf_dec.o)
    0x080002e0   0x080002e0   0x00000058   Code   RO         2650    .text               c_w.l(_printf_hex_int.o)
    0x08000338   0x08000338   0x0000008a   Code   RO         2692    .text               c_w.l(rt_memcpy_v6.o)
    0x080003c2   0x080003c2   0x00000064   Code   RO         2694    .text               c_w.l(rt_memcpy_w.o)
    0x08000426   0x08000426   0x0000004e   Code   RO         2696    .text               c_w.l(rt_memclr_w.o)
    0x08000474   0x08000474   0x00000080   Code   RO         2698    .text               c_w.l(strcmpv7m.o)
    0x080004f4   0x080004f4   0x00000006   Code   RO         2700    .text               c_w.l(heapauxi.o)
    0x080004fa   0x080004fa   0x000000b2   Code   RO         2739    .text               c_w.l(_printf_intcommon.o)
    0x080005ac   0x080005ac   0x00000024   Code   RO         2743    .text               c_w.l(_printf_char_file.o)
    0x080005d0   0x080005d0   0x00000030   Code   RO         2785    .text               c_w.l(_printf_char_common.o)
    0x08000600   0x08000600   0x00000008   Code   RO         2814    .text               c_w.l(ferror.o)
    0x08000608   0x08000608   0x00000138   Code   RO         2816    .text               c_w.l(initio.o)
    0x08000740   0x08000740   0x00000008   Code   RO         2829    .text               c_w.l(libspace.o)
    0x08000748   0x08000748   0x0000004a   Code   RO         2834    .text               c_w.l(sys_stackheap_outer.o)
    0x08000792   0x08000792   0x0000004e   Code   RO         2838    .text               c_w.l(h1_free.o)
    0x080007e0   0x080007e0   0x00000046   Code   RO         2894    .text               c_w.l(setvbuf.o)
    0x08000826   0x08000826   0x00000002   PAD
    0x08000828   0x08000828   0x000000ec   Code   RO         2897    .text               c_w.l(fopen.o)
    0x08000914   0x08000914   0x0000004c   Code   RO         2899    .text               c_w.l(fclose.o)
    0x08000960   0x08000960   0x00000012   Code   RO         2905    .text               c_w.l(exit.o)
    0x08000972   0x08000972   0x0000000e   Code   RO         2907    .text               c_w.l(defsig_rtred_outer.o)
    0x08000980   0x08000980   0x00000008   Code   RO         2985    .text               c_w.l(rt_heap_descriptor_intlibspace.o)
    0x08000988   0x08000988   0x00000004   Code   RO         2987    .text               c_w.l(hguard.o)
    0x0800098c   0x0800098c   0x0000008a   Code   RO         2989    .text               c_w.l(init_alloc.o)
    0x08000a16   0x08000a16   0x0000005e   Code   RO         2995    .text               c_w.l(h1_alloc.o)
    0x08000a74   0x08000a74   0x000000f8   Code   RO         3009    .text               c_w.l(fseek.o)
    0x08000b6c   0x08000b6c   0x000000f0   Code   RO         3011    .text               c_w.l(stdio.o)
    0x08000c5c   0x08000c5c   0x0000000a   Code   RO         3013    .text               c_w.l(defsig_exit.o)
    0x08000c66   0x08000c66   0x00000002   PAD
    0x08000c68   0x08000c68   0x00000034   Code   RO         3015    .text               c_w.l(defsig_rtred_inner.o)
    0x08000c9c   0x08000c9c   0x0000000c   Code   RO         3021    .text               c_w.l(sys_exit.o)
    0x08000ca8   0x08000ca8   0x0000000e   Code   RO         3032    .text               c_w.l(h1_init.o)
    0x08000cb6   0x08000cb6   0x00000034   Code   RO         3034    .text               c_w.l(h1_extend.o)
    0x08000cea   0x08000cea   0x00000042   Code   RO         3040    .text               c_w.l(ftell.o)
    0x08000d2c   0x08000d2c   0x00000032   Code   RO         3044    .text               c_w.l(defsig_general.o)
    0x08000d5e   0x08000d5e   0x0000000e   Code   RO         3046    .text               c_w.l(defsig_rtmem_outer.o)
    0x08000d6c   0x08000d6c   0x0000000e   Code   RO         3059    .text               c_w.l(sys_wrch.o)
    0x08000d7a   0x08000d7a   0x00000002   Code   RO         3063    .text               c_w.l(use_no_semi.o)
    0x08000d7c   0x08000d7c   0x00000000   Code   RO         3065    .text               c_w.l(indicate_semi.o)
    0x08000d7c   0x08000d7c   0x00000008   Code   RO         3069    .text               c_w.l(rt_errno_addr_intlibspace.o)
    0x08000d84   0x08000d84   0x00000050   Code   RO         3075    .text               c_w.l(defsig_rtmem_inner.o)
    0x08000dd4   0x08000dd4   0x00000094   Code   RO          372    i.DGInit            datagram_stm.o
    0x08000e68   0x08000e68   0x000001e8   Code   RO          373    i.DGM_find2ndRowMasters  datagram_stm.o
    0x08001050   0x08001050   0x00000084   Code   RO          374    i.DGM_findCandidateParents  datagram_stm.o
    0x080010d4   0x080010d4   0x000000b0   Code   RO          375    i.DGM_masterSendRoutingReply  datagram_stm.o
    0x08001184   0x08001184   0x00000008   Code   RO          376    i.DGSetReceive      datagram_stm.o
    0x0800118c   0x0800118c   0x000000fc   Code   RO          378    i.DGaddRouteTo      datagram_stm.o
    0x08001288   0x08001288   0x00000010   Code   RO          379    i.DGavailable       datagram_stm.o
    0x08001298   0x08001298   0x00000074   Code   RO          381    i.DGcheckRoutingTable  datagram_stm.o
    0x0800130c   0x0800130c   0x00000034   Code   RO          382    i.DGclearRoutingTable  datagram_stm.o
    0x08001340   0x08001340   0x0000002c   Code   RO          383    i.DGdeleteRoute     datagram_stm.o
    0x0800136c   0x0800136c   0x00000040   Code   RO          385    i.DGfind_child_node  datagram_stm.o
    0x080013ac   0x080013ac   0x00000044   Code   RO          387    i.DGgetRouteTo      datagram_stm.o
    0x080013f0   0x080013f0   0x0000000c   Code   RO          388    i.DGgetThisAddress  datagram_stm.o
    0x080013fc   0x080013fc   0x00000008   Code   RO          389    i.DGheaderData      datagram_stm.o
    0x08001404   0x08001404   0x00000008   Code   RO          390    i.DGheaderDestination  datagram_stm.o
    0x0800140c   0x0800140c   0x00000008   Code   RO          391    i.DGheaderFlags     datagram_stm.o
    0x08001414   0x08001414   0x00000008   Code   RO          392    i.DGheaderFrom      datagram_stm.o
    0x0800141c   0x0800141c   0x00000008   Code   RO          393    i.DGheaderHop       datagram_stm.o
    0x08001424   0x08001424   0x00000008   Code   RO          394    i.DGheaderSeqNum    datagram_stm.o
    0x0800142c   0x0800142c   0x00000008   Code   RO          395    i.DGheaderSource    datagram_stm.o
    0x08001434   0x08001434   0x00000008   Code   RO          396    i.DGheaderTo        datagram_stm.o
    0x0800143c   0x0800143c   0x00000008   Code   RO          397    i.DGheaderType      datagram_stm.o
    0x08001444   0x08001444   0x00000174   Code   RO          400    i.DGprintRecvPacketHeader  datagram_stm.o
    0x080015b8   0x080015b8   0x00000090   Code   RO          401    i.DGprintRoutingTable  datagram_stm.o
    0x08001648   0x08001648   0x00000088   Code   RO          403    i.DGrecvData        datagram_stm.o
    0x080016d0   0x080016d0   0x00000084   Code   RO          404    i.DGsend            datagram_stm.o
    0x08001754   0x08001754   0x00000124   Code   RO          405    i.DGsendToWaitAck   datagram_stm.o
    0x08001878   0x08001878   0x0000000c   Code   RO          406    i.DGsetHeaderData   datagram_stm.o
    0x08001884   0x08001884   0x0000000c   Code   RO          407    i.DGsetHeaderDestination  datagram_stm.o
    0x08001890   0x08001890   0x0000000c   Code   RO          408    i.DGsetHeaderFlags  datagram_stm.o
    0x0800189c   0x0800189c   0x0000000c   Code   RO          409    i.DGsetHeaderFrom   datagram_stm.o
    0x080018a8   0x080018a8   0x0000000c   Code   RO          410    i.DGsetHeaderHop    datagram_stm.o
    0x080018b4   0x080018b4   0x0000000c   Code   RO          411    i.DGsetHeaderSeqNum  datagram_stm.o
    0x080018c0   0x080018c0   0x0000000c   Code   RO          412    i.DGsetHeaderSource  datagram_stm.o
    0x080018cc   0x080018cc   0x0000000c   Code   RO          413    i.DGsetHeaderTo     datagram_stm.o
    0x080018d8   0x080018d8   0x0000000c   Code   RO          414    i.DGsetHeaderType   datagram_stm.o
    0x080018e4   0x080018e4   0x0000001c   Code   RO          415    i.DGsetThisAddress  datagram_stm.o
    0x08001900   0x08001900   0x00000002   Code   RO         2395    i.DMA1_Channel1_Event  dma_stm32f10x.o
    0x08001902   0x08001902   0x00000002   PAD
    0x08001904   0x08001904   0x0000001c   Code   RO         2396    i.DMA1_Channel1_IRQHandler  dma_stm32f10x.o
    0x08001920   0x08001920   0x00000002   Code   RO         2397    i.DMA1_Channel2_Event  dma_stm32f10x.o
    0x08001922   0x08001922   0x00000002   PAD
    0x08001924   0x08001924   0x0000001c   Code   RO         2398    i.DMA1_Channel2_IRQHandler  dma_stm32f10x.o
    0x08001940   0x08001940   0x00000002   Code   RO         2399    i.DMA1_Channel3_Event  dma_stm32f10x.o
    0x08001942   0x08001942   0x00000002   PAD
    0x08001944   0x08001944   0x0000001c   Code   RO         2400    i.DMA1_Channel3_IRQHandler  dma_stm32f10x.o
    0x08001960   0x08001960   0x00000002   Code   RO         2401    i.DMA1_Channel4_Event  dma_stm32f10x.o
    0x08001962   0x08001962   0x00000002   PAD
    0x08001964   0x08001964   0x0000001c   Code   RO         2402    i.DMA1_Channel4_IRQHandler  dma_stm32f10x.o
    0x08001980   0x08001980   0x00000002   Code   RO         2403    i.DMA1_Channel5_Event  dma_stm32f10x.o
    0x08001982   0x08001982   0x00000002   PAD
    0x08001984   0x08001984   0x0000001c   Code   RO         2404    i.DMA1_Channel5_IRQHandler  dma_stm32f10x.o
    0x080019a0   0x080019a0   0x00000002   Code   RO         2405    i.DMA1_Channel6_Event  dma_stm32f10x.o
    0x080019a2   0x080019a2   0x00000002   PAD
    0x080019a4   0x080019a4   0x0000001c   Code   RO         2406    i.DMA1_Channel6_IRQHandler  dma_stm32f10x.o
    0x080019c0   0x080019c0   0x00000002   Code   RO         2407    i.DMA1_Channel7_Event  dma_stm32f10x.o
    0x080019c2   0x080019c2   0x00000002   PAD
    0x080019c4   0x080019c4   0x0000001c   Code   RO         2408    i.DMA1_Channel7_IRQHandler  dma_stm32f10x.o
    0x080019e0   0x080019e0   0x00000088   Code   RO          708    i.GPIO_Configuration  main.o
    0x08001a68   0x08001a68   0x00000116   Code   RO         1053    i.GPIO_Init         stm32f10x_gpio.o
    0x08001b7e   0x08001b7e   0x00000012   Code   RO         1057    i.GPIO_ReadInputDataBit  stm32f10x_gpio.o
    0x08001b90   0x08001b90   0x00000004   Code   RO         1060    i.GPIO_ResetBits    stm32f10x_gpio.o
    0x08001b94   0x08001b94   0x00000004   Code   RO         1061    i.GPIO_SetBits      stm32f10x_gpio.o
    0x08001b98   0x08001b98   0x00000030   Code   RO          909    i.ITM_SendChar      retarget_io.o
    0x08001bc8   0x08001bc8   0x00000060   Code   RO          779    i.MyTimerInit       mytimer.o
    0x08001c28   0x08001c28   0x00000084   Code   RO          839    i.PrintfInit        printf.o
    0x08001cac   0x08001cac   0x00000020   Code   RO         1175    i.RCC_APB1PeriphClockCmd  stm32f10x_rcc.o
    0x08001ccc   0x08001ccc   0x00000020   Code   RO         1177    i.RCC_APB2PeriphClockCmd  stm32f10x_rcc.o
    0x08001cec   0x08001cec   0x0000000e   Code   RO          709    i.RCC_Configuration  main.o
    0x08001cfa   0x08001cfa   0x00000002   PAD
    0x08001cfc   0x08001cfc   0x000000d4   Code   RO         1185    i.RCC_GetClocksFreq  stm32f10x_rcc.o
    0x08001dd0   0x08001dd0   0x00000110   Code   RO          710    i.RS485_Write_Read  main.o
    0x08001ee0   0x08001ee0   0x00000018   Code   RO         1492    i.SPI_Cmd           stm32f10x_spi.o
    0x08001ef8   0x08001ef8   0x0000003c   Code   RO         1505    i.SPI_Init          stm32f10x_spi.o
    0x08001f34   0x08001f34   0x0000000c   Code   RO          869    i.SPIx_DisableSlave  spi.o
    0x08001f40   0x08001f40   0x00000094   Code   RO          871    i.SPIx_Init         spi.o
    0x08001fd4   0x08001fd4   0x0000003c   Code   RO          872    i.SPIx_Transfer     spi.o
    0x08002010   0x08002010   0x00000008   Code   RO         2594    i.SetSysClock       system_stm32f10x.o
    0x08002018   0x08002018   0x000000e0   Code   RO         2595    i.SetSysClockTo72   system_stm32f10x.o
    0x080020f8   0x080020f8   0x00000010   Code   RO          780    i.SysTick_Handler   mytimer.o
    0x08002108   0x08002108   0x00000060   Code   RO         2597    i.SystemInit        system_stm32f10x.o
    0x08002168   0x08002168   0x00000016   Code   RO          781    i.TIM2_IRQHandler   mytimer.o
    0x0800217e   0x0800217e   0x00000006   Code   RO         1654    i.TIM_ClearITPendingBit  stm32f10x_tim.o
    0x08002184   0x08002184   0x00000022   Code   RO         1680    i.TIM_GetITStatus   stm32f10x_tim.o
    0x080021a6   0x080021a6   0x00000002   PAD
    0x080021a8   0x080021a8   0x00000044   Code   RO          711    i.USART2_Configuration  main.o
    0x080021ec   0x080021ec   0x00000044   Code   RO          712    i.USART3_Configuration  main.o
    0x08002230   0x08002230   0x00000038   Code   RO          713    i.USART3_IRQHandler  main.o
    0x08002268   0x08002268   0x0000001e   Code   RO         2204    i.USART_ClearITPendingBit  stm32f10x_usart.o
    0x08002286   0x08002286   0x00000018   Code   RO         2207    i.USART_Cmd         stm32f10x_usart.o
    0x0800229e   0x0800229e   0x0000001a   Code   RO         2210    i.USART_GetFlagStatus  stm32f10x_usart.o
    0x080022b8   0x080022b8   0x00000054   Code   RO         2211    i.USART_GetITStatus  stm32f10x_usart.o
    0x0800230c   0x0800230c   0x0000004a   Code   RO         2213    i.USART_ITConfig    stm32f10x_usart.o
    0x08002356   0x08002356   0x00000002   PAD
    0x08002358   0x08002358   0x000000d8   Code   RO         2214    i.USART_Init        stm32f10x_usart.o
    0x08002430   0x08002430   0x0000000a   Code   RO         2221    i.USART_ReceiveData  stm32f10x_usart.o
    0x0800243a   0x0800243a   0x00000008   Code   RO         2224    i.USART_SendData    stm32f10x_usart.o
    0x08002442   0x08002442   0x00000026   Code   RO          910    i._sys_close        retarget_io.o
    0x08002468   0x08002468   0x00000024   Code   RO          911    i._sys_flen         retarget_io.o
    0x0800248c   0x0800248c   0x00000024   Code   RO          912    i._sys_istty        retarget_io.o
    0x080024b0   0x080024b0   0x00000068   Code   RO          913    i._sys_open         retarget_io.o
    0x08002518   0x08002518   0x0000002c   Code   RO          915    i._sys_seek         retarget_io.o
    0x08002544   0x08002544   0x00000058   Code   RO          916    i._sys_write        retarget_io.o
    0x0800259c   0x0800259c   0x00000018   Code   RO          782    i.delay             mytimer.o
    0x080025b4   0x080025b4   0x00000034   Code   RO            6    i.e_CheckReceiveFlag  cc1120.o
    0x080025e8   0x080025e8   0x00000018   Code   RO            7    i.e_DisableLNA      cc1120.o
    0x08002600   0x08002600   0x00000018   Code   RO            8    i.e_EnableLNA       cc1120.o
    0x08002618   0x08002618   0x00000030   Code   RO            9    i.e_GDO_Set         cc1120.o
    0x08002648   0x08002648   0x0000009c   Code   RO           10    i.e_Init            cc1120.o
    0x080026e4   0x080026e4   0x0000002e   Code   RO           13    i.e_Read8BitRssi    cc1120.o
    0x08002712   0x08002712   0x00000002   PAD
    0x08002714   0x08002714   0x000002ac   Code   RO           14    i.e_ReceiveData     cc1120.o
    0x080029c0   0x080029c0   0x00000182   Code   RO           15    i.e_RegConfigSettings  cc1120.o
    0x08002b42   0x08002b42   0x00000002   PAD
    0x08002b44   0x08002b44   0x00000078   Code   RO           16    i.e_Reset           cc1120.o
    0x08002bbc   0x08002bbc   0x00000188   Code   RO           17    i.e_SendData        cc1120.o
    0x08002d44   0x08002d44   0x000000d0   Code   RO           18    i.e_SetChannel      cc1120.o
    0x08002e14   0x08002e14   0x00000042   Code   RO           19    i.e_SetReceive      cc1120.o
    0x08002e56   0x08002e56   0x00000002   PAD
    0x08002e58   0x08002e58   0x0000006c   Code   RO           20    i.e_SpiInit         cc1120.o
    0x08002ec4   0x08002ec4   0x000000a8   Code   RO           21    i.e_SpiReadBurstReg  cc1120.o
    0x08002f6c   0x08002f6c   0x00000088   Code   RO           22    i.e_SpiReadReg      cc1120.o
    0x08002ff4   0x08002ff4   0x00000034   Code   RO           24    i.e_SpiStrobe       cc1120.o
    0x08003028   0x08003028   0x0000004c   Code   RO           25    i.e_SpiWriteBurstReg  cc1120.o
    0x08003074   0x08003074   0x0000007c   Code   RO           26    i.e_SpiWriteReg     cc1120.o
    0x080030f0   0x080030f0   0x0000000c   Code   RO           27    i.e_headerData      cc1120.o
    0x080030fc   0x080030fc   0x0000000c   Code   RO           28    i.e_headerDestination  cc1120.o
    0x08003108   0x08003108   0x0000000c   Code   RO           29    i.e_headerFlags     cc1120.o
    0x08003114   0x08003114   0x0000000c   Code   RO           30    i.e_headerFrom      cc1120.o
    0x08003120   0x08003120   0x0000000c   Code   RO           31    i.e_headerHop       cc1120.o
    0x0800312c   0x0800312c   0x0000000c   Code   RO           32    i.e_headerSeqNum    cc1120.o
    0x08003138   0x08003138   0x0000000c   Code   RO           33    i.e_headerSource    cc1120.o
    0x08003144   0x08003144   0x0000000c   Code   RO           34    i.e_headerTo        cc1120.o
    0x08003150   0x08003150   0x0000000c   Code   RO           35    i.e_headerType      cc1120.o
    0x0800315c   0x0800315c   0x0000000c   Code   RO           36    i.e_setHeaderData   cc1120.o
    0x08003168   0x08003168   0x0000000c   Code   RO           37    i.e_setHeaderDestination  cc1120.o
    0x08003174   0x08003174   0x0000000c   Code   RO           38    i.e_setHeaderFlags  cc1120.o
    0x08003180   0x08003180   0x0000000c   Code   RO           39    i.e_setHeaderFrom   cc1120.o
    0x0800318c   0x0800318c   0x0000000c   Code   RO           40    i.e_setHeaderHop    cc1120.o
    0x08003198   0x08003198   0x0000000c   Code   RO           41    i.e_setHeaderSeqNum  cc1120.o
    0x080031a4   0x080031a4   0x0000000c   Code   RO           42    i.e_setHeaderSource  cc1120.o
    0x080031b0   0x080031b0   0x0000000c   Code   RO           43    i.e_setHeaderTo     cc1120.o
    0x080031bc   0x080031bc   0x0000000c   Code   RO           44    i.e_setHeaderType   cc1120.o
    0x080031c8   0x080031c8   0x0000000c   Code   RO           46    i.e_setThisAddress  cc1120.o
    0x080031d4   0x080031d4   0x00000024   Code   RO          840    i.fputc             printf.o
    0x080031f8   0x080031f8   0x00001048   Code   RO          714    i.main              main.o
    0x08004240   0x08004240   0x0000000c   Code   RO          784    i.millis            mytimer.o
    0x0800424c   0x0800424c   0x00000028   Code   RO           48    i.rssi_dbm          cc1120.o
    0x08004274   0x08004274   0x0000000c   Code   RO          917    i.stderr_putchar    retarget_io.o
    0x08004280   0x08004280   0x0000000c   Code   RO          919    i.stdout_putchar    retarget_io.o
    0x0800428c   0x0800428c   0x00000062   Code   RO         2704    x$fpl$d2f           fz_ws.l(d2f.o)
    0x080042ee   0x080042ee   0x00000002   PAD
    0x080042f0   0x080042f0   0x00000150   Code   RO         2706    x$fpl$dadd          fz_ws.l(daddsub_clz.o)
    0x08004440   0x08004440   0x00000018   Code   RO         2752    x$fpl$dcmpinf       fz_ws.l(dcmpi.o)
    0x08004458   0x08004458   0x0000002e   Code   RO         2713    x$fpl$dflt          fz_ws.l(dflt_clz.o)
    0x08004486   0x08004486   0x00000026   Code   RO         2712    x$fpl$dfltu         fz_ws.l(dflt_clz.o)
    0x080044ac   0x080044ac   0x00000078   Code   RO         2718    x$fpl$dleqf         fz_ws.l(dleqf.o)
    0x08004524   0x08004524   0x00000154   Code   RO         2720    x$fpl$dmul          fz_ws.l(dmul.o)
    0x08004678   0x08004678   0x0000009c   Code   RO         2754    x$fpl$dnaninf       fz_ws.l(dnaninf.o)
    0x08004714   0x08004714   0x0000000c   Code   RO         2756    x$fpl$dretinf       fz_ws.l(dretinf.o)
    0x08004720   0x08004720   0x0000006c   Code   RO         2722    x$fpl$drleqf        fz_ws.l(drleqf.o)
    0x0800478c   0x0800478c   0x000001d4   Code   RO         2708    x$fpl$dsub          fz_ws.l(daddsub_clz.o)
    0x08004960   0x08004960   0x00000056   Code   RO         2724    x$fpl$f2d           fz_ws.l(f2d.o)
    0x080049b6   0x080049b6   0x00000002   PAD
    0x080049b8   0x080049b8   0x00000184   Code   RO         2727    x$fpl$fdiv          fz_ws.l(fdiv.o)
    0x08004b3c   0x08004b3c   0x00000036   Code   RO         2730    x$fpl$ffix          fz_ws.l(ffix.o)
    0x08004b72   0x08004b72   0x00000002   PAD
    0x08004b74   0x08004b74   0x00000102   Code   RO         2734    x$fpl$fmul          fz_ws.l(fmul.o)
    0x08004c76   0x08004c76   0x0000008c   Code   RO         2758    x$fpl$fnaninf       fz_ws.l(fnaninf.o)
    0x08004d02   0x08004d02   0x0000000a   Code   RO         2760    x$fpl$fretinf       fz_ws.l(fretinf.o)
    0x08004d0c   0x08004d0c   0x00000000   Code   RO         2762    x$fpl$usenofp       fz_ws.l(usenofp.o)
    0x08004d0c   0x08004d0c   0x00000017   Data   RO          920    .constdata          retarget_io.o
    0x08004d23   0x08004d23   0x00000028   Data   RO         2651    .constdata          c_w.l(_printf_hex_int.o)
    0x08004d4b   0x08004d4b   0x00000001   PAD
    0x08004d4c   0x08004d4c   0x0000008a   Data   RO           49    .conststring        cc1120.o
    0x08004dd6   0x08004dd6   0x00000002   PAD
    0x08004dd8   0x08004dd8   0x00000050   Data   RO          416    .conststring        datagram_stm.o
    0x08004e28   0x08004e28   0x00000020   Data   RO         3100    Region$$Table       anon$$obj.o


    Execution Region ER_RW (Exec base: 0x20000000, Load base: 0x08004e48, Size: 0x000000e8, Max: 0xffffffff, ABSOLUTE)

    Exec Addr    Load Addr    Size         Type   Attr      Idx    E Section Name        Object

    0x20000000   0x08004e48   0x00000017   Data   RW           50    .data               cc1120.o
    0x20000017   0x08004e5f   0x00000001   PAD
    0x20000018   0x08004e60   0x00000034   Data   RW          417    .data               datagram_stm.o
    0x2000004c   0x08004e94   0x00000061   Data   RW          716    .data               main.o
    0x200000ad   0x08004ef5   0x00000003   PAD
    0x200000b0   0x08004ef8   0x00000004   Data   RW          785    .data               mytimer.o
    0x200000b4   0x08004efc   0x00000014   Data   RW         1205    .data               stm32f10x_rcc.o
    0x200000c8   0x08004f10   0x00000014   Data   RW         2598    .data               system_stm32f10x.o
    0x200000dc   0x08004f24   0x00000004   Data   RW         2749    .data               c_w.l(stdio_streams.o)
    0x200000e0   0x08004f28   0x00000004   Data   RW         2750    .data               c_w.l(stdio_streams.o)
    0x200000e4   0x08004f2c   0x00000004   Data   RW         2751    .data               c_w.l(stdio_streams.o)


    Execution Region ER_ZI (Exec base: 0x200000e8, Load base: 0x08004f30, Size: 0x00000918, Max: 0xffffffff, ABSOLUTE)

    Exec Addr    Load Addr    Size         Type   Attr      Idx    E Section Name        Object

    0x200000e8        -       0x000001bc   Zero   RW          715    .bss                main.o
    0x200002a4        -       0x00000054   Zero   RW         2746    .bss                c_w.l(stdio_streams.o)
    0x200002f8        -       0x00000054   Zero   RW         2747    .bss                c_w.l(stdio_streams.o)
    0x2000034c        -       0x00000054   Zero   RW         2748    .bss                c_w.l(stdio_streams.o)
    0x200003a0        -       0x00000060   Zero   RW         2830    .bss                c_w.l(libspace.o)
    0x20000400        -       0x00000200   Zero   RW         2585    HEAP                startup_stm32f10x_md.o
    0x20000600        -       0x00000400   Zero   RW         2584    STACK               startup_stm32f10x_md.o


==============================================================================

Image component sizes


      Code (inc. data)   RO Data    RW Data    ZI Data      Debug   Object Name

      3138        578        138         23          0     281043   cc1120.o
      2860        722         80         52          0      26490   datagram_stm.o
       210         30          0          0          0       7259   dma_stm32f10x.o
      4782        664          0         97        444      11743   main.o
       170         24          0          4          0      27646   mytimer.o
       168         12          0          0          0       1165   printf.o
       418         30         23          0          0       6946   retarget_io.o
       220         18          0          0          0       1552   spi.o
        64         26        236          0       1536        860   startup_stm32f10x_md.o
       304          0          0          0          0       3876   stm32f10x_gpio.o
       276         32          0         20          0       4606   stm32f10x_rcc.o
        84          0          0          0          0       2285   stm32f10x_spi.o
        40          0          0          0          0       1902   stm32f10x_tim.o
       472          6          0          0          0       7159   stm32f10x_usart.o
       328         28          0         20          0       2485   system_stm32f10x.o

    ----------------------------------------------------------------------
     13560       2170        511        220       1980     387017   Object Totals
         0          0         32          0          0          0   (incl. Generated)
        26          0          2          4          0          0   (incl. Padding)

    ----------------------------------------------------------------------

      Code (inc. data)   RO Data    RW Data    ZI Data      Debug   Library Member Name

         8          0          0          0          0         68   __main.o
       104          0          0          0          0         84   __printf.o
         0          0          0          0          0          0   __rtentry.o
        12          0          0          0          0          0   __rtentry2.o
         6          0          0          0          0          0   __rtentry4.o
        52          8          0          0          0          0   __scatter.o
        26          0          0          0          0          0   __scatter_copy.o
        28          0          0          0          0          0   __scatter_zi.o
        48          6          0          0          0         96   _printf_char_common.o
        36          4          0          0          0         80   _printf_char_file.o
         6          0          0          0          0          0   _printf_d.o
       120         16          0          0          0         92   _printf_dec.o
        88          4         40          0          0         88   _printf_hex_int.o
       178          0          0          0          0         88   _printf_intcommon.o
         0          0          0          0          0          0   _printf_percent.o
         4          0          0          0          0          0   _printf_percent_end.o
         6          0          0          0          0          0   _printf_x.o
        10          0          0          0          0         68   defsig_exit.o
        50          0          0          0          0         88   defsig_general.o
        80         58          0          0          0         76   defsig_rtmem_inner.o
        14          0          0          0          0         80   defsig_rtmem_outer.o
        52         38          0          0          0         76   defsig_rtred_inner.o
        14          0          0          0          0         80   defsig_rtred_outer.o
        18          0          0          0          0         80   exit.o
        76          0          0          0          0         88   fclose.o
         8          0          0          0          0         68   ferror.o
       236          4          0          0          0        128   fopen.o
       248          6          0          0          0         84   fseek.o
        66          0          0          0          0         76   ftell.o
        94          0          0          0          0         80   h1_alloc.o
        52          0          0          0          0         68   h1_extend.o
        78          0          0          0          0         80   h1_free.o
        14          0          0          0          0         84   h1_init.o
         6          0          0          0          0        152   heapauxi.o
         4          0          0          0          0        136   hguard.o
         0          0          0          0          0          0   indicate_semi.o
       138          0          0          0          0        168   init_alloc.o
       312         46          0          0          0        112   initio.o
         2          0          0          0          0          0   libinit.o
        14          0          0          0          0          0   libinit2.o
         2          0          0          0          0          0   libshutdown.o
         6          0          0          0          0          0   libshutdown2.o
         8          4          0          0         96         68   libspace.o
         0          0          0          0          0          0   maybetermalloc1.o
        24          4          0          0          0         84   noretval__2printf.o
         8          4          0          0          0         68   rt_errno_addr_intlibspace.o
         8          4          0          0          0         68   rt_heap_descriptor_intlibspace.o
        78          0          0          0          0         80   rt_memclr_w.o
       138          0          0          0          0         68   rt_memcpy_v6.o
       100          0          0          0          0         80   rt_memcpy_w.o
         2          0          0          0          0          0   rtexit.o
        10          0          0          0          0          0   rtexit2.o
        70          0          0          0          0         80   setvbuf.o
       240          6          0          0          0        156   stdio.o
         0          0          0         12        252          0   stdio_streams.o
       128          0          0          0          0         68   strcmpv7m.o
        12          4          0          0          0         68   sys_exit.o
        74          0          0          0          0         80   sys_stackheap_outer.o
        14          0          0          0          0         76   sys_wrch.o
         2          0          0          0          0         68   use_no_semi.o
        98          4          0          0          0         92   d2f.o
       804         16          0          0          0        272   daddsub_clz.o
        24          0          0          0          0         68   dcmpi.o
        84          0          0          0          0        136   dflt_clz.o
       120          4          0          0          0         92   dleqf.o
       340         12          0          0          0        104   dmul.o
       156          4          0          0          0         92   dnaninf.o
        12          0          0          0          0         68   dretinf.o
       108          0          0          0          0         80   drleqf.o
        86          4          0          0          0         84   f2d.o
       388         76          0          0          0         96   fdiv.o
        54          4          0          0          0         84   ffix.o
       258          4          0          0          0         84   fmul.o
       140          4          0          0          0         84   fnaninf.o
        10          0          0          0          0         68   fretinf.o
         0          0          0          0          0          0   usenofp.o

    ----------------------------------------------------------------------
      5928        348         41         12        348       5084   Library Totals
        14          0          1          0          0          0   (incl. Padding)

    ----------------------------------------------------------------------

      Code (inc. data)   RO Data    RW Data    ZI Data      Debug   Library Name

      3232        216         40         12        348       3580   c_w.l
      2682        132          0          0          0       1504   fz_ws.l

    ----------------------------------------------------------------------
      5928        348         41         12        348       5084   Library Totals

    ----------------------------------------------------------------------

==============================================================================


      Code (inc. data)   RO Data    RW Data    ZI Data      Debug   

     19488       2518        552        232       2328     382321   Grand Totals
     19488       2518        552        232       2328     382321   ELF Image Totals
     19488       2518        552        232          0          0   ROM Totals

==============================================================================

    Total RO  Size (Code + RO Data)                20040 (  19.57kB)
    Total RW  Size (RW Data + ZI Data)              2560 (   2.50kB)
    Total ROM Size (Code + RO Data + RW Data)      20272 (  19.80kB)

==============================================================================

